#-----------------------------------------------------------
# Vivado v2022.2 (64-bit)
# SW Build 3671981 on Fri Oct 14 04:59:54 MDT 2022
# IP Build 3669848 on Fri Oct 14 08:30:02 MDT 2022
# Start of session at: Mon May 25 09:41:10 2026
# Process ID: 446724
# Current directory: /st/c2024/c4264/jikken/RISC/risc2/riscv-np/fpga
# Command line: vivado -mode tcl -source riscv.tcl
# Log file: /st/c2024/c4264/jikken/RISC/risc2/riscv-np/fpga/vivado.log
# Journal file: /st/c2024/c4264/jikken/RISC/risc2/riscv-np/fpga/vivado.jou
# Running On: st145, OS: Linux, CPU Frequency: 2200.000 MHz, CPU Physical cores: 4, Host memory: 16453 MB
#-----------------------------------------------------------
source riscv.tcl
# create_project riscv ./riscv -part xc7a100tcsg324-1 -force
# set_property board_part digilentinc.com:nexys4_ddr:part0:1.1 [current_project]
# import_files -norecurse {../np/riscv.v ../np/riscv.vh ../np/inst.vh ../np/alu.vh ../np/alu.v  ../np/daligner.v  ../np/dmem.v ../np/rf.v ../np/shift.v ../np/prog.mif ../np/data.mif }
# update_compile_order -fileset sources_1
# add_files -fileset constrs_1 -norecurse ./riscv.xdc
# import_files -fileset constrs_1 ./riscv.xdc
# launch_runs impl_1 -to_step write_bitstream -jobs 2
[Mon May 25 09:42:25 2026] Launched synth_1...
Run output will be captured here: /st/c2024/c4264/jikken/RISC/risc2/riscv-np/fpga/riscv/riscv.runs/synth_1/runme.log
[Mon May 25 09:42:25 2026] Launched impl_1...
Run output will be captured here: /st/c2024/c4264/jikken/RISC/risc2/riscv-np/fpga/riscv/riscv.runs/impl_1/runme.log
launch_runs: Time (s): cpu = 00:00:00.07 ; elapsed = 00:01:00 . Memory (MB): peak = 1759.594 ; gain = 24.812 ; free physical = 5327 ; free virtual = 10823
# wait_on_run impl_1
[Mon May 25 09:42:25 2026] Waiting for impl_1 to finish...

*** Running vivado
    with args -log riscv.vdi -applog -m64 -product Vivado -messageDb vivado.pb -mode batch -source riscv.tcl -notrace


****** Vivado v2022.2 (64-bit)
  **** SW Build 3671981 on Fri Oct 14 04:59:54 MDT 2022
  **** IP Build 3669848 on Fri Oct 14 08:30:02 MDT 2022
    ** Copyright 1986-2022 Xilinx, Inc. All Rights Reserved.

source riscv.tcl -notrace
Command: link_design -top riscv -part xc7a100tcsg324-1
Design is defaulting to srcset: sources_1
Design is defaulting to constrset: constrs_1
INFO: [Device 21-403] Loading part xc7a100tcsg324-1
Netlist sorting complete. Time (s): cpu = 00:00:00.02 ; elapsed = 00:00:00.01 . Memory (MB): peak = 2071.148 ; gain = 0.000 ; free physical = 5797 ; free virtual = 11299
INFO: [Netlist 29-17] Analyzing 5016 Unisim elements for replacement
INFO: [Netlist 29-28] Unisim Transformation completed in 5 CPU seconds
INFO: [Project 1-479] Netlist was created with Vivado 2022.2
INFO: [Project 1-570] Preparing netlist for logic optimization
Parsing XDC File [/st/c2024/c4264/jikken/RISC/risc2/riscv-np/fpga/riscv/riscv.srcs/constrs_1/imports/fpga/riscv.xdc]
Finished Parsing XDC File [/st/c2024/c4264/jikken/RISC/risc2/riscv-np/fpga/riscv/riscv.srcs/constrs_1/imports/fpga/riscv.xdc]
INFO: [Opt 31-138] Pushed 0 inverter(s) to 0 load pin(s).
Netlist sorting complete. Time (s): cpu = 00:00:00 ; elapsed = 00:00:00 . Memory (MB): peak = 2283.457 ; gain = 0.000 ; free physical = 5692 ; free virtual = 11173
INFO: [Project 1-111] Unisim Transformation Summary:
  A total of 4110 instances were transformed.
  RAM256X1S => RAM256X1S (MUXF7(x2), MUXF8, RAMS64E(x4)): 4096 instances
  RAM32M => RAM32M (RAMD32(x6), RAMS32(x2)): 10 instances
  RAM32X1D => RAM32X1D (RAMD32(x2)): 4 instances

7 Infos, 0 Warnings, 0 Critical Warnings and 0 Errors encountered.
link_design completed successfully
link_design: Time (s): cpu = 00:00:11 ; elapsed = 00:00:53 . Memory (MB): peak = 2283.457 ; gain = 560.223 ; free physical = 5692 ; free virtual = 11173
Command: opt_design
Attempting to get a license for feature 'Implementation' and/or device 'xc7a100t'
INFO: [Common 17-349] Got license for feature 'Implementation' and/or device 'xc7a100t'
Running DRC as a precondition to command opt_design

Starting DRC Task
INFO: [DRC 23-27] Running DRC with 8 threads
INFO: [Project 1-461] DRC finished with 0 Errors
INFO: [Project 1-462] Please refer to the DRC report (report_drc) for more information.

Time (s): cpu = 00:00:00.85 ; elapsed = 00:00:00.46 . Memory (MB): peak = 2385.145 ; gain = 101.688 ; free physical = 5687 ; free virtual = 11166

Starting Cache Timing Information Task
