#-----------------------------------------------------------
# Vivado v2022.2 (64-bit)
# SW Build 3671981 on Fri Oct 14 04:59:54 MDT 2022
# IP Build 3669848 on Fri Oct 14 08:30:02 MDT 2022
# Start of session at: Mon May 25 09:45:53 2026
# Process ID: 447577
# Current directory: /st/c2024/c4264/jikken/RISC/risc2/riscv-np/fpga
# Command line: vivado -mode tcl -source riscv.tcl
# Log file: /st/c2024/c4264/jikken/RISC/risc2/riscv-np/fpga/vivado.log
# Journal file: /st/c2024/c4264/jikken/RISC/risc2/riscv-np/fpga/vivado.jou
# Running On: st145, OS: Linux, CPU Frequency: 2200.000 MHz, CPU Physical cores: 4, Host memory: 16453 MB
#-----------------------------------------------------------
source riscv.tcl
# create_project riscv ./riscv -part xc7a100tcsg324-1 -force
# set_property board_part digilentinc.com:nexys4_ddr:part0:1.1 [current_project]
# import_files -norecurse {../np/riscv.v ../np/riscv.vh ../np/inst.vh ../np/alu.vh ../np/alu.v  ../np/daligner.v  ../np/dmem.v ../np/rf.v ../np/shift.v ../np/prog.mif ../np/data.mif }
# update_compile_order -fileset sources_1
# add_files -fileset constrs_1 -norecurse ./riscv.xdc
# import_files -fileset constrs_1 ./riscv.xdc
# launch_runs impl_1 -to_step write_bitstream -jobs 2
[Mon May 25 09:47:07 2026] Launched synth_1...
Run output will be captured here: /st/c2024/c4264/jikken/RISC/risc2/riscv-np/fpga/riscv/riscv.runs/synth_1/runme.log
[Mon May 25 09:47:07 2026] Launched impl_1...
Run output will be captured here: /st/c2024/c4264/jikken/RISC/risc2/riscv-np/fpga/riscv/riscv.runs/impl_1/runme.log
launch_runs: Time (s): cpu = 00:00:00.07 ; elapsed = 00:01:00 . Memory (MB): peak = 1758.863 ; gain = 23.812 ; free physical = 5544 ; free virtual = 10995
# wait_on_run impl_1
[Mon May 25 09:47:07 2026] Waiting for impl_1 to finish...

*** Running vivado
    with args -log riscv.vdi -applog -m64 -product Vivado -messageDb vivado.pb -mode batch -source riscv.tcl -notrace


****** Vivado v2022.2 (64-bit)
  **** SW Build 3671981 on Fri Oct 14 04:59:54 MDT 2022
  **** IP Build 3669848 on Fri Oct 14 08:30:02 MDT 2022
    ** Copyright 1986-2022 Xilinx, Inc. All Rights Reserved.

source riscv.tcl -notrace
Command: link_design -top riscv -part xc7a100tcsg324-1
Design is defaulting to srcset: sources_1
Design is defaulting to constrset: constrs_1
INFO: [Device 21-403] Loading part xc7a100tcsg324-1
Netlist sorting complete. Time (s): cpu = 00:00:00.02 ; elapsed = 00:00:00.02 . Memory (MB): peak = 2070.527 ; gain = 0.000 ; free physical = 5973 ; free virtual = 11420
INFO: [Netlist 29-17] Analyzing 5016 Unisim elements for replacement
INFO: [Netlist 29-28] Unisim Transformation completed in 5 CPU seconds
INFO: [Project 1-479] Netlist was created with Vivado 2022.2
INFO: [Project 1-570] Preparing netlist for logic optimization
Parsing XDC File [/st/c2024/c4264/jikken/RISC/risc2/riscv-np/fpga/riscv/riscv.srcs/constrs_1/imports/fpga/riscv.xdc]
Finished Parsing XDC File [/st/c2024/c4264/jikken/RISC/risc2/riscv-np/fpga/riscv/riscv.srcs/constrs_1/imports/fpga/riscv.xdc]
INFO: [Opt 31-138] Pushed 0 inverter(s) to 0 load pin(s).
Netlist sorting complete. Time (s): cpu = 00:00:00.01 ; elapsed = 00:00:00 . Memory (MB): peak = 2282.867 ; gain = 0.000 ; free physical = 5829 ; free virtual = 11276
INFO: [Project 1-111] Unisim Transformation Summary:
  A total of 4110 instances were transformed.
  RAM256X1S => RAM256X1S (MUXF7(x2), MUXF8, RAMS64E(x4)): 4096 instances
  RAM32M => RAM32M (RAMD32(x6), RAMS32(x2)): 10 instances
  RAM32X1D => RAM32X1D (RAMD32(x2)): 4 instances

7 Infos, 0 Warnings, 0 Critical Warnings and 0 Errors encountered.
link_design completed successfully
link_design: Time (s): cpu = 00:00:11 ; elapsed = 00:00:53 . Memory (MB): peak = 2282.867 ; gain = 559.316 ; free physical = 5829 ; free virtual = 11276
Command: opt_design
Attempting to get a license for feature 'Implementation' and/or device 'xc7a100t'
INFO: [Common 17-349] Got license for feature 'Implementation' and/or device 'xc7a100t'
Running DRC as a precondition to command opt_design

Starting DRC Task
INFO: [DRC 23-27] Running DRC with 8 threads
INFO: [Project 1-461] DRC finished with 0 Errors
INFO: [Project 1-462] Please refer to the DRC report (report_drc) for more information.

Time (s): cpu = 00:00:00.86 ; elapsed = 00:00:00.46 . Memory (MB): peak = 2383.555 ; gain = 100.688 ; free physical = 5810 ; free virtual = 11257

Starting Cache Timing Information Task
INFO: [Timing 38-35] Done setting XDC timing constraints.
Ending Cache Timing Information Task | Checksum: 1a3923d7a

Time (s): cpu = 00:00:05 ; elapsed = 00:00:04 . Memory (MB): peak = 2849.383 ; gain = 465.828 ; free physical = 5364 ; free virtual = 10841

Starting Logic Optimization Task

Phase 1 Retarget
INFO: [Opt 31-138] Pushed 0 inverter(s) to 0 load pin(s).
INFO: [Opt 31-49] Retargeted 0 cell(s).
Phase 1 Retarget | Checksum: 1a3923d7a

Time (s): cpu = 00:00:02 ; elapsed = 00:00:00.45 . Memory (MB): peak = 3126.273 ; gain = 0.000 ; free physical = 5172 ; free virtual = 10642
INFO: [Opt 31-389] Phase Retarget created 0 cells and removed 0 cells

Phase 2 Constant propagation
INFO: [Opt 31-138] Pushed 0 inverter(s) to 0 load pin(s).
Phase 2 Constant propagation | Checksum: 1ddf65bc4

Time (s): cpu = 00:00:02 ; elapsed = 00:00:00.48 . Memory (MB): peak = 3126.273 ; gain = 0.000 ; free physical = 5172 ; free virtual = 10642
INFO: [Opt 31-389] Phase Constant propagation created 0 cells and removed 0 cells

Phase 3 Sweep
Phase 3 Sweep | Checksum: 19a28554d

Time (s): cpu = 00:00:02 ; elapsed = 00:00:00.57 . Memory (MB): peak = 3126.273 ; gain = 0.000 ; free physical = 5172 ; free virtual = 10642
INFO: [Opt 31-389] Phase Sweep created 0 cells and removed 0 cells

Phase 4 BUFG optimization
Phase 4 BUFG optimization | Checksum: 19a28554d

Time (s): cpu = 00:00:02 ; elapsed = 00:00:00.79 . Memory (MB): peak = 3158.289 ; gain = 32.016 ; free physical = 5169 ; free virtual = 10639
INFO: [Opt 31-662] Phase BUFG optimization created 0 cells of which 0 are BUFGs and removed 0 cells.

Phase 5 Shift Register Optimization
INFO: [Opt 31-1064] SRL Remap converted 0 SRLs to 0 registers and converted 0 registers of register chains to 0 SRLs
Phase 5 Shift Register Optimization | Checksum: 19a28554d

Time (s): cpu = 00:00:02 ; elapsed = 00:00:00.8 . Memory (MB): peak = 3158.289 ; gain = 32.016 ; free physical = 5169 ; free virtual = 10639
INFO: [Opt 31-389] Phase Shift Register Optimization created 0 cells and removed 0 cells

Phase 6 Post Processing Netlist
Phase 6 Post Processing Netlist | Checksum: 19a28554d

Time (s): cpu = 00:00:02 ; elapsed = 00:00:00.84 . Memory (MB): peak = 3158.289 ; gain = 32.016 ; free physical = 5169 ; free virtual = 10639
INFO: [Opt 31-389] Phase Post Processing Netlist created 0 cells and removed 0 cells
Opt_design Change Summary
=========================


-------------------------------------------------------------------------------------------------------------------------
|  Phase                        |  #Cells created  |  #Cells Removed  |  #Constrained objects preventing optimizations  |
-------------------------------------------------------------------------------------------------------------------------
|  Retarget                     |               0  |               0  |                                              0  |
|  Constant propagation         |               0  |               0  |                                              0  |
|  Sweep                        |               0  |               0  |                                              0  |
|  BUFG optimization            |               0  |               0  |                                              0  |
|  Shift Register Optimization  |               0  |               0  |                                              0  |
|  Post Processing Netlist      |               0  |               0  |                                              0  |
-------------------------------------------------------------------------------------------------------------------------



Starting Connectivity Check Task

Time (s): cpu = 00:00:00 ; elapsed = 00:00:00.01 . Memory (MB): peak = 3158.289 ; gain = 0.000 ; free physical = 5169 ; free virtual = 10639
Ending Logic Optimization Task | Checksum: 2203a06bc

Time (s): cpu = 00:00:02 ; elapsed = 00:00:00.87 . Memory (MB): peak = 3158.289 ; gain = 32.016 ; free physical = 5169 ; free virtual = 10639

Starting Power Optimization Task
INFO: [Pwropt 34-132] Skipping clock gating for clocks with a period < 2.00 ns.
Ending Power Optimization Task | Checksum: 2203a06bc

Time (s): cpu = 00:00:00.01 ; elapsed = 00:00:00.02 . Memory (MB): peak = 3158.289 ; gain = 0.000 ; free physical = 5169 ; free virtual = 10639

Starting Final Cleanup Task
Ending Final Cleanup Task | Checksum: 2203a06bc

Time (s): cpu = 00:00:00.01 ; elapsed = 00:00:00 . Memory (MB): peak = 3158.289 ; gain = 0.000 ; free physical = 5169 ; free virtual = 10639

Starting Netlist Obfuscation Task
Netlist sorting complete. Time (s): cpu = 00:00:00 ; elapsed = 00:00:00.01 . Memory (MB): peak = 3158.289 ; gain = 0.000 ; free physical = 5169 ; free virtual = 10639
Ending Netlist Obfuscation Task | Checksum: 2203a06bc

Time (s): cpu = 00:00:00 ; elapsed = 00:00:00.01 . Memory (MB): peak = 3158.289 ; gain = 0.000 ; free physical = 5169 ; free virtual = 10639
INFO: [Common 17-83] Releasing license: Implementation
24 Infos, 0 Warnings, 0 Critical Warnings and 0 Errors encountered.
opt_design completed successfully
opt_design: Time (s): cpu = 00:00:10 ; elapsed = 00:00:07 . Memory (MB): peak = 3158.289 ; gain = 875.422 ; free physical = 5169 ; free virtual = 10639
INFO: [Timing 38-480] Writing timing data to binary archive.
Writing XDEF routing.
Writing XDEF routing logical nets.
Writing XDEF routing special nets.
Write XDEF Complete: Time (s): cpu = 00:00:00.19 ; elapsed = 00:00:00.05 . Memory (MB): peak = 3166.293 ; gain = 0.000 ; free physical = 5156 ; free virtual = 10627
INFO: [Common 17-1381] The checkpoint '/st/c2024/c4264/jikken/RISC/risc2/riscv-np/fpga/riscv/riscv.runs/impl_1/riscv_opt.dcp' has been generated.
INFO: [runtcl-4] Executing : report_drc -file riscv_drc_opted.rpt -pb riscv_drc_opted.pb -rpx riscv_drc_opted.rpx
Command: report_drc -file riscv_drc_opted.rpt -pb riscv_drc_opted.pb -rpx riscv_drc_opted.rpx
INFO: [IP_Flow 19-234] Refreshing IP repositories
INFO: [IP_Flow 19-1704] No user IP repositories specified
INFO: [IP_Flow 19-2313] Loaded Vivado IP repository '/opt/xilinx/Vivado/2022.2/data/ip'.
INFO: [DRC 23-27] Running DRC with 8 threads
INFO: [Vivado_Tcl 2-168] The results of DRC are in file /st/c2024/c4264/jikken/RISC/risc2/riscv-np/fpga/riscv/riscv.runs/impl_1/riscv_drc_opted.rpt.
report_drc completed successfully
Command: place_design
Attempting to get a license for feature 'Implementation' and/or device 'xc7a100t'
INFO: [Common 17-349] Got license for feature 'Implementation' and/or device 'xc7a100t'
INFO: [DRC 23-27] Running DRC with 8 threads
INFO: [Vivado_Tcl 4-198] DRC finished with 0 Errors
INFO: [Vivado_Tcl 4-199] Please refer to the DRC report (report_drc) for more information.
Running DRC as a precondition to command place_design
INFO: [DRC 23-27] Running DRC with 8 threads
INFO: [Vivado_Tcl 4-198] DRC finished with 0 Errors
INFO: [Vivado_Tcl 4-199] Please refer to the DRC report (report_drc) for more information.

Starting Placer Task
INFO: [Place 30-611] Multithreading enabled for place_design using a maximum of 8 CPUs

Phase 1 Placer Initialization

Phase 1.1 Placer Initialization Netlist Sorting
Netlist sorting complete. Time (s): cpu = 00:00:00.01 ; elapsed = 00:00:00 . Memory (MB): peak = 3270.344 ; gain = 0.000 ; free physical = 5044 ; free virtual = 10516
Phase 1.1 Placer Initialization Netlist Sorting | Checksum: 1741f30f9

Time (s): cpu = 00:00:00.01 ; elapsed = 00:00:00.03 . Memory (MB): peak = 3270.344 ; gain = 0.000 ; free physical = 5044 ; free virtual = 10516
Netlist sorting complete. Time (s): cpu = 00:00:00 ; elapsed = 00:00:00 . Memory (MB): peak = 3270.344 ; gain = 0.000 ; free physical = 5044 ; free virtual = 10516

Phase 1.2 IO Placement/ Clock Placement/ Build Placer Device
INFO: [Timing 38-35] Done setting XDC timing constraints.
Phase 1.2 IO Placement/ Clock Placement/ Build Placer Device | Checksum: 12c978abf

Time (s): cpu = 00:00:03 ; elapsed = 00:00:01 . Memory (MB): peak = 3270.344 ; gain = 0.000 ; free physical = 4946 ; free virtual = 10417

Phase 1.3 Build Placer Netlist Model
Phase 1.3 Build Placer Netlist Model | Checksum: 225ffa059

Time (s): cpu = 00:00:12 ; elapsed = 00:00:06 . Memory (MB): peak = 3322.957 ; gain = 52.613 ; free physical = 4884 ; free virtual = 10342

Phase 1.4 Constrain Clocks/Macros
Phase 1.4 Constrain Clocks/Macros | Checksum: 225ffa059

Time (s): cpu = 00:00:12 ; elapsed = 00:00:06 . Memory (MB): peak = 3322.957 ; gain = 52.613 ; free physical = 4884 ; free virtual = 10342
Phase 1 Placer Initialization | Checksum: 225ffa059

Time (s): cpu = 00:00:12 ; elapsed = 00:00:06 . Memory (MB): peak = 3322.957 ; gain = 52.613 ; free physical = 4884 ; free virtual = 10342

Phase 2 Global Placement

Phase 2.1 Floorplanning
Phase 2.1 Floorplanning | Checksum: 197b96966

Time (s): cpu = 00:00:15 ; elapsed = 00:00:08 . Memory (MB): peak = 3384.934 ; gain = 114.590 ; free physical = 4869 ; free virtual = 10318

Phase 2.2 Update Timing before SLR Path Opt
Phase 2.2 Update Timing before SLR Path Opt | Checksum: 199285d11

Time (s): cpu = 00:00:17 ; elapsed = 00:00:09 . Memory (MB): peak = 3384.934 ; gain = 114.590 ; free physical = 4857 ; free virtual = 10313

Phase 2.3 Post-Processing in Floorplanning
Phase 2.3 Post-Processing in Floorplanning | Checksum: 199285d11

Time (s): cpu = 00:00:17 ; elapsed = 00:00:09 . Memory (MB): peak = 3384.934 ; gain = 114.590 ; free physical = 4857 ; free virtual = 10313

Phase 2.4 Global Placement Core

Phase 2.4.1 UpdateTiming Before Physical Synthesis
Phase 2.4.1 UpdateTiming Before Physical Synthesis | Checksum: 13dcf300d

Time (s): cpu = 00:00:43 ; elapsed = 00:00:18 . Memory (MB): peak = 3384.934 ; gain = 114.590 ; free physical = 4833 ; free virtual = 10288

Phase 2.4.2 Physical Synthesis In Placer
INFO: [Physopt 32-1035] Found 7 LUTNM shape to break, 287 LUT instances to create LUTNM shape
INFO: [Physopt 32-1044] Break lutnm for timing: one critical 4, two critical 3, total 7, new lutff created 0
INFO: [Physopt 32-1138] End 1 Pass. Optimized 116 nets or LUTs. Breaked 7 LUTs, combined 109 existing LUTs and moved 0 existing LUT
INFO: [Physopt 32-76] Pass 1. Identified 10 candidate nets for fanout optimization.
INFO: [Physopt 32-81] Processed net EX_MEM_ALU_RESULT[10]. Replicated 2 times.
INFO: [Physopt 32-81] Processed net EX_MEM_ALU_RESULT[11]. Replicated 2 times.
INFO: [Physopt 32-81] Processed net EX_MEM_ALU_RESULT[2]. Replicated 8 times.
INFO: [Physopt 32-81] Processed net EX_MEM_ALU_RESULT[3]. Replicated 8 times.
INFO: [Physopt 32-81] Processed net EX_MEM_ALU_RESULT[4]. Replicated 8 times.
INFO: [Physopt 32-81] Processed net EX_MEM_ALU_RESULT[5]. Replicated 8 times.
INFO: [Physopt 32-81] Processed net EX_MEM_ALU_RESULT[6]. Replicated 15 times.
INFO: [Physopt 32-81] Processed net EX_MEM_ALU_RESULT[7]. Replicated 8 times.
INFO: [Physopt 32-81] Processed net EX_MEM_ALU_RESULT[8]. Replicated 14 times.
INFO: [Physopt 32-81] Processed net EX_MEM_ALU_RESULT[9]. Replicated 8 times.
INFO: [Physopt 32-232] Optimized 10 nets. Created 8 new instances.
INFO: [Physopt 32-775] End 1 Pass. Optimized 10 nets or cells. Created 8 new cells, deleted 0 existing cell and moved 0 existing cell
Netlist sorting complete. Time (s): cpu = 00:00:00.05 ; elapsed = 00:00:00.05 . Memory (MB): peak = 3384.934 ; gain = 0.000 ; free physical = 4871 ; free virtual = 10302
INFO: [Physopt 32-456] No candidate cells for DSP register optimization found in the design.
INFO: [Physopt 32-775] End 2 Pass. Optimized 0 net or cell. Created 0 new cell, deleted 0 existing cell and moved 0 existing cell
INFO: [Physopt 32-1123] No candidate cells found for Shift Register to Pipeline optimization
INFO: [Physopt 32-775] End 2 Pass. Optimized 0 net or cell. Created 0 new cell, deleted 0 existing cell and moved 0 existing cell
INFO: [Physopt 32-677] No candidate cells for Shift Register optimization found in the design
INFO: [Physopt 32-775] End 1 Pass. Optimized 0 net or cell. Created 0 new cell, deleted 0 existing cell and moved 0 existing cell
INFO: [Physopt 32-526] No candidate cells for BRAM register optimization found in the design
INFO: [Physopt 32-775] End 1 Pass. Optimized 0 net or cell. Created 0 new cell, deleted 0 existing cell and moved 0 existing cell
INFO: [Physopt 32-846] No candidate cells for URAM register optimization found in the design
INFO: [Physopt 32-775] End 2 Pass. Optimized 0 net or cell. Created 0 new cell, deleted 0 existing cell and moved 0 existing cell
INFO: [Physopt 32-949] No candidate nets found for dynamic/static region interface net replication
INFO: [Physopt 32-775] End 1 Pass. Optimized 0 net or cell. Created 0 new cell, deleted 0 existing cell and moved 0 existing cell
Netlist sorting complete. Time (s): cpu = 00:00:00 ; elapsed = 00:00:00 . Memory (MB): peak = 3384.934 ; gain = 0.000 ; free physical = 4868 ; free virtual = 10301
INFO: [Physopt 32-68] No nets found for critical-cell optimization.
INFO: [Physopt 32-232] Optimized 0 net. Created 0 new instance.
INFO: [Physopt 32-775] End 1 Pass. Optimized 0 net or cell. Created 0 new cell, deleted 0 existing cell and moved 0 existing cell
Netlist sorting complete. Time (s): cpu = 00:00:00.01 ; elapsed = 00:00:00.01 . Memory (MB): peak = 3384.934 ; gain = 0.000 ; free physical = 4869 ; free virtual = 10302

Summary of Physical Synthesis Optimizations
============================================


-----------------------------------------------------------------------------------------------------------------------------------------------------------
|  Optimization                                     |  Added Cells  |  Removed Cells  |  Optimized Cells/Nets  |  Dont Touch  |  Iterations  |  Elapsed   |
-----------------------------------------------------------------------------------------------------------------------------------------------------------
|  LUT Combining                                    |            7  |            109  |                   116  |           0  |           1  |  00:00:00  |
|  Retime                                           |            0  |              0  |                     0  |           0  |           1  |  00:00:00  |
|  Very High Fanout                                 |            8  |              0  |                    10  |           0  |           1  |  00:00:11  |
|  DSP Register                                     |            0  |              0  |                     0  |           0  |           1  |  00:00:00  |
|  Shift Register to Pipeline                       |            0  |              0  |                     0  |           0  |           1  |  00:00:00  |
|  Shift Register                                   |            0  |              0  |                     0  |           0  |           1  |  00:00:00  |
|  BRAM Register                                    |            0  |              0  |                     0  |           0  |           1  |  00:00:00  |
|  URAM Register                                    |            0  |              0  |                     0  |           0  |           1  |  00:00:00  |
|  Dynamic/Static Region Interface Net Replication  |            0  |              0  |                     0  |           0  |           1  |  00:00:00  |
|  Critical Cell                                    |            0  |              0  |                     0  |           0  |           1  |  00:00:00  |
|  Total                                            |           15  |            109  |                   126  |           0  |          10  |  00:00:12  |
-----------------------------------------------------------------------------------------------------------------------------------------------------------


Phase 2.4.2 Physical Synthesis In Placer | Checksum: f4c474ba

Time (s): cpu = 00:00:57 ; elapsed = 00:00:32 . Memory (MB): peak = 3384.934 ; gain = 114.590 ; free physical = 4874 ; free virtual = 10307
Phase 2.4 Global Placement Core | Checksum: 11b2837b8

Time (s): cpu = 00:00:59 ; elapsed = 00:00:32 . Memory (MB): peak = 3384.934 ; gain = 114.590 ; free physical = 4873 ; free virtual = 10305
Phase 2 Global Placement | Checksum: 11b2837b8

Time (s): cpu = 00:00:59 ; elapsed = 00:00:32 . Memory (MB): peak = 3384.934 ; gain = 114.590 ; free physical = 4878 ; free virtual = 10310

Phase 3 Detail Placement

Phase 3.1 Commit Multi Column Macros
Phase 3.1 Commit Multi Column Macros | Checksum: c6fffc1c

Time (s): cpu = 00:01:02 ; elapsed = 00:00:33 . Memory (MB): peak = 3384.934 ; gain = 114.590 ; free physical = 4838 ; free virtual = 10309

Phase 3.2 Commit Most Macros & LUTRAMs
Phase 3.2 Commit Most Macros & LUTRAMs | Checksum: b5d12eb8

Time (s): cpu = 00:01:27 ; elapsed = 00:00:51 . Memory (MB): peak = 3384.934 ; gain = 114.590 ; free physical = 4839 ; free virtual = 10297

Phase 3.3 Area Swap Optimization
Phase 3.3 Area Swap Optimization | Checksum: 129010702

Time (s): cpu = 00:01:28 ; elapsed = 00:00:51 . Memory (MB): peak = 3384.934 ; gain = 114.590 ; free physical = 4839 ; free virtual = 10298

Phase 3.4 Pipeline Register Optimization
Phase 3.4 Pipeline Register Optimization | Checksum: cee921d2

Time (s): cpu = 00:01:28 ; elapsed = 00:00:51 . Memory (MB): peak = 3384.934 ; gain = 114.590 ; free physical = 4839 ; free virtual = 10298

Phase 3.5 Fast Optimization
Phase 3.5 Fast Optimization | Checksum: 184e3101b

Time (s): cpu = 00:01:39 ; elapsed = 00:00:54 . Memory (MB): peak = 3384.934 ; gain = 114.590 ; free physical = 4845 ; free virtual = 10298

Phase 3.6 Small Shape Detail Placement
Phase 3.6 Small Shape Detail Placement | Checksum: 5f74353e

Time (s): cpu = 00:01:41 ; elapsed = 00:00:55 . Memory (MB): peak = 3384.934 ; gain = 114.590 ; free physical = 4861 ; free virtual = 10303

Phase 3.7 Re-assign LUT pins
Phase 3.7 Re-assign LUT pins | Checksum: 587b0387

Time (s): cpu = 00:01:41 ; elapsed = 00:00:55 . Memory (MB): peak = 3384.934 ; gain = 114.590 ; free physical = 4863 ; free virtual = 10306

Phase 3.8 Pipeline Register Optimization
Phase 3.8 Pipeline Register Optimization | Checksum: 1089d1a90

Time (s): cpu = 00:01:41 ; elapsed = 00:00:55 . Memory (MB): peak = 3384.934 ; gain = 114.590 ; free physical = 4863 ; free virtual = 10306
Phase 3 Detail Placement | Checksum: 1089d1a90

Time (s): cpu = 00:01:41 ; elapsed = 00:00:55 . Memory (MB): peak = 3384.934 ; gain = 114.590 ; free physical = 4865 ; free virtual = 10307

Phase 4 Post Placement Optimization and Clean-Up

Phase 4.1 Post Commit Optimization
INFO: [Timing 38-35] Done setting XDC timing constraints.

Phase 4.1.1 Post Placement Optimization
Post Placement Optimization Initialization | Checksum: 17405ad23

Phase 4.1.1.1 BUFG Insertion

Starting Physical Synthesis Task

Phase 1 Physical Synthesis Initialization
INFO: [Physopt 32-721] Multithreading enabled for phys_opt_design using a maximum of 8 CPUs
INFO: [Physopt 32-619] Estimated Timing Summary | WNS=-0.804 | TNS=-88.499 |
Phase 1 Physical Synthesis Initialization | Checksum: 16f5720d2

Time (s): cpu = 00:00:02 ; elapsed = 00:00:01 . Memory (MB): peak = 3414.730 ; gain = 0.000 ; free physical = 4892 ; free virtual = 10335
INFO: [Place 46-56] BUFG insertion identified 0 candidate nets. Inserted BUFG: 0, Replicated BUFG Driver: 0, Skipped due to Placement/Routing Conflicts: 0, Skipped due to Timing Degradation: 0, Skipped due to Illegal Netlist: 0.
Ending Physical Synthesis Task | Checksum: 134fa1b88

Time (s): cpu = 00:00:03 ; elapsed = 00:00:01 . Memory (MB): peak = 3414.730 ; gain = 0.000 ; free physical = 4892 ; free virtual = 10334
Phase 4.1.1.1 BUFG Insertion | Checksum: 17405ad23

Time (s): cpu = 00:01:54 ; elapsed = 00:01:00 . Memory (MB): peak = 3414.730 ; gain = 144.387 ; free physical = 4891 ; free virtual = 10334

Phase 4.1.1.2 Post Placement Timing Optimization
INFO: [Place 30-746] Post Placement Timing Summary WNS=0.504. For the most accurate timing information please run report_timing.
Phase 4.1.1.2 Post Placement Timing Optimization | Checksum: 17990bd34

Time (s): cpu = 00:01:56 ; elapsed = 00:01:02 . Memory (MB): peak = 3414.730 ; gain = 144.387 ; free physical = 4866 ; free virtual = 10323

Time (s): cpu = 00:01:56 ; elapsed = 00:01:02 . Memory (MB): peak = 3414.730 ; gain = 144.387 ; free physical = 4866 ; free virtual = 10323
Phase 4.1 Post Commit Optimization | Checksum: 17990bd34

Time (s): cpu = 00:01:56 ; elapsed = 00:01:02 . Memory (MB): peak = 3414.730 ; gain = 144.387 ; free physical = 4866 ; free virtual = 10323

Phase 4.2 Post Placement Cleanup
Phase 4.2 Post Placement Cleanup | Checksum: 17990bd34

Time (s): cpu = 00:01:57 ; elapsed = 00:01:03 . Memory (MB): peak = 3414.730 ; gain = 144.387 ; free physical = 4865 ; free virtual = 10322

Phase 4.3 Placer Reporting

Phase 4.3.1 Print Estimated Congestion
INFO: [Place 30-612] Post-Placement Estimated Congestion 
 ____________________________________________________
|           | Global Congestion | Short Congestion  |
| Direction | Region Size       | Region Size       |
|___________|___________________|___________________|
|      North|                1x1|                2x2|
|___________|___________________|___________________|
|      South|                1x1|                4x4|
|___________|___________________|___________________|
|       East|                1x1|                1x1|
|___________|___________________|___________________|
|       West|                1x1|                2x2|
|___________|___________________|___________________|

Phase 4.3.1 Print Estimated Congestion | Checksum: 17990bd34

Time (s): cpu = 00:01:57 ; elapsed = 00:01:03 . Memory (MB): peak = 3414.730 ; gain = 144.387 ; free physical = 4865 ; free virtual = 10322
Phase 4.3 Placer Reporting | Checksum: 17990bd34

Time (s): cpu = 00:01:57 ; elapsed = 00:01:03 . Memory (MB): peak = 3414.730 ; gain = 144.387 ; free physical = 4865 ; free virtual = 10322

Phase 4.4 Final Placement Cleanup
Netlist sorting complete. Time (s): cpu = 00:00:00.01 ; elapsed = 00:00:00.01 . Memory (MB): peak = 3414.730 ; gain = 0.000 ; free physical = 4865 ; free virtual = 10322

Time (s): cpu = 00:01:57 ; elapsed = 00:01:03 . Memory (MB): peak = 3414.730 ; gain = 144.387 ; free physical = 4865 ; free virtual = 10322
Phase 4 Post Placement Optimization and Clean-Up | Checksum: 11188a301

Time (s): cpu = 00:01:57 ; elapsed = 00:01:03 . Memory (MB): peak = 3414.730 ; gain = 144.387 ; free physical = 4865 ; free virtual = 10322
Ending Placer Task | Checksum: 6b2127b0

Time (s): cpu = 00:01:57 ; elapsed = 00:01:03 . Memory (MB): peak = 3414.730 ; gain = 144.387 ; free physical = 4865 ; free virtual = 10322
INFO: [Common 17-83] Releasing license: Implementation
79 Infos, 0 Warnings, 0 Critical Warnings and 0 Errors encountered.
place_design completed successfully
place_design: Time (s): cpu = 00:01:58 ; elapsed = 00:01:04 . Memory (MB): peak = 3414.730 ; gain = 144.387 ; free physical = 4918 ; free virtual = 10374
INFO: [Timing 38-480] Writing timing data to binary archive.
Writing XDEF routing.
Writing XDEF routing logical nets.
Writing XDEF routing special nets.
Write XDEF Complete: Time (s): cpu = 00:00:02 ; elapsed = 00:00:02 . Memory (MB): peak = 3430.738 ; gain = 8.004 ; free physical = 4876 ; free virtual = 10365
INFO: [Common 17-1381] The checkpoint '/st/c2024/c4264/jikken/RISC/risc2/riscv-np/fpga/riscv/riscv.runs/impl_1/riscv_placed.dcp' has been generated.
INFO: [runtcl-4] Executing : report_io -file riscv_io_placed.rpt
report_io: Time (s): cpu = 00:00:00.08 ; elapsed = 00:00:00.12 . Memory (MB): peak = 3438.742 ; gain = 0.000 ; free physical = 4898 ; free virtual = 10346
INFO: [runtcl-4] Executing : report_utilization -file riscv_utilization_placed.rpt -pb riscv_utilization_placed.pb
INFO: [runtcl-4] Executing : report_control_sets -verbose -file riscv_control_sets_placed.rpt
report_control_sets: Time (s): cpu = 00:00:00.09 ; elapsed = 00:00:00.14 . Memory (MB): peak = 3438.742 ; gain = 0.000 ; free physical = 4890 ; free virtual = 10339
Command: phys_opt_design
Attempting to get a license for feature 'Implementation' and/or device 'xc7a100t'
INFO: [Common 17-349] Got license for feature 'Implementation' and/or device 'xc7a100t'

Starting Initial Update Timing Task

Time (s): cpu = 00:00:11 ; elapsed = 00:00:05 . Memory (MB): peak = 3438.742 ; gain = 0.000 ; free physical = 4870 ; free virtual = 10318
INFO: [Vivado_Tcl 4-383] Design worst setup slack (WNS) is greater than or equal to 0.000 ns. Skipping all physical synthesis optimizations.
INFO: [Vivado_Tcl 4-232] No setup violation found. The netlist was not modified.
INFO: [Common 17-83] Releasing license: Implementation
88 Infos, 0 Warnings, 0 Critical Warnings and 0 Errors encountered.
phys_opt_design completed successfully
INFO: [Timing 38-480] Writing timing data to binary archive.
Writing XDEF routing.
Writing XDEF routing logical nets.
Writing XDEF routing special nets.
Write XDEF Complete: Time (s): cpu = 00:00:02 ; elapsed = 00:00:03 . Memory (MB): peak = 3443.613 ; gain = 4.871 ; free physical = 4846 ; free virtual = 10330
INFO: [Common 17-1381] The checkpoint '/st/c2024/c4264/jikken/RISC/risc2/riscv-np/fpga/riscv/riscv.runs/impl_1/riscv_physopt.dcp' has been generated.
Command: route_design
Attempting to get a license for feature 'Implementation' and/or device 'xc7a100t'
INFO: [Common 17-349] Got license for feature 'Implementation' and/or device 'xc7a100t'
Running DRC as a precondition to command route_design
INFO: [DRC 23-27] Running DRC with 8 threads
INFO: [Vivado_Tcl 4-198] DRC finished with 0 Errors
INFO: [Vivado_Tcl 4-199] Please refer to the DRC report (report_drc) for more information.


Starting Routing Task
INFO: [Route 35-254] Multithreading enabled for route_design using a maximum of 8 CPUs

Phase 1 Build RT Design
Checksum: PlaceDB: 53497ac ConstDB: 0 ShapeSum: 65ec9004 RouteDB: 0
Post Restoration Checksum: NetGraph: e7879e86 NumContArr: 41ada342 Constraints: 0 Timing: 0
Phase 1 Build RT Design | Checksum: 1293541c8

Time (s): cpu = 00:00:24 ; elapsed = 00:00:13 . Memory (MB): peak = 3494.297 ; gain = 3.957 ; free physical = 4733 ; free virtual = 10187

Phase 2 Router Initialization

Phase 2.1 Fix Topology Constraints
Phase 2.1 Fix Topology Constraints | Checksum: 1293541c8

Time (s): cpu = 00:00:24 ; elapsed = 00:00:14 . Memory (MB): peak = 3519.297 ; gain = 28.957 ; free physical = 4702 ; free virtual = 10157

Phase 2.2 Pre Route Cleanup
Phase 2.2 Pre Route Cleanup | Checksum: 1293541c8

Time (s): cpu = 00:00:24 ; elapsed = 00:00:14 . Memory (MB): peak = 3519.297 ; gain = 28.957 ; free physical = 4702 ; free virtual = 10158
 Number of Nodes with overlaps = 0

Phase 2.3 Update Timing
Phase 2.3 Update Timing | Checksum: 165d70601

Time (s): cpu = 00:00:39 ; elapsed = 00:00:18 . Memory (MB): peak = 3560.094 ; gain = 69.754 ; free physical = 4672 ; free virtual = 10127
INFO: [Route 35-416] Intermediate Timing Summary | WNS=0.772  | TNS=0.000  | WHS=-0.174 | THS=-162.654|


Router Utilization Summary
  Global Vertical Routing Utilization    = 0.0110981 %
  Global Horizontal Routing Utilization  = 0.00618073 %
  Routable Net Status*
  *Does not include unroutable nets such as driverless and loadless.
  Run report_route_status for detailed report.
  Number of Failed Nets               = 7397
    (Failed Nets is the sum of unrouted and partially routed nets)
  Number of Unrouted Nets             = 7394
  Number of Partially Routed Nets     = 3
  Number of Node Overlaps             = 3

Phase 2 Router Initialization | Checksum: 1f184892f

Time (s): cpu = 00:00:50 ; elapsed = 00:00:21 . Memory (MB): peak = 3582.094 ; gain = 91.754 ; free physical = 4662 ; free virtual = 10118

Phase 3 Initial Routing

Phase 3.1 Global Routing
Phase 3.1 Global Routing | Checksum: 1f184892f

Time (s): cpu = 00:00:50 ; elapsed = 00:00:21 . Memory (MB): peak = 3582.094 ; gain = 91.754 ; free physical = 4662 ; free virtual = 10118
Phase 3 Initial Routing | Checksum: df14cf57

Time (s): cpu = 00:01:17 ; elapsed = 00:00:29 . Memory (MB): peak = 3944.094 ; gain = 453.754 ; free physical = 4642 ; free virtual = 10096

Phase 4 Rip-up And Reroute

Phase 4.1 Global Iteration 0
 Number of Nodes with overlaps = 1821
 Number of Nodes with overlaps = 532
 Number of Nodes with overlaps = 182
 Number of Nodes with overlaps = 80
 Number of Nodes with overlaps = 16
 Number of Nodes with overlaps = 16
 Number of Nodes with overlaps = 4
 Number of Nodes with overlaps = 0
INFO: [Route 35-416] Intermediate Timing Summary | WNS=-0.099 | TNS=-0.235 | WHS=N/A    | THS=N/A    |

Phase 4.1 Global Iteration 0 | Checksum: d350695e

Time (s): cpu = 00:02:01 ; elapsed = 00:00:55 . Memory (MB): peak = 3944.094 ; gain = 453.754 ; free physical = 4634 ; free virtual = 10091

Phase 4.2 Global Iteration 1
 Number of Nodes with overlaps = 613
 Number of Nodes with overlaps = 123
 Number of Nodes with overlaps = 34
 Number of Nodes with overlaps = 14
 Number of Nodes with overlaps = 5
 Number of Nodes with overlaps = 6
 Number of Nodes with overlaps = 2
 Number of Nodes with overlaps = 0
INFO: [Route 35-416] Intermediate Timing Summary | WNS=-0.008 | TNS=-0.008 | WHS=N/A    | THS=N/A    |

Phase 4.2 Global Iteration 1 | Checksum: 14b1070dc

Time (s): cpu = 00:02:18 ; elapsed = 00:01:06 . Memory (MB): peak = 3944.094 ; gain = 453.754 ; free physical = 4628 ; free virtual = 10092

Phase 4.3 Global Iteration 2
 Number of Nodes with overlaps = 579
 Number of Nodes with overlaps = 104
 Number of Nodes with overlaps = 27
 Number of Nodes with overlaps = 8
 Number of Nodes with overlaps = 4
 Number of Nodes with overlaps = 5
 Number of Nodes with overlaps = 0
INFO: [Route 35-416] Intermediate Timing Summary | WNS=0.309  | TNS=0.000  | WHS=N/A    | THS=N/A    |

Phase 4.3 Global Iteration 2 | Checksum: 1108588c3

Time (s): cpu = 00:02:34 ; elapsed = 00:01:15 . Memory (MB): peak = 3944.094 ; gain = 453.754 ; free physical = 4653 ; free virtual = 10105
Phase 4 Rip-up And Reroute | Checksum: 1108588c3

Time (s): cpu = 00:02:34 ; elapsed = 00:01:15 . Memory (MB): peak = 3944.094 ; gain = 453.754 ; free physical = 4653 ; free virtual = 10105

Phase 5 Delay and Skew Optimization

Phase 5.1 Delay CleanUp
Phase 5.1 Delay CleanUp | Checksum: 1108588c3

Time (s): cpu = 00:02:34 ; elapsed = 00:01:15 . Memory (MB): peak = 3944.094 ; gain = 453.754 ; free physical = 4653 ; free virtual = 10105

Phase 5.2 Clock Skew Optimization
Phase 5.2 Clock Skew Optimization | Checksum: 1108588c3

Time (s): cpu = 00:02:34 ; elapsed = 00:01:15 . Memory (MB): peak = 3944.094 ; gain = 453.754 ; free physical = 4653 ; free virtual = 10105
Phase 5 Delay and Skew Optimization | Checksum: 1108588c3

Time (s): cpu = 00:02:34 ; elapsed = 00:01:16 . Memory (MB): peak = 3944.094 ; gain = 453.754 ; free physical = 4653 ; free virtual = 10105

Phase 6 Post Hold Fix

Phase 6.1 Hold Fix Iter

Phase 6.1.1 Update Timing
Phase 6.1.1 Update Timing | Checksum: e506bc25

Time (s): cpu = 00:02:38 ; elapsed = 00:01:17 . Memory (MB): peak = 3944.094 ; gain = 453.754 ; free physical = 4653 ; free virtual = 10105
INFO: [Route 35-416] Intermediate Timing Summary | WNS=0.347  | TNS=0.000  | WHS=0.082  | THS=0.000  |

Phase 6.1 Hold Fix Iter | Checksum: e506bc25

Time (s): cpu = 00:02:38 ; elapsed = 00:01:17 . Memory (MB): peak = 3944.094 ; gain = 453.754 ; free physical = 4653 ; free virtual = 10105
Phase 6 Post Hold Fix | Checksum: e506bc25

Time (s): cpu = 00:02:38 ; elapsed = 00:01:17 . Memory (MB): peak = 3944.094 ; gain = 453.754 ; free physical = 4653 ; free virtual = 10105

Phase 7 Route finalize

Router Utilization Summary
  Global Vertical Routing Utilization    = 13.8581 %
  Global Horizontal Routing Utilization  = 10.214 %
  Routable Net Status*
  *Does not include unroutable nets such as driverless and loadless.
  Run report_route_status for detailed report.
  Number of Failed Nets               = 0
    (Failed Nets is the sum of unrouted and partially routed nets)
  Number of Unrouted Nets             = 0
  Number of Partially Routed Nets     = 0
  Number of Node Overlaps             = 0

Phase 7 Route finalize | Checksum: 158330b1d

Time (s): cpu = 00:02:39 ; elapsed = 00:01:17 . Memory (MB): peak = 3944.094 ; gain = 453.754 ; free physical = 4653 ; free virtual = 10105

Phase 8 Verifying routed nets

 Verification completed successfully
Phase 8 Verifying routed nets | Checksum: 158330b1d

Time (s): cpu = 00:02:39 ; elapsed = 00:01:17 . Memory (MB): peak = 3944.094 ; gain = 453.754 ; free physical = 4650 ; free virtual = 10102

Phase 9 Depositing Routes
Phase 9 Depositing Routes | Checksum: 15474ca0c

Time (s): cpu = 00:02:39 ; elapsed = 00:01:18 . Memory (MB): peak = 3960.102 ; gain = 469.762 ; free physical = 4649 ; free virtual = 10101

Phase 10 Post Router Timing
INFO: [Route 35-57] Estimated Timing Summary | WNS=0.347  | TNS=0.000  | WHS=0.082  | THS=0.000  |

INFO: [Route 35-327] The final timing numbers are based on the router estimated timing analysis. For a complete and accurate timing signoff, please run report_timing_summary.
Phase 10 Post Router Timing | Checksum: 15474ca0c

Time (s): cpu = 00:02:42 ; elapsed = 00:01:19 . Memory (MB): peak = 3960.102 ; gain = 469.762 ; free physical = 4649 ; free virtual = 10101
INFO: [Route 35-16] Router Completed Successfully

Time (s): cpu = 00:02:42 ; elapsed = 00:01:19 . Memory (MB): peak = 3960.102 ; gain = 469.762 ; free physical = 4703 ; free virtual = 10156

Routing Is Done.
INFO: [Common 17-83] Releasing license: Implementation
104 Infos, 0 Warnings, 0 Critical Warnings and 0 Errors encountered.
route_design completed successfully
route_design: Time (s): cpu = 00:02:44 ; elapsed = 00:02:19 . Memory (MB): peak = 3960.102 ; gain = 516.488 ; free physical = 4831 ; free virtual = 10244
INFO: [Timing 38-480] Writing timing data to binary archive.
Writing XDEF routing.
Writing XDEF routing logical nets.
Writing XDEF routing special nets.
Write XDEF Complete: Time (s): cpu = 00:00:02 ; elapsed = 00:00:03 . Memory (MB): peak = 3960.102 ; gain = 0.000 ; free physical = 4791 ; free virtual = 10245
INFO: [Common 17-1381] The checkpoint '/st/c2024/c4264/jikken/RISC/risc2/riscv-np/fpga/riscv/riscv.runs/impl_1/riscv_routed.dcp' has been generated.
write_checkpoint: Time (s): cpu = 00:00:06 ; elapsed = 00:00:05 . Memory (MB): peak = 3968.105 ; gain = 8.004 ; free physical = 4801 ; free virtual = 10226
INFO: [runtcl-4] Executing : report_drc -file riscv_drc_routed.rpt -pb riscv_drc_routed.pb -rpx riscv_drc_routed.rpx
Command: report_drc -file riscv_drc_routed.rpt -pb riscv_drc_routed.pb -rpx riscv_drc_routed.rpx
INFO: [IP_Flow 19-1839] IP Catalog is up to date.
INFO: [DRC 23-27] Running DRC with 8 threads
INFO: [Vivado_Tcl 2-168] The results of DRC are in file /st/c2024/c4264/jikken/RISC/risc2/riscv-np/fpga/riscv/riscv.runs/impl_1/riscv_drc_routed.rpt.
report_drc completed successfully
INFO: [runtcl-4] Executing : report_methodology -file riscv_methodology_drc_routed.rpt -pb riscv_methodology_drc_routed.pb -rpx riscv_methodology_drc_routed.rpx
Command: report_methodology -file riscv_methodology_drc_routed.rpt -pb riscv_methodology_drc_routed.pb -rpx riscv_methodology_drc_routed.rpx
INFO: [Timing 38-35] Done setting XDC timing constraints.
INFO: [DRC 23-133] Running Methodology with 8 threads
INFO: [Vivado_Tcl 2-1520] The results of Report Methodology are in file /st/c2024/c4264/jikken/RISC/risc2/riscv-np/fpga/riscv/riscv.runs/impl_1/riscv_methodology_drc_routed.rpt.
report_methodology completed successfully
report_methodology: Time (s): cpu = 00:00:26 ; elapsed = 00:00:05 . Memory (MB): peak = 3976.109 ; gain = 0.000 ; free physical = 4789 ; free virtual = 10216
INFO: [runtcl-4] Executing : report_power -file riscv_power_routed.rpt -pb riscv_power_summary_routed.pb -rpx riscv_power_routed.rpx
Command: report_power -file riscv_power_routed.rpt -pb riscv_power_summary_routed.pb -rpx riscv_power_routed.rpx
INFO: [Timing 38-35] Done setting XDC timing constraints.
Running Vector-less Activity Propagation...

Finished Running Vector-less Activity Propagation
116 Infos, 0 Warnings, 0 Critical Warnings and 0 Errors encountered.
report_power completed successfully
INFO: [runtcl-4] Executing : report_route_status -file riscv_route_status.rpt -pb riscv_route_status.pb
INFO: [runtcl-4] Executing : report_timing_summary -max_paths 10 -report_unconstrained -file riscv_timing_summary_routed.rpt -pb riscv_timing_summary_routed.pb -rpx riscv_timing_summary_routed.rpx -warn_on_violation 
INFO: [Timing 38-91] UpdateTimingParams: Speed grade: -1, Delay Type: min_max.
INFO: [Timing 38-191] Multithreading enabled for timing update using a maximum of 8 CPUs
INFO: [runtcl-4] Executing : report_incremental_reuse -file riscv_incremental_reuse_routed.rpt
INFO: [Vivado_Tcl 4-1062] Incremental flow is disabled. No incremental reuse Info to report.
INFO: [runtcl-4] Executing : report_clock_utilization -file riscv_clock_utilization_routed.rpt
INFO: [runtcl-4] Executing : report_bus_skew -warn_on_violation -file riscv_bus_skew_routed.rpt -pb riscv_bus_skew_routed.pb -rpx riscv_bus_skew_routed.rpx
INFO: [Timing 38-91] UpdateTimingParams: Speed grade: -1, Delay Type: min_max.
INFO: [Timing 38-191] Multithreading enabled for timing update using a maximum of 8 CPUs
Command: write_bitstream -force riscv.bit
Attempting to get a license for feature 'Implementation' and/or device 'xc7a100t'
INFO: [Common 17-349] Got license for feature 'Implementation' and/or device 'xc7a100t'
Running DRC as a precondition to command write_bitstream
INFO: [IP_Flow 19-1839] IP Catalog is up to date.
INFO: [DRC 23-27] Running DRC with 8 threads
WARNING: [DRC DPOP-1] PREG Output pipelining: DSP MEM_MUL_SS output MEM_MUL_SS/P[47:0] is not pipelined (PREG=0). Pipelining the DSP48 output will improve performance and often saves power so it is suggested whenever possible to fully pipeline this function.  If this DSP48 function was inferred, it is suggested to describe an additional register stage after this function.  If the DSP48 was instantiated in the design, it is suggested to set the PREG attribute to 1.
WARNING: [DRC DPOP-1] PREG Output pipelining: DSP MEM_MUL_SS__0 output MEM_MUL_SS__0/P[47:0] is not pipelined (PREG=0). Pipelining the DSP48 output will improve performance and often saves power so it is suggested whenever possible to fully pipeline this function.  If this DSP48 function was inferred, it is suggested to describe an additional register stage after this function.  If the DSP48 was instantiated in the design, it is suggested to set the PREG attribute to 1.
WARNING: [DRC DPOP-1] PREG Output pipelining: DSP MEM_MUL_SS__1 output MEM_MUL_SS__1/P[47:0] is not pipelined (PREG=0). Pipelining the DSP48 output will improve performance and often saves power so it is suggested whenever possible to fully pipeline this function.  If this DSP48 function was inferred, it is suggested to describe an additional register stage after this function.  If the DSP48 was instantiated in the design, it is suggested to set the PREG attribute to 1.
WARNING: [DRC DPOP-1] PREG Output pipelining: DSP MEM_MUL_SS__2 output MEM_MUL_SS__2/P[47:0] is not pipelined (PREG=0). Pipelining the DSP48 output will improve performance and often saves power so it is suggested whenever possible to fully pipeline this function.  If this DSP48 function was inferred, it is suggested to describe an additional register stage after this function.  If the DSP48 was instantiated in the design, it is suggested to set the PREG attribute to 1.
WARNING: [DRC DPOP-1] PREG Output pipelining: DSP MEM_MUL_SU_FULL output MEM_MUL_SU_FULL/P[47:0] is not pipelined (PREG=0). Pipelining the DSP48 output will improve performance and often saves power so it is suggested whenever possible to fully pipeline this function.  If this DSP48 function was inferred, it is suggested to describe an additional register stage after this function.  If the DSP48 was instantiated in the design, it is suggested to set the PREG attribute to 1.
WARNING: [DRC DPOP-1] PREG Output pipelining: DSP MEM_MUL_SU_FULL__0 output MEM_MUL_SU_FULL__0/P[47:0] is not pipelined (PREG=0). Pipelining the DSP48 output will improve performance and often saves power so it is suggested whenever possible to fully pipeline this function.  If this DSP48 function was inferred, it is suggested to describe an additional register stage after this function.  If the DSP48 was instantiated in the design, it is suggested to set the PREG attribute to 1.
WARNING: [DRC DPOP-1] PREG Output pipelining: DSP MEM_MUL_SU_FULL__1 output MEM_MUL_SU_FULL__1/P[47:0] is not pipelined (PREG=0). Pipelining the DSP48 output will improve performance and often saves power so it is suggested whenever possible to fully pipeline this function.  If this DSP48 function was inferred, it is suggested to describe an additional register stage after this function.  If the DSP48 was instantiated in the design, it is suggested to set the PREG attribute to 1.
WARNING: [DRC DPOP-1] PREG Output pipelining: DSP MEM_MUL_SU_FULL__2 output MEM_MUL_SU_FULL__2/P[47:0] is not pipelined (PREG=0). Pipelining the DSP48 output will improve performance and often saves power so it is suggested whenever possible to fully pipeline this function.  If this DSP48 function was inferred, it is suggested to describe an additional register stage after this function.  If the DSP48 was instantiated in the design, it is suggested to set the PREG attribute to 1.
WARNING: [DRC DPOP-1] PREG Output pipelining: DSP MEM_MUL_UU output MEM_MUL_UU/P[47:0] is not pipelined (PREG=0). Pipelining the DSP48 output will improve performance and often saves power so it is suggested whenever possible to fully pipeline this function.  If this DSP48 function was inferred, it is suggested to describe an additional register stage after this function.  If the DSP48 was instantiated in the design, it is suggested to set the PREG attribute to 1.
WARNING: [DRC DPOP-1] PREG Output pipelining: DSP MEM_MUL_UU__0 output MEM_MUL_UU__0/P[47:0] is not pipelined (PREG=0). Pipelining the DSP48 output will improve performance and often saves power so it is suggested whenever possible to fully pipeline this function.  If this DSP48 function was inferred, it is suggested to describe an additional register stage after this function.  If the DSP48 was instantiated in the design, it is suggested to set the PREG attribute to 1.
WARNING: [DRC DPOP-1] PREG Output pipelining: DSP MEM_MUL_UU__1 output MEM_MUL_UU__1/P[47:0] is not pipelined (PREG=0). Pipelining the DSP48 output will improve performance and often saves power so it is suggested whenever possible to fully pipeline this function.  If this DSP48 function was inferred, it is suggested to describe an additional register stage after this function.  If the DSP48 was instantiated in the design, it is suggested to set the PREG attribute to 1.
WARNING: [DRC DPOP-1] PREG Output pipelining: DSP MEM_MUL_UU__2 output MEM_MUL_UU__2/P[47:0] is not pipelined (PREG=0). Pipelining the DSP48 output will improve performance and often saves power so it is suggested whenever possible to fully pipeline this function.  If this DSP48 function was inferred, it is suggested to describe an additional register stage after this function.  If the DSP48 was instantiated in the design, it is suggested to set the PREG attribute to 1.
WARNING: [DRC DPOP-2] MREG Output pipelining: DSP MEM_MUL_SS multiplier stage MEM_MUL_SS/P[47:0] is not pipelined (MREG=0). Pipelining the multiplier function will improve performance and will save significant power so it is suggested whenever possible to fully pipeline this function.  If this multiplier was inferred, it is suggested to describe an additional register stage after this function.  If there is no registered adder/accumulator following the multiply function, two pipeline stages are suggested to allow both the MREG and PREG registers to be used.  If the DSP48 was instantiated in the design, it is suggested to set both the MREG and PREG attributes to 1 when performing multiply functions.
WARNING: [DRC DPOP-2] MREG Output pipelining: DSP MEM_MUL_SS__0 multiplier stage MEM_MUL_SS__0/P[47:0] is not pipelined (MREG=0). Pipelining the multiplier function will improve performance and will save significant power so it is suggested whenever possible to fully pipeline this function.  If this multiplier was inferred, it is suggested to describe an additional register stage after this function.  If there is no registered adder/accumulator following the multiply function, two pipeline stages are suggested to allow both the MREG and PREG registers to be used.  If the DSP48 was instantiated in the design, it is suggested to set both the MREG and PREG attributes to 1 when performing multiply functions.
WARNING: [DRC DPOP-2] MREG Output pipelining: DSP MEM_MUL_SS__1 multiplier stage MEM_MUL_SS__1/P[47:0] is not pipelined (MREG=0). Pipelining the multiplier function will improve performance and will save significant power so it is suggested whenever possible to fully pipeline this function.  If this multiplier was inferred, it is suggested to describe an additional register stage after this function.  If there is no registered adder/accumulator following the multiply function, two pipeline stages are suggested to allow both the MREG and PREG registers to be used.  If the DSP48 was instantiated in the design, it is suggested to set both the MREG and PREG attributes to 1 when performing multiply functions.
WARNING: [DRC DPOP-2] MREG Output pipelining: DSP MEM_MUL_SS__2 multiplier stage MEM_MUL_SS__2/P[47:0] is not pipelined (MREG=0). Pipelining the multiplier function will improve performance and will save significant power so it is suggested whenever possible to fully pipeline this function.  If this multiplier was inferred, it is suggested to describe an additional register stage after this function.  If there is no registered adder/accumulator following the multiply function, two pipeline stages are suggested to allow both the MREG and PREG registers to be used.  If the DSP48 was instantiated in the design, it is suggested to set both the MREG and PREG attributes to 1 when performing multiply functions.
WARNING: [DRC DPOP-2] MREG Output pipelining: DSP MEM_MUL_SU_FULL multiplier stage MEM_MUL_SU_FULL/P[47:0] is not pipelined (MREG=0). Pipelining the multiplier function will improve performance and will save significant power so it is suggested whenever possible to fully pipeline this function.  If this multiplier was inferred, it is suggested to describe an additional register stage after this function.  If there is no registered adder/accumulator following the multiply function, two pipeline stages are suggested to allow both the MREG and PREG registers to be used.  If the DSP48 was instantiated in the design, it is suggested to set both the MREG and PREG attributes to 1 when performing multiply functions.
WARNING: [DRC DPOP-2] MREG Output pipelining: DSP MEM_MUL_SU_FULL__0 multiplier stage MEM_MUL_SU_FULL__0/P[47:0] is not pipelined (MREG=0). Pipelining the multiplier function will improve performance and will save significant power so it is suggested whenever possible to fully pipeline this function.  If this multiplier was inferred, it is suggested to describe an additional register stage after this function.  If there is no registered adder/accumulator following the multiply function, two pipeline stages are suggested to allow both the MREG and PREG registers to be used.  If the DSP48 was instantiated in the design, it is suggested to set both the MREG and PREG attributes to 1 when performing multiply functions.
WARNING: [DRC DPOP-2] MREG Output pipelining: DSP MEM_MUL_SU_FULL__1 multiplier stage MEM_MUL_SU_FULL__1/P[47:0] is not pipelined (MREG=0). Pipelining the multiplier function will improve performance and will save significant power so it is suggested whenever possible to fully pipeline this function.  If this multiplier was inferred, it is suggested to describe an additional register stage after this function.  If there is no registered adder/accumulator following the multiply function, two pipeline stages are suggested to allow both the MREG and PREG registers to be used.  If the DSP48 was instantiated in the design, it is suggested to set both the MREG and PREG attributes to 1 when performing multiply functions.
WARNING: [DRC DPOP-2] MREG Output pipelining: DSP MEM_MUL_SU_FULL__2 multiplier stage MEM_MUL_SU_FULL__2/P[47:0] is not pipelined (MREG=0). Pipelining the multiplier function will improve performance and will save significant power so it is suggested whenever possible to fully pipeline this function.  If this multiplier was inferred, it is suggested to describe an additional register stage after this function.  If there is no registered adder/accumulator following the multiply function, two pipeline stages are suggested to allow both the MREG and PREG registers to be used.  If the DSP48 was instantiated in the design, it is suggested to set both the MREG and PREG attributes to 1 when performing multiply functions.
WARNING: [DRC DPOP-2] MREG Output pipelining: DSP MEM_MUL_UU multiplier stage MEM_MUL_UU/P[47:0] is not pipelined (MREG=0). Pipelining the multiplier function will improve performance and will save significant power so it is suggested whenever possible to fully pipeline this function.  If this multiplier was inferred, it is suggested to describe an additional register stage after this function.  If there is no registered adder/accumulator following the multiply function, two pipeline stages are suggested to allow both the MREG and PREG registers to be used.  If the DSP48 was instantiated in the design, it is suggested to set both the MREG and PREG attributes to 1 when performing multiply functions.
WARNING: [DRC DPOP-2] MREG Output pipelining: DSP MEM_MUL_UU__0 multiplier stage MEM_MUL_UU__0/P[47:0] is not pipelined (MREG=0). Pipelining the multiplier function will improve performance and will save significant power so it is suggested whenever possible to fully pipeline this function.  If this multiplier was inferred, it is suggested to describe an additional register stage after this function.  If there is no registered adder/accumulator following the multiply function, two pipeline stages are suggested to allow both the MREG and PREG registers to be used.  If the DSP48 was instantiated in the design, it is suggested to set both the MREG and PREG attributes to 1 when performing multiply functions.
WARNING: [DRC DPOP-2] MREG Output pipelining: DSP MEM_MUL_UU__1 multiplier stage MEM_MUL_UU__1/P[47:0] is not pipelined (MREG=0). Pipelining the multiplier function will improve performance and will save significant power so it is suggested whenever possible to fully pipeline this function.  If this multiplier was inferred, it is suggested to describe an additional register stage after this function.  If there is no registered adder/accumulator following the multiply function, two pipeline stages are suggested to allow both the MREG and PREG registers to be used.  If the DSP48 was instantiated in the design, it is suggested to set both the MREG and PREG attributes to 1 when performing multiply functions.
WARNING: [DRC DPOP-2] MREG Output pipelining: DSP MEM_MUL_UU__2 multiplier stage MEM_MUL_UU__2/P[47:0] is not pipelined (MREG=0). Pipelining the multiplier function will improve performance and will save significant power so it is suggested whenever possible to fully pipeline this function.  If this multiplier was inferred, it is suggested to describe an additional register stage after this function.  If there is no registered adder/accumulator following the multiply function, two pipeline stages are suggested to allow both the MREG and PREG registers to be used.  If the DSP48 was instantiated in the design, it is suggested to set both the MREG and PREG attributes to 1 when performing multiply functions.
INFO: [Vivado 12-3199] DRC finished with 0 Errors, 24 Warnings
INFO: [Vivado 12-3200] Please refer to the DRC report (report_drc) for more information.
INFO: [Designutils 20-2272] Running write_bitstream with 8 threads.
Loading data files...
Loading site data...
Loading route data...
Processing options...
Creating bitmap...
Creating bitstream...
Writing bitstream ./riscv.bit...
INFO: [Vivado 12-1842] Bitgen Completed Successfully.
INFO: [Project 1-1876] WebTalk data collection is mandatory when using a ULT device. To see the specific WebTalk data collected for your design, open the usage_statistics_webtalk.html or usage_statistics_webtalk.xml file in the implementation directory.
INFO: [Common 17-83] Releasing license: Implementation
12 Infos, 24 Warnings, 0 Critical Warnings and 0 Errors encountered.
write_bitstream completed successfully
write_bitstream: Time (s): cpu = 00:00:31 ; elapsed = 00:01:50 . Memory (MB): peak = 4000.121 ; gain = 0.000 ; free physical = 4700 ; free virtual = 10151
INFO: [Common 17-206] Exiting Vivado at Mon May 25 09:54:44 2026...
[Mon May 25 09:54:49 2026] impl_1 finished
wait_on_runs: Time (s): cpu = 00:00:44 ; elapsed = 00:07:42 . Memory (MB): peak = 1758.863 ; gain = 0.000 ; free physical = 7140 ; free virtual = 12590
# exit
INFO: [Common 17-206] Exiting Vivado at Mon May 25 09:54:49 2026...
