#-----------------------------------------------------------
# Vivado v2022.2 (64-bit)
# SW Build 3671981 on Fri Oct 14 04:59:54 MDT 2022
# IP Build 3669848 on Fri Oct 14 08:30:02 MDT 2022
# Start of session at: Thu May 21 15:45:13 2026
# Process ID: 402629
# Current directory: /st/c2024/c4264/jikken/RISC/riscv-np/fpga
# Command line: vivado -mode tcl -source riscv.tcl
# Log file: /st/c2024/c4264/jikken/RISC/riscv-np/fpga/vivado.log
# Journal file: /st/c2024/c4264/jikken/RISC/riscv-np/fpga/vivado.jou
# Running On: st145, OS: Linux, CPU Frequency: 1826.698 MHz, CPU Physical cores: 4, Host memory: 16453 MB
#-----------------------------------------------------------
source riscv.tcl
# create_project riscv ./riscv -part xc7a100tcsg324-1 -force
# set_property board_part digilentinc.com:nexys4_ddr:part0:1.1 [current_project]
# import_files -norecurse {../np/riscv.v ../np/riscv.vh ../np/inst.vh ../np/alu.vh ../np/alu.v  ../np/daligner.v  ../np/dmem.v ../np/rf.v ../np/shift.v ../np/prog.mif ../np/data.mif }
# update_compile_order -fileset sources_1
# add_files -fileset constrs_1 -norecurse ./riscv.xdc
# import_files -fileset constrs_1 ./riscv.xdc
# launch_runs impl_1 -to_step write_bitstream -jobs 2
[Thu May 21 15:46:35 2026] Launched synth_1...
Run output will be captured here: /st/c2024/c4264/jikken/RISC/riscv-np/fpga/riscv/riscv.runs/synth_1/runme.log
[Thu May 21 15:46:35 2026] Launched impl_1...
Run output will be captured here: /st/c2024/c4264/jikken/RISC/riscv-np/fpga/riscv/riscv.runs/impl_1/runme.log
launch_runs: Time (s): cpu = 00:00:00.09 ; elapsed = 00:01:00 . Memory (MB): peak = 1781.348 ; gain = 25.812 ; free physical = 4480 ; free virtual = 10184
# wait_on_run impl_1
[Thu May 21 15:46:35 2026] Waiting for impl_1 to finish...

*** Running vivado
    with args -log riscv.vdi -applog -m64 -product Vivado -messageDb vivado.pb -mode batch -source riscv.tcl -notrace


****** Vivado v2022.2 (64-bit)
  **** SW Build 3671981 on Fri Oct 14 04:59:54 MDT 2022
  **** IP Build 3669848 on Fri Oct 14 08:30:02 MDT 2022
    ** Copyright 1986-2022 Xilinx, Inc. All Rights Reserved.

source riscv.tcl -notrace
Command: link_design -top riscv -part xc7a100tcsg324-1
Design is defaulting to srcset: sources_1
Design is defaulting to constrset: constrs_1
INFO: [Device 21-403] Loading part xc7a100tcsg324-1
Netlist sorting complete. Time (s): cpu = 00:00:00 ; elapsed = 00:00:00.01 . Memory (MB): peak = 2083.805 ; gain = 0.000 ; free physical = 4527 ; free virtual = 10237
INFO: [Netlist 29-17] Analyzing 122 Unisim elements for replacement
INFO: [Netlist 29-28] Unisim Transformation completed in 0 CPU seconds
INFO: [Project 1-479] Netlist was created with Vivado 2022.2
INFO: [Project 1-570] Preparing netlist for logic optimization
Parsing XDC File [/st/c2024/c4264/jikken/RISC/riscv-np/fpga/riscv/riscv.srcs/constrs_1/imports/fpga/riscv.xdc]
Finished Parsing XDC File [/st/c2024/c4264/jikken/RISC/riscv-np/fpga/riscv/riscv.srcs/constrs_1/imports/fpga/riscv.xdc]
INFO: [Opt 31-138] Pushed 0 inverter(s) to 0 load pin(s).
Netlist sorting complete. Time (s): cpu = 00:00:00 ; elapsed = 00:00:00 . Memory (MB): peak = 2275.750 ; gain = 0.000 ; free physical = 4424 ; free virtual = 10131
INFO: [Project 1-111] Unisim Transformation Summary:
  A total of 14 instances were transformed.
  RAM32M => RAM32M (RAMD32(x6), RAMS32(x2)): 10 instances
  RAM32X1D => RAM32X1D (RAMD32(x2)): 4 instances

7 Infos, 0 Warnings, 0 Critical Warnings and 0 Errors encountered.
link_design completed successfully
link_design: Time (s): cpu = 00:00:04 ; elapsed = 00:00:47 . Memory (MB): peak = 2275.750 ; gain = 539.828 ; free physical = 4424 ; free virtual = 10131
Command: opt_design
Attempting to get a license for feature 'Implementation' and/or device 'xc7a100t'
INFO: [Common 17-349] Got license for feature 'Implementation' and/or device 'xc7a100t'
Running DRC as a precondition to command opt_design

Starting DRC Task
INFO: [DRC 23-27] Running DRC with 8 threads
INFO: [Project 1-461] DRC finished with 0 Errors
INFO: [Project 1-462] Please refer to the DRC report (report_drc) for more information.

Time (s): cpu = 00:00:00.81 ; elapsed = 00:00:00.7 . Memory (MB): peak = 2397.219 ; gain = 121.469 ; free physical = 4411 ; free virtual = 10118

Starting Cache Timing Information Task
INFO: [Timing 38-35] Done setting XDC timing constraints.
Ending Cache Timing Information Task | Checksum: 18e5e4c33

Time (s): cpu = 00:00:04 ; elapsed = 00:00:04 . Memory (MB): peak = 2853.039 ; gain = 455.820 ; free physical = 4032 ; free virtual = 9742

Starting Logic Optimization Task

Phase 1 Retarget
INFO: [Opt 31-138] Pushed 0 inverter(s) to 0 load pin(s).
INFO: [Opt 31-49] Retargeted 0 cell(s).
Phase 1 Retarget | Checksum: 18e5e4c33

Time (s): cpu = 00:00:00.1 ; elapsed = 00:00:00.05 . Memory (MB): peak = 3131.930 ; gain = 0.000 ; free physical = 3769 ; free virtual = 9485
INFO: [Opt 31-389] Phase Retarget created 0 cells and removed 0 cells

Phase 2 Constant propagation
INFO: [Opt 31-138] Pushed 0 inverter(s) to 0 load pin(s).
Phase 2 Constant propagation | Checksum: 1bf861e54

Time (s): cpu = 00:00:00.11 ; elapsed = 00:00:00.06 . Memory (MB): peak = 3131.930 ; gain = 0.000 ; free physical = 3769 ; free virtual = 9485
INFO: [Opt 31-389] Phase Constant propagation created 0 cells and removed 0 cells

Phase 3 Sweep
Phase 3 Sweep | Checksum: 160e0c5c1

Time (s): cpu = 00:00:00.13 ; elapsed = 00:00:00.08 . Memory (MB): peak = 3131.930 ; gain = 0.000 ; free physical = 3769 ; free virtual = 9485
INFO: [Opt 31-389] Phase Sweep created 0 cells and removed 0 cells

Phase 4 BUFG optimization
Phase 4 BUFG optimization | Checksum: 160e0c5c1

Time (s): cpu = 00:00:00.16 ; elapsed = 00:00:00.1 . Memory (MB): peak = 3180.773 ; gain = 48.844 ; free physical = 3769 ; free virtual = 9485
INFO: [Opt 31-662] Phase BUFG optimization created 0 cells of which 0 are BUFGs and removed 0 cells.

Phase 5 Shift Register Optimization
INFO: [Opt 31-1064] SRL Remap converted 0 SRLs to 0 registers and converted 0 registers of register chains to 0 SRLs
Phase 5 Shift Register Optimization | Checksum: 160e0c5c1

Time (s): cpu = 00:00:00.16 ; elapsed = 00:00:00.1 . Memory (MB): peak = 3180.773 ; gain = 48.844 ; free physical = 3769 ; free virtual = 9485
INFO: [Opt 31-389] Phase Shift Register Optimization created 0 cells and removed 0 cells

Phase 6 Post Processing Netlist
Phase 6 Post Processing Netlist | Checksum: 160e0c5c1

Time (s): cpu = 00:00:00.16 ; elapsed = 00:00:00.11 . Memory (MB): peak = 3180.773 ; gain = 48.844 ; free physical = 3769 ; free virtual = 9485
INFO: [Opt 31-389] Phase Post Processing Netlist created 0 cells and removed 0 cells
Opt_design Change Summary
=========================


-------------------------------------------------------------------------------------------------------------------------
|  Phase                        |  #Cells created  |  #Cells Removed  |  #Constrained objects preventing optimizations  |
-------------------------------------------------------------------------------------------------------------------------
|  Retarget                     |               0  |               0  |                                              0  |
|  Constant propagation         |               0  |               0  |                                              0  |
|  Sweep                        |               0  |               0  |                                              0  |
|  BUFG optimization            |               0  |               0  |                                              0  |
|  Shift Register Optimization  |               0  |               0  |                                              0  |
|  Post Processing Netlist      |               0  |               0  |                                              0  |
-------------------------------------------------------------------------------------------------------------------------



Starting Connectivity Check Task

Time (s): cpu = 00:00:00 ; elapsed = 00:00:00 . Memory (MB): peak = 3180.773 ; gain = 0.000 ; free physical = 3767 ; free virtual = 9485
Ending Logic Optimization Task | Checksum: 2063d994e

Time (s): cpu = 00:00:00.19 ; elapsed = 00:00:00.13 . Memory (MB): peak = 3180.773 ; gain = 48.844 ; free physical = 3767 ; free virtual = 9485

Starting Power Optimization Task
INFO: [Pwropt 34-132] Skipping clock gating for clocks with a period < 2.00 ns.
INFO: [Timing 38-35] Done setting XDC timing constraints.
INFO: [Pwropt 34-9] Applying IDT optimizations ...
INFO: [Pwropt 34-10] Applying ODC optimizations ...
Running Vector-less Activity Propagation...

Finished Running Vector-less Activity Propagation


Starting PowerOpt Patch Enables Task
INFO: [Pwropt 34-162] WRITE_MODE attribute of 0 BRAM(s) out of a total of 2 has been updated to save power. Run report_power_opt to get a complete listing of the BRAMs updated.
INFO: [Pwropt 34-201] Structural ODC has moved 0 WE to EN ports
Number of BRAM Ports augmented: 0 newly gated: 0 Total Ports: 4
Ending PowerOpt Patch Enables Task | Checksum: 2063d994e

Time (s): cpu = 00:00:00.01 ; elapsed = 00:00:00.01 . Memory (MB): peak = 3492.609 ; gain = 0.000 ; free physical = 3762 ; free virtual = 9484
Ending Power Optimization Task | Checksum: 2063d994e

Time (s): cpu = 00:00:00.6 ; elapsed = 00:00:00.37 . Memory (MB): peak = 3492.609 ; gain = 311.836 ; free physical = 3770 ; free virtual = 9491

Starting Final Cleanup Task
Ending Final Cleanup Task | Checksum: 2063d994e

Time (s): cpu = 00:00:00 ; elapsed = 00:00:00 . Memory (MB): peak = 3492.609 ; gain = 0.000 ; free physical = 3770 ; free virtual = 9491

Starting Netlist Obfuscation Task
Netlist sorting complete. Time (s): cpu = 00:00:00 ; elapsed = 00:00:00 . Memory (MB): peak = 3492.609 ; gain = 0.000 ; free physical = 3770 ; free virtual = 9491
Ending Netlist Obfuscation Task | Checksum: 2063d994e

Time (s): cpu = 00:00:00 ; elapsed = 00:00:00 . Memory (MB): peak = 3492.609 ; gain = 0.000 ; free physical = 3770 ; free virtual = 9491
INFO: [Common 17-83] Releasing license: Implementation
29 Infos, 0 Warnings, 0 Critical Warnings and 0 Errors encountered.
opt_design completed successfully
opt_design: Time (s): cpu = 00:00:07 ; elapsed = 00:00:07 . Memory (MB): peak = 3492.609 ; gain = 1216.859 ; free physical = 3770 ; free virtual = 9491
INFO: [Timing 38-480] Writing timing data to binary archive.
Writing XDEF routing.
Writing XDEF routing logical nets.
Writing XDEF routing special nets.
Write XDEF Complete: Time (s): cpu = 00:00:00.28 ; elapsed = 00:00:00.08 . Memory (MB): peak = 3492.609 ; gain = 0.000 ; free physical = 3759 ; free virtual = 9481
INFO: [Common 17-1381] The checkpoint '/st/c2024/c4264/jikken/RISC/riscv-np/fpga/riscv/riscv.runs/impl_1/riscv_opt.dcp' has been generated.
INFO: [runtcl-4] Executing : report_drc -file riscv_drc_opted.rpt -pb riscv_drc_opted.pb -rpx riscv_drc_opted.rpx
Command: report_drc -file riscv_drc_opted.rpt -pb riscv_drc_opted.pb -rpx riscv_drc_opted.rpx
INFO: [IP_Flow 19-234] Refreshing IP repositories
INFO: [IP_Flow 19-1704] No user IP repositories specified
INFO: [IP_Flow 19-2313] Loaded Vivado IP repository '/opt/xilinx/Vivado/2022.2/data/ip'.
INFO: [DRC 23-27] Running DRC with 8 threads
INFO: [Vivado_Tcl 2-168] The results of DRC are in file /st/c2024/c4264/jikken/RISC/riscv-np/fpga/riscv/riscv.runs/impl_1/riscv_drc_opted.rpt.
report_drc completed successfully
Command: place_design
Attempting to get a license for feature 'Implementation' and/or device 'xc7a100t'
INFO: [Common 17-349] Got license for feature 'Implementation' and/or device 'xc7a100t'
INFO: [DRC 23-27] Running DRC with 8 threads
INFO: [Vivado_Tcl 4-198] DRC finished with 0 Errors
INFO: [Vivado_Tcl 4-199] Please refer to the DRC report (report_drc) for more information.
Running DRC as a precondition to command place_design
INFO: [DRC 23-27] Running DRC with 8 threads
INFO: [Vivado_Tcl 4-198] DRC finished with 0 Errors
INFO: [Vivado_Tcl 4-199] Please refer to the DRC report (report_drc) for more information.

Starting Placer Task
INFO: [Place 30-611] Multithreading enabled for place_design using a maximum of 8 CPUs

Phase 1 Placer Initialization

Phase 1.1 Placer Initialization Netlist Sorting
Netlist sorting complete. Time (s): cpu = 00:00:00 ; elapsed = 00:00:00 . Memory (MB): peak = 3511.848 ; gain = 0.000 ; free physical = 3738 ; free virtual = 9463
Phase 1.1 Placer Initialization Netlist Sorting | Checksum: 13deeba31

Time (s): cpu = 00:00:00 ; elapsed = 00:00:00.03 . Memory (MB): peak = 3511.848 ; gain = 0.000 ; free physical = 3738 ; free virtual = 9463
Netlist sorting complete. Time (s): cpu = 00:00:00 ; elapsed = 00:00:00 . Memory (MB): peak = 3511.848 ; gain = 0.000 ; free physical = 3738 ; free virtual = 9463

Phase 1.2 IO Placement/ Clock Placement/ Build Placer Device
INFO: [Timing 38-35] Done setting XDC timing constraints.
Phase 1.2 IO Placement/ Clock Placement/ Build Placer Device | Checksum: 19f641a48

Time (s): cpu = 00:00:00.52 ; elapsed = 00:00:00.18 . Memory (MB): peak = 3511.848 ; gain = 0.000 ; free physical = 3723 ; free virtual = 9448

Phase 1.3 Build Placer Netlist Model
Phase 1.3 Build Placer Netlist Model | Checksum: 1bc76d604

Time (s): cpu = 00:00:01 ; elapsed = 00:00:00.43 . Memory (MB): peak = 3511.848 ; gain = 0.000 ; free physical = 3735 ; free virtual = 9460

Phase 1.4 Constrain Clocks/Macros
Phase 1.4 Constrain Clocks/Macros | Checksum: 1bc76d604

Time (s): cpu = 00:00:01 ; elapsed = 00:00:00.43 . Memory (MB): peak = 3511.848 ; gain = 0.000 ; free physical = 3735 ; free virtual = 9460
Phase 1 Placer Initialization | Checksum: 1bc76d604

Time (s): cpu = 00:00:01 ; elapsed = 00:00:00.44 . Memory (MB): peak = 3511.848 ; gain = 0.000 ; free physical = 3735 ; free virtual = 9460

Phase 2 Global Placement

Phase 2.1 Floorplanning
Phase 2.1 Floorplanning | Checksum: 24ed37322

Time (s): cpu = 00:00:02 ; elapsed = 00:00:00.51 . Memory (MB): peak = 3511.848 ; gain = 0.000 ; free physical = 3732 ; free virtual = 9457

Phase 2.2 Update Timing before SLR Path Opt
Phase 2.2 Update Timing before SLR Path Opt | Checksum: 26933d315

Time (s): cpu = 00:00:02 ; elapsed = 00:00:00.55 . Memory (MB): peak = 3511.848 ; gain = 0.000 ; free physical = 3732 ; free virtual = 9457

Phase 2.3 Post-Processing in Floorplanning
Phase 2.3 Post-Processing in Floorplanning | Checksum: 26933d315

Time (s): cpu = 00:00:02 ; elapsed = 00:00:00.56 . Memory (MB): peak = 3511.848 ; gain = 0.000 ; free physical = 3732 ; free virtual = 9457

Phase 2.4 Global Placement Core

Phase 2.4.1 UpdateTiming Before Physical Synthesis
Phase 2.4.1 UpdateTiming Before Physical Synthesis | Checksum: 15a321402

Time (s): cpu = 00:00:06 ; elapsed = 00:00:02 . Memory (MB): peak = 3511.848 ; gain = 0.000 ; free physical = 3690 ; free virtual = 9413

Phase 2.4.2 Physical Synthesis In Placer
INFO: [Physopt 32-1035] Found 0 LUTNM shape to break, 16 LUT instances to create LUTNM shape
INFO: [Physopt 32-1044] Break lutnm for timing: one critical 0, two critical 0, total 0, new lutff created 0
INFO: [Physopt 32-1138] End 1 Pass. Optimized 6 nets or LUTs. Breaked 0 LUT, combined 6 existing LUTs and moved 0 existing LUT
INFO: [Physopt 32-65] No nets found for high-fanout optimization.
INFO: [Physopt 32-232] Optimized 0 net. Created 0 new instance.
INFO: [Physopt 32-775] End 1 Pass. Optimized 0 net or cell. Created 0 new cell, deleted 0 existing cell and moved 0 existing cell
INFO: [Physopt 32-670] No setup violation found.  DSP Register Optimization was not performed.
INFO: [Physopt 32-670] No setup violation found.  Shift Register to Pipeline Optimization was not performed.
INFO: [Physopt 32-670] No setup violation found.  Shift Register Optimization was not performed.
INFO: [Physopt 32-670] No setup violation found.  BRAM Register Optimization was not performed.
INFO: [Physopt 32-670] No setup violation found.  URAM Register Optimization was not performed.
INFO: [Physopt 32-949] No candidate nets found for dynamic/static region interface net replication
INFO: [Physopt 32-775] End 1 Pass. Optimized 0 net or cell. Created 0 new cell, deleted 0 existing cell and moved 0 existing cell
Netlist sorting complete. Time (s): cpu = 00:00:00 ; elapsed = 00:00:00 . Memory (MB): peak = 3511.848 ; gain = 0.000 ; free physical = 3689 ; free virtual = 9412

Summary of Physical Synthesis Optimizations
============================================


-----------------------------------------------------------------------------------------------------------------------------------------------------------
|  Optimization                                     |  Added Cells  |  Removed Cells  |  Optimized Cells/Nets  |  Dont Touch  |  Iterations  |  Elapsed   |
-----------------------------------------------------------------------------------------------------------------------------------------------------------
|  LUT Combining                                    |            0  |              6  |                     6  |           0  |           1  |  00:00:00  |
|  Retime                                           |            0  |              0  |                     0  |           0  |           1  |  00:00:00  |
|  Very High Fanout                                 |            0  |              0  |                     0  |           0  |           1  |  00:00:00  |
|  DSP Register                                     |            0  |              0  |                     0  |           0  |           0  |  00:00:00  |
|  Shift Register to Pipeline                       |            0  |              0  |                     0  |           0  |           0  |  00:00:00  |
|  Shift Register                                   |            0  |              0  |                     0  |           0  |           0  |  00:00:00  |
|  BRAM Register                                    |            0  |              0  |                     0  |           0  |           0  |  00:00:00  |
|  URAM Register                                    |            0  |              0  |                     0  |           0  |           0  |  00:00:00  |
|  Dynamic/Static Region Interface Net Replication  |            0  |              0  |                     0  |           0  |           1  |  00:00:00  |
|  Total                                            |            0  |              6  |                     6  |           0  |           4  |  00:00:00  |
-----------------------------------------------------------------------------------------------------------------------------------------------------------


Phase 2.4.2 Physical Synthesis In Placer | Checksum: 1ab9d9b5f

Time (s): cpu = 00:00:07 ; elapsed = 00:00:02 . Memory (MB): peak = 3511.848 ; gain = 0.000 ; free physical = 3688 ; free virtual = 9412
Phase 2.4 Global Placement Core | Checksum: 15131d6c0

Time (s): cpu = 00:00:08 ; elapsed = 00:00:02 . Memory (MB): peak = 3511.848 ; gain = 0.000 ; free physical = 3688 ; free virtual = 9412
Phase 2 Global Placement | Checksum: 15131d6c0

Time (s): cpu = 00:00:08 ; elapsed = 00:00:02 . Memory (MB): peak = 3511.848 ; gain = 0.000 ; free physical = 3688 ; free virtual = 9412

Phase 3 Detail Placement

Phase 3.1 Commit Multi Column Macros
Phase 3.1 Commit Multi Column Macros | Checksum: f1a22f32

Time (s): cpu = 00:00:08 ; elapsed = 00:00:02 . Memory (MB): peak = 3511.848 ; gain = 0.000 ; free physical = 3688 ; free virtual = 9411

Phase 3.2 Commit Most Macros & LUTRAMs
Phase 3.2 Commit Most Macros & LUTRAMs | Checksum: 22815f8ad

Time (s): cpu = 00:00:08 ; elapsed = 00:00:02 . Memory (MB): peak = 3511.848 ; gain = 0.000 ; free physical = 3688 ; free virtual = 9411

Phase 3.3 Area Swap Optimization
Phase 3.3 Area Swap Optimization | Checksum: 1dc8d2476

Time (s): cpu = 00:00:09 ; elapsed = 00:00:02 . Memory (MB): peak = 3511.848 ; gain = 0.000 ; free physical = 3688 ; free virtual = 9411

Phase 3.4 Pipeline Register Optimization
Phase 3.4 Pipeline Register Optimization | Checksum: 27fc02e27

Time (s): cpu = 00:00:09 ; elapsed = 00:00:02 . Memory (MB): peak = 3511.848 ; gain = 0.000 ; free physical = 3688 ; free virtual = 9411

Phase 3.5 Small Shape Detail Placement
Phase 3.5 Small Shape Detail Placement | Checksum: 15c17be47

Time (s): cpu = 00:00:09 ; elapsed = 00:00:02 . Memory (MB): peak = 3511.848 ; gain = 0.000 ; free physical = 3686 ; free virtual = 9408

Phase 3.6 Re-assign LUT pins
Phase 3.6 Re-assign LUT pins | Checksum: 21e75eb6f

Time (s): cpu = 00:00:09 ; elapsed = 00:00:03 . Memory (MB): peak = 3511.848 ; gain = 0.000 ; free physical = 3682 ; free virtual = 9405

Phase 3.7 Pipeline Register Optimization
Phase 3.7 Pipeline Register Optimization | Checksum: 22cc9dc70

Time (s): cpu = 00:00:09 ; elapsed = 00:00:03 . Memory (MB): peak = 3511.848 ; gain = 0.000 ; free physical = 3677 ; free virtual = 9400
Phase 3 Detail Placement | Checksum: 22cc9dc70

Time (s): cpu = 00:00:09 ; elapsed = 00:00:03 . Memory (MB): peak = 3511.848 ; gain = 0.000 ; free physical = 3674 ; free virtual = 9397

Phase 4 Post Placement Optimization and Clean-Up

Phase 4.1 Post Commit Optimization
INFO: [Timing 38-35] Done setting XDC timing constraints.

Phase 4.1.1 Post Placement Optimization
Post Placement Optimization Initialization | Checksum: 22c094102

Phase 4.1.1.1 BUFG Insertion

Starting Physical Synthesis Task

Phase 1 Physical Synthesis Initialization
INFO: [Physopt 32-721] Multithreading enabled for phys_opt_design using a maximum of 8 CPUs
INFO: [Physopt 32-619] Estimated Timing Summary | WNS=5.662 | TNS=0.000 |
Phase 1 Physical Synthesis Initialization | Checksum: 21aad96c4

Time (s): cpu = 00:00:00.12 ; elapsed = 00:00:00.03 . Memory (MB): peak = 3511.848 ; gain = 0.000 ; free physical = 3673 ; free virtual = 9398
INFO: [Place 46-56] BUFG insertion identified 0 candidate nets. Inserted BUFG: 0, Replicated BUFG Driver: 0, Skipped due to Placement/Routing Conflicts: 0, Skipped due to Timing Degradation: 0, Skipped due to Illegal Netlist: 0.
Ending Physical Synthesis Task | Checksum: 27d00d2dc

Time (s): cpu = 00:00:00.13 ; elapsed = 00:00:00.04 . Memory (MB): peak = 3511.848 ; gain = 0.000 ; free physical = 3668 ; free virtual = 9398
Phase 4.1.1.1 BUFG Insertion | Checksum: 22c094102

Time (s): cpu = 00:00:10 ; elapsed = 00:00:03 . Memory (MB): peak = 3511.848 ; gain = 0.000 ; free physical = 3668 ; free virtual = 9398

Phase 4.1.1.2 Post Placement Timing Optimization
INFO: [Place 30-746] Post Placement Timing Summary WNS=5.662. For the most accurate timing information please run report_timing.
Phase 4.1.1.2 Post Placement Timing Optimization | Checksum: 20202f265

Time (s): cpu = 00:00:10 ; elapsed = 00:00:03 . Memory (MB): peak = 3511.848 ; gain = 0.000 ; free physical = 3668 ; free virtual = 9398

Time (s): cpu = 00:00:10 ; elapsed = 00:00:03 . Memory (MB): peak = 3511.848 ; gain = 0.000 ; free physical = 3668 ; free virtual = 9398
Phase 4.1 Post Commit Optimization | Checksum: 20202f265

Time (s): cpu = 00:00:10 ; elapsed = 00:00:03 . Memory (MB): peak = 3511.848 ; gain = 0.000 ; free physical = 3668 ; free virtual = 9398

Phase 4.2 Post Placement Cleanup
Phase 4.2 Post Placement Cleanup | Checksum: 20202f265

Time (s): cpu = 00:00:11 ; elapsed = 00:00:03 . Memory (MB): peak = 3511.848 ; gain = 0.000 ; free physical = 3668 ; free virtual = 9398

Phase 4.3 Placer Reporting

Phase 4.3.1 Print Estimated Congestion
INFO: [Place 30-612] Post-Placement Estimated Congestion 
 ____________________________________________________
|           | Global Congestion | Short Congestion  |
| Direction | Region Size       | Region Size       |
|___________|___________________|___________________|
|      North|                1x1|                2x2|
|___________|___________________|___________________|
|      South|                1x1|                2x2|
|___________|___________________|___________________|
|       East|                1x1|                1x1|
|___________|___________________|___________________|
|       West|                1x1|                1x1|
|___________|___________________|___________________|

Phase 4.3.1 Print Estimated Congestion | Checksum: 20202f265

Time (s): cpu = 00:00:11 ; elapsed = 00:00:03 . Memory (MB): peak = 3511.848 ; gain = 0.000 ; free physical = 3669 ; free virtual = 9398
Phase 4.3 Placer Reporting | Checksum: 20202f265

Time (s): cpu = 00:00:11 ; elapsed = 00:00:03 . Memory (MB): peak = 3511.848 ; gain = 0.000 ; free physical = 3669 ; free virtual = 9398

Phase 4.4 Final Placement Cleanup
Netlist sorting complete. Time (s): cpu = 00:00:00 ; elapsed = 00:00:00 . Memory (MB): peak = 3511.848 ; gain = 0.000 ; free physical = 3669 ; free virtual = 9398

Time (s): cpu = 00:00:11 ; elapsed = 00:00:03 . Memory (MB): peak = 3511.848 ; gain = 0.000 ; free physical = 3669 ; free virtual = 9398
Phase 4 Post Placement Optimization and Clean-Up | Checksum: 1bc89b4f9

Time (s): cpu = 00:00:11 ; elapsed = 00:00:03 . Memory (MB): peak = 3511.848 ; gain = 0.000 ; free physical = 3669 ; free virtual = 9398
Ending Placer Task | Checksum: 16f38b653

Time (s): cpu = 00:00:11 ; elapsed = 00:00:03 . Memory (MB): peak = 3511.848 ; gain = 0.000 ; free physical = 3668 ; free virtual = 9398
INFO: [Common 17-83] Releasing license: Implementation
66 Infos, 0 Warnings, 0 Critical Warnings and 0 Errors encountered.
place_design completed successfully
INFO: [Timing 38-480] Writing timing data to binary archive.
Writing XDEF routing.
Writing XDEF routing logical nets.
Writing XDEF routing special nets.
Write XDEF Complete: Time (s): cpu = 00:00:00.36 ; elapsed = 00:00:00.24 . Memory (MB): peak = 3511.848 ; gain = 0.000 ; free physical = 3691 ; free virtual = 9424
INFO: [Common 17-1381] The checkpoint '/st/c2024/c4264/jikken/RISC/riscv-np/fpga/riscv/riscv.runs/impl_1/riscv_placed.dcp' has been generated.
INFO: [runtcl-4] Executing : report_io -file riscv_io_placed.rpt
report_io: Time (s): cpu = 00:00:00.07 ; elapsed = 00:00:00.12 . Memory (MB): peak = 3511.848 ; gain = 0.000 ; free physical = 3676 ; free virtual = 9407
INFO: [runtcl-4] Executing : report_utilization -file riscv_utilization_placed.rpt -pb riscv_utilization_placed.pb
INFO: [runtcl-4] Executing : report_control_sets -verbose -file riscv_control_sets_placed.rpt
report_control_sets: Time (s): cpu = 00:00:00.03 ; elapsed = 00:00:00.08 . Memory (MB): peak = 3511.848 ; gain = 0.000 ; free physical = 3685 ; free virtual = 9416
Command: phys_opt_design
Attempting to get a license for feature 'Implementation' and/or device 'xc7a100t'
INFO: [Common 17-349] Got license for feature 'Implementation' and/or device 'xc7a100t'

Starting Initial Update Timing Task

Time (s): cpu = 00:00:00.31 ; elapsed = 00:00:00.12 . Memory (MB): peak = 3511.848 ; gain = 0.000 ; free physical = 3666 ; free virtual = 9396
INFO: [Vivado_Tcl 4-383] Design worst setup slack (WNS) is greater than or equal to 0.000 ns. Skipping all physical synthesis optimizations.
INFO: [Vivado_Tcl 4-232] No setup violation found. The netlist was not modified.
INFO: [Common 17-83] Releasing license: Implementation
75 Infos, 0 Warnings, 0 Critical Warnings and 0 Errors encountered.
phys_opt_design completed successfully
INFO: [Timing 38-480] Writing timing data to binary archive.
Writing XDEF routing.
Writing XDEF routing logical nets.
Writing XDEF routing special nets.
Write XDEF Complete: Time (s): cpu = 00:00:00.41 ; elapsed = 00:00:00.23 . Memory (MB): peak = 3511.848 ; gain = 0.000 ; free physical = 3660 ; free virtual = 9392
INFO: [Common 17-1381] The checkpoint '/st/c2024/c4264/jikken/RISC/riscv-np/fpga/riscv/riscv.runs/impl_1/riscv_physopt.dcp' has been generated.
Command: route_design
Attempting to get a license for feature 'Implementation' and/or device 'xc7a100t'
INFO: [Common 17-349] Got license for feature 'Implementation' and/or device 'xc7a100t'
Running DRC as a precondition to command route_design
INFO: [DRC 23-27] Running DRC with 8 threads
INFO: [Vivado_Tcl 4-198] DRC finished with 0 Errors
INFO: [Vivado_Tcl 4-199] Please refer to the DRC report (report_drc) for more information.


Starting Routing Task
INFO: [Route 35-254] Multithreading enabled for route_design using a maximum of 8 CPUs

Phase 1 Build RT Design
Checksum: PlaceDB: d9aa895b ConstDB: 0 ShapeSum: 958e2cf8 RouteDB: 0
Post Restoration Checksum: NetGraph: 51318243 NumContArr: d1f83d2b Constraints: 0 Timing: 0
Phase 1 Build RT Design | Checksum: 12329bf6e

Time (s): cpu = 00:00:16 ; elapsed = 00:00:13 . Memory (MB): peak = 3511.848 ; gain = 0.000 ; free physical = 3566 ; free virtual = 9274

Phase 2 Router Initialization

Phase 2.1 Fix Topology Constraints
Phase 2.1 Fix Topology Constraints | Checksum: 12329bf6e

Time (s): cpu = 00:00:16 ; elapsed = 00:00:13 . Memory (MB): peak = 3511.848 ; gain = 0.000 ; free physical = 3531 ; free virtual = 9240

Phase 2.2 Pre Route Cleanup
Phase 2.2 Pre Route Cleanup | Checksum: 12329bf6e

Time (s): cpu = 00:00:16 ; elapsed = 00:00:13 . Memory (MB): peak = 3511.848 ; gain = 0.000 ; free physical = 3531 ; free virtual = 9240
 Number of Nodes with overlaps = 0

Phase 2.3 Update Timing
Phase 2.3 Update Timing | Checksum: 6e51cca8

Time (s): cpu = 00:00:17 ; elapsed = 00:00:14 . Memory (MB): peak = 3511.848 ; gain = 0.000 ; free physical = 3520 ; free virtual = 9229
INFO: [Route 35-416] Intermediate Timing Summary | WNS=5.929  | TNS=0.000  | WHS=-0.109 | THS=-16.887|


Router Utilization Summary
  Global Vertical Routing Utilization    = 0 %
  Global Horizontal Routing Utilization  = 0 %
  Routable Net Status*
  *Does not include unroutable nets such as driverless and loadless.
  Run report_route_status for detailed report.
  Number of Failed Nets               = 2209
    (Failed Nets is the sum of unrouted and partially routed nets)
  Number of Unrouted Nets             = 2209
  Number of Partially Routed Nets     = 0
  Number of Node Overlaps             = 0

Phase 2 Router Initialization | Checksum: b4698a77

Time (s): cpu = 00:00:18 ; elapsed = 00:00:14 . Memory (MB): peak = 3511.848 ; gain = 0.000 ; free physical = 3511 ; free virtual = 9217

Phase 3 Initial Routing

Phase 3.1 Global Routing
Phase 3.1 Global Routing | Checksum: b4698a77

Time (s): cpu = 00:00:18 ; elapsed = 00:00:14 . Memory (MB): peak = 3511.848 ; gain = 0.000 ; free physical = 3511 ; free virtual = 9217
Phase 3 Initial Routing | Checksum: 20bfb97bc

Time (s): cpu = 00:00:18 ; elapsed = 00:00:14 . Memory (MB): peak = 3511.848 ; gain = 0.000 ; free physical = 3512 ; free virtual = 9219

Phase 4 Rip-up And Reroute

Phase 4.1 Global Iteration 0
 Number of Nodes with overlaps = 333
 Number of Nodes with overlaps = 23
 Number of Nodes with overlaps = 4
 Number of Nodes with overlaps = 4
 Number of Nodes with overlaps = 0
INFO: [Route 35-416] Intermediate Timing Summary | WNS=5.770  | TNS=0.000  | WHS=N/A    | THS=N/A    |

Phase 4.1 Global Iteration 0 | Checksum: 247367b06

Time (s): cpu = 00:00:20 ; elapsed = 00:00:15 . Memory (MB): peak = 3511.848 ; gain = 0.000 ; free physical = 3510 ; free virtual = 9217
Phase 4 Rip-up And Reroute | Checksum: 247367b06

Time (s): cpu = 00:00:20 ; elapsed = 00:00:15 . Memory (MB): peak = 3511.848 ; gain = 0.000 ; free physical = 3510 ; free virtual = 9217

Phase 5 Delay and Skew Optimization

Phase 5.1 Delay CleanUp

Phase 5.1.1 Update Timing
Phase 5.1.1 Update Timing | Checksum: 19b35c359

Time (s): cpu = 00:00:20 ; elapsed = 00:00:15 . Memory (MB): peak = 3511.848 ; gain = 0.000 ; free physical = 3510 ; free virtual = 9216
INFO: [Route 35-416] Intermediate Timing Summary | WNS=5.777  | TNS=0.000  | WHS=N/A    | THS=N/A    |

Phase 5.1 Delay CleanUp | Checksum: 19b35c359

Time (s): cpu = 00:00:20 ; elapsed = 00:00:15 . Memory (MB): peak = 3511.848 ; gain = 0.000 ; free physical = 3510 ; free virtual = 9216

Phase 5.2 Clock Skew Optimization
Phase 5.2 Clock Skew Optimization | Checksum: 19b35c359

Time (s): cpu = 00:00:20 ; elapsed = 00:00:15 . Memory (MB): peak = 3511.848 ; gain = 0.000 ; free physical = 3510 ; free virtual = 9216
Phase 5 Delay and Skew Optimization | Checksum: 19b35c359

Time (s): cpu = 00:00:20 ; elapsed = 00:00:15 . Memory (MB): peak = 3511.848 ; gain = 0.000 ; free physical = 3510 ; free virtual = 9216

Phase 6 Post Hold Fix

Phase 6.1 Hold Fix Iter

Phase 6.1.1 Update Timing
Phase 6.1.1 Update Timing | Checksum: 206a12e3c

Time (s): cpu = 00:00:20 ; elapsed = 00:00:15 . Memory (MB): peak = 3511.848 ; gain = 0.000 ; free physical = 3510 ; free virtual = 9216
INFO: [Route 35-416] Intermediate Timing Summary | WNS=5.777  | TNS=0.000  | WHS=0.150  | THS=0.000  |

Phase 6.1 Hold Fix Iter | Checksum: 1bba5c9d1

Time (s): cpu = 00:00:20 ; elapsed = 00:00:15 . Memory (MB): peak = 3511.848 ; gain = 0.000 ; free physical = 3510 ; free virtual = 9216
Phase 6 Post Hold Fix | Checksum: 1bba5c9d1

Time (s): cpu = 00:00:20 ; elapsed = 00:00:15 . Memory (MB): peak = 3511.848 ; gain = 0.000 ; free physical = 3510 ; free virtual = 9216

Phase 7 Route finalize

Router Utilization Summary
  Global Vertical Routing Utilization    = 0.455586 %
  Global Horizontal Routing Utilization  = 0.515914 %
  Routable Net Status*
  *Does not include unroutable nets such as driverless and loadless.
  Run report_route_status for detailed report.
  Number of Failed Nets               = 0
    (Failed Nets is the sum of unrouted and partially routed nets)
  Number of Unrouted Nets             = 0
  Number of Partially Routed Nets     = 0
  Number of Node Overlaps             = 0

Phase 7 Route finalize | Checksum: 1749f3c4f

Time (s): cpu = 00:00:20 ; elapsed = 00:00:15 . Memory (MB): peak = 3511.848 ; gain = 0.000 ; free physical = 3510 ; free virtual = 9216

Phase 8 Verifying routed nets

 Verification completed successfully
Phase 8 Verifying routed nets | Checksum: 1749f3c4f

Time (s): cpu = 00:00:20 ; elapsed = 00:00:15 . Memory (MB): peak = 3511.848 ; gain = 0.000 ; free physical = 3508 ; free virtual = 9215

Phase 9 Depositing Routes
Phase 9 Depositing Routes | Checksum: 19940afd3

Time (s): cpu = 00:00:20 ; elapsed = 00:00:15 . Memory (MB): peak = 3511.848 ; gain = 0.000 ; free physical = 3508 ; free virtual = 9215

Phase 10 Post Router Timing
INFO: [Route 35-57] Estimated Timing Summary | WNS=5.777  | TNS=0.000  | WHS=0.150  | THS=0.000  |

INFO: [Route 35-327] The final timing numbers are based on the router estimated timing analysis. For a complete and accurate timing signoff, please run report_timing_summary.
Phase 10 Post Router Timing | Checksum: 19940afd3

Time (s): cpu = 00:00:20 ; elapsed = 00:00:15 . Memory (MB): peak = 3511.848 ; gain = 0.000 ; free physical = 3508 ; free virtual = 9215
INFO: [Route 35-16] Router Completed Successfully

Time (s): cpu = 00:00:20 ; elapsed = 00:00:15 . Memory (MB): peak = 3511.848 ; gain = 0.000 ; free physical = 3540 ; free virtual = 9247

Routing Is Done.
INFO: [Common 17-83] Releasing license: Implementation
90 Infos, 0 Warnings, 0 Critical Warnings and 0 Errors encountered.
route_design completed successfully
route_design: Time (s): cpu = 00:00:21 ; elapsed = 00:01:16 . Memory (MB): peak = 3511.848 ; gain = 0.000 ; free physical = 3555 ; free virtual = 9261
INFO: [Timing 38-480] Writing timing data to binary archive.
Writing XDEF routing.
Writing XDEF routing logical nets.
Writing XDEF routing special nets.
Write XDEF Complete: Time (s): cpu = 00:00:00.43 ; elapsed = 00:00:00.25 . Memory (MB): peak = 3511.848 ; gain = 0.000 ; free physical = 3547 ; free virtual = 9256
INFO: [Common 17-1381] The checkpoint '/st/c2024/c4264/jikken/RISC/riscv-np/fpga/riscv/riscv.runs/impl_1/riscv_routed.dcp' has been generated.
INFO: [runtcl-4] Executing : report_drc -file riscv_drc_routed.rpt -pb riscv_drc_routed.pb -rpx riscv_drc_routed.rpx
Command: report_drc -file riscv_drc_routed.rpt -pb riscv_drc_routed.pb -rpx riscv_drc_routed.rpx
INFO: [IP_Flow 19-1839] IP Catalog is up to date.
INFO: [DRC 23-27] Running DRC with 8 threads
INFO: [Vivado_Tcl 2-168] The results of DRC are in file /st/c2024/c4264/jikken/RISC/riscv-np/fpga/riscv/riscv.runs/impl_1/riscv_drc_routed.rpt.
report_drc completed successfully
INFO: [runtcl-4] Executing : report_methodology -file riscv_methodology_drc_routed.rpt -pb riscv_methodology_drc_routed.pb -rpx riscv_methodology_drc_routed.rpx
Command: report_methodology -file riscv_methodology_drc_routed.rpt -pb riscv_methodology_drc_routed.pb -rpx riscv_methodology_drc_routed.rpx
INFO: [Timing 38-35] Done setting XDC timing constraints.
INFO: [DRC 23-133] Running Methodology with 8 threads
INFO: [Vivado_Tcl 2-1520] The results of Report Methodology are in file /st/c2024/c4264/jikken/RISC/riscv-np/fpga/riscv/riscv.runs/impl_1/riscv_methodology_drc_routed.rpt.
report_methodology completed successfully
INFO: [runtcl-4] Executing : report_power -file riscv_power_routed.rpt -pb riscv_power_summary_routed.pb -rpx riscv_power_routed.rpx
Command: report_power -file riscv_power_routed.rpt -pb riscv_power_summary_routed.pb -rpx riscv_power_routed.rpx
INFO: [Timing 38-35] Done setting XDC timing constraints.
Running Vector-less Activity Propagation...

Finished Running Vector-less Activity Propagation
102 Infos, 0 Warnings, 0 Critical Warnings and 0 Errors encountered.
report_power completed successfully
INFO: [runtcl-4] Executing : report_route_status -file riscv_route_status.rpt -pb riscv_route_status.pb
INFO: [runtcl-4] Executing : report_timing_summary -max_paths 10 -report_unconstrained -file riscv_timing_summary_routed.rpt -pb riscv_timing_summary_routed.pb -rpx riscv_timing_summary_routed.rpx -warn_on_violation 
INFO: [Timing 38-91] UpdateTimingParams: Speed grade: -1, Delay Type: min_max.
INFO: [Timing 38-191] Multithreading enabled for timing update using a maximum of 8 CPUs
INFO: [runtcl-4] Executing : report_incremental_reuse -file riscv_incremental_reuse_routed.rpt
INFO: [Vivado_Tcl 4-1062] Incremental flow is disabled. No incremental reuse Info to report.
INFO: [runtcl-4] Executing : report_clock_utilization -file riscv_clock_utilization_routed.rpt
INFO: [runtcl-4] Executing : report_bus_skew -warn_on_violation -file riscv_bus_skew_routed.rpt -pb riscv_bus_skew_routed.pb -rpx riscv_bus_skew_routed.rpx
INFO: [Timing 38-91] UpdateTimingParams: Speed grade: -1, Delay Type: min_max.
INFO: [Timing 38-191] Multithreading enabled for timing update using a maximum of 8 CPUs
Command: write_bitstream -force riscv.bit
Attempting to get a license for feature 'Implementation' and/or device 'xc7a100t'
INFO: [Common 17-349] Got license for feature 'Implementation' and/or device 'xc7a100t'
Running DRC as a precondition to command write_bitstream
INFO: [IP_Flow 19-1839] IP Catalog is up to date.
INFO: [DRC 23-27] Running DRC with 8 threads
WARNING: [DRC DPOP-1] PREG Output pipelining: DSP MEM_MUL_SS output MEM_MUL_SS/P[47:0] is not pipelined (PREG=0). Pipelining the DSP48 output will improve performance and often saves power so it is suggested whenever possible to fully pipeline this function.  If this DSP48 function was inferred, it is suggested to describe an additional register stage after this function.  If the DSP48 was instantiated in the design, it is suggested to set the PREG attribute to 1.
WARNING: [DRC DPOP-1] PREG Output pipelining: DSP MEM_MUL_SS__0 output MEM_MUL_SS__0/P[47:0] is not pipelined (PREG=0). Pipelining the DSP48 output will improve performance and often saves power so it is suggested whenever possible to fully pipeline this function.  If this DSP48 function was inferred, it is suggested to describe an additional register stage after this function.  If the DSP48 was instantiated in the design, it is suggested to set the PREG attribute to 1.
WARNING: [DRC DPOP-1] PREG Output pipelining: DSP MEM_MUL_SS__1 output MEM_MUL_SS__1/P[47:0] is not pipelined (PREG=0). Pipelining the DSP48 output will improve performance and often saves power so it is suggested whenever possible to fully pipeline this function.  If this DSP48 function was inferred, it is suggested to describe an additional register stage after this function.  If the DSP48 was instantiated in the design, it is suggested to set the PREG attribute to 1.
WARNING: [DRC DPOP-1] PREG Output pipelining: DSP MEM_MUL_SS__2 output MEM_MUL_SS__2/P[47:0] is not pipelined (PREG=0). Pipelining the DSP48 output will improve performance and often saves power so it is suggested whenever possible to fully pipeline this function.  If this DSP48 function was inferred, it is suggested to describe an additional register stage after this function.  If the DSP48 was instantiated in the design, it is suggested to set the PREG attribute to 1.
WARNING: [DRC DPOP-1] PREG Output pipelining: DSP MEM_MUL_SU_FULL output MEM_MUL_SU_FULL/P[47:0] is not pipelined (PREG=0). Pipelining the DSP48 output will improve performance and often saves power so it is suggested whenever possible to fully pipeline this function.  If this DSP48 function was inferred, it is suggested to describe an additional register stage after this function.  If the DSP48 was instantiated in the design, it is suggested to set the PREG attribute to 1.
WARNING: [DRC DPOP-1] PREG Output pipelining: DSP MEM_MUL_SU_FULL__0 output MEM_MUL_SU_FULL__0/P[47:0] is not pipelined (PREG=0). Pipelining the DSP48 output will improve performance and often saves power so it is suggested whenever possible to fully pipeline this function.  If this DSP48 function was inferred, it is suggested to describe an additional register stage after this function.  If the DSP48 was instantiated in the design, it is suggested to set the PREG attribute to 1.
WARNING: [DRC DPOP-1] PREG Output pipelining: DSP MEM_MUL_SU_FULL__1 output MEM_MUL_SU_FULL__1/P[47:0] is not pipelined (PREG=0). Pipelining the DSP48 output will improve performance and often saves power so it is suggested whenever possible to fully pipeline this function.  If this DSP48 function was inferred, it is suggested to describe an additional register stage after this function.  If the DSP48 was instantiated in the design, it is suggested to set the PREG attribute to 1.
WARNING: [DRC DPOP-1] PREG Output pipelining: DSP MEM_MUL_SU_FULL__2 output MEM_MUL_SU_FULL__2/P[47:0] is not pipelined (PREG=0). Pipelining the DSP48 output will improve performance and often saves power so it is suggested whenever possible to fully pipeline this function.  If this DSP48 function was inferred, it is suggested to describe an additional register stage after this function.  If the DSP48 was instantiated in the design, it is suggested to set the PREG attribute to 1.
WARNING: [DRC DPOP-1] PREG Output pipelining: DSP MEM_MUL_UU output MEM_MUL_UU/P[47:0] is not pipelined (PREG=0). Pipelining the DSP48 output will improve performance and often saves power so it is suggested whenever possible to fully pipeline this function.  If this DSP48 function was inferred, it is suggested to describe an additional register stage after this function.  If the DSP48 was instantiated in the design, it is suggested to set the PREG attribute to 1.
WARNING: [DRC DPOP-1] PREG Output pipelining: DSP MEM_MUL_UU__0 output MEM_MUL_UU__0/P[47:0] is not pipelined (PREG=0). Pipelining the DSP48 output will improve performance and often saves power so it is suggested whenever possible to fully pipeline this function.  If this DSP48 function was inferred, it is suggested to describe an additional register stage after this function.  If the DSP48 was instantiated in the design, it is suggested to set the PREG attribute to 1.
WARNING: [DRC DPOP-1] PREG Output pipelining: DSP MEM_MUL_UU__1 output MEM_MUL_UU__1/P[47:0] is not pipelined (PREG=0). Pipelining the DSP48 output will improve performance and often saves power so it is suggested whenever possible to fully pipeline this function.  If this DSP48 function was inferred, it is suggested to describe an additional register stage after this function.  If the DSP48 was instantiated in the design, it is suggested to set the PREG attribute to 1.
WARNING: [DRC DPOP-1] PREG Output pipelining: DSP MEM_MUL_UU__2 output MEM_MUL_UU__2/P[47:0] is not pipelined (PREG=0). Pipelining the DSP48 output will improve performance and often saves power so it is suggested whenever possible to fully pipeline this function.  If this DSP48 function was inferred, it is suggested to describe an additional register stage after this function.  If the DSP48 was instantiated in the design, it is suggested to set the PREG attribute to 1.
WARNING: [DRC DPOP-2] MREG Output pipelining: DSP MEM_MUL_SS multiplier stage MEM_MUL_SS/P[47:0] is not pipelined (MREG=0). Pipelining the multiplier function will improve performance and will save significant power so it is suggested whenever possible to fully pipeline this function.  If this multiplier was inferred, it is suggested to describe an additional register stage after this function.  If there is no registered adder/accumulator following the multiply function, two pipeline stages are suggested to allow both the MREG and PREG registers to be used.  If the DSP48 was instantiated in the design, it is suggested to set both the MREG and PREG attributes to 1 when performing multiply functions.
WARNING: [DRC DPOP-2] MREG Output pipelining: DSP MEM_MUL_SS__0 multiplier stage MEM_MUL_SS__0/P[47:0] is not pipelined (MREG=0). Pipelining the multiplier function will improve performance and will save significant power so it is suggested whenever possible to fully pipeline this function.  If this multiplier was inferred, it is suggested to describe an additional register stage after this function.  If there is no registered adder/accumulator following the multiply function, two pipeline stages are suggested to allow both the MREG and PREG registers to be used.  If the DSP48 was instantiated in the design, it is suggested to set both the MREG and PREG attributes to 1 when performing multiply functions.
WARNING: [DRC DPOP-2] MREG Output pipelining: DSP MEM_MUL_SS__1 multiplier stage MEM_MUL_SS__1/P[47:0] is not pipelined (MREG=0). Pipelining the multiplier function will improve performance and will save significant power so it is suggested whenever possible to fully pipeline this function.  If this multiplier was inferred, it is suggested to describe an additional register stage after this function.  If there is no registered adder/accumulator following the multiply function, two pipeline stages are suggested to allow both the MREG and PREG registers to be used.  If the DSP48 was instantiated in the design, it is suggested to set both the MREG and PREG attributes to 1 when performing multiply functions.
WARNING: [DRC DPOP-2] MREG Output pipelining: DSP MEM_MUL_SS__2 multiplier stage MEM_MUL_SS__2/P[47:0] is not pipelined (MREG=0). Pipelining the multiplier function will improve performance and will save significant power so it is suggested whenever possible to fully pipeline this function.  If this multiplier was inferred, it is suggested to describe an additional register stage after this function.  If there is no registered adder/accumulator following the multiply function, two pipeline stages are suggested to allow both the MREG and PREG registers to be used.  If the DSP48 was instantiated in the design, it is suggested to set both the MREG and PREG attributes to 1 when performing multiply functions.
WARNING: [DRC DPOP-2] MREG Output pipelining: DSP MEM_MUL_SU_FULL multiplier stage MEM_MUL_SU_FULL/P[47:0] is not pipelined (MREG=0). Pipelining the multiplier function will improve performance and will save significant power so it is suggested whenever possible to fully pipeline this function.  If this multiplier was inferred, it is suggested to describe an additional register stage after this function.  If there is no registered adder/accumulator following the multiply function, two pipeline stages are suggested to allow both the MREG and PREG registers to be used.  If the DSP48 was instantiated in the design, it is suggested to set both the MREG and PREG attributes to 1 when performing multiply functions.
WARNING: [DRC DPOP-2] MREG Output pipelining: DSP MEM_MUL_SU_FULL__0 multiplier stage MEM_MUL_SU_FULL__0/P[47:0] is not pipelined (MREG=0). Pipelining the multiplier function will improve performance and will save significant power so it is suggested whenever possible to fully pipeline this function.  If this multiplier was inferred, it is suggested to describe an additional register stage after this function.  If there is no registered adder/accumulator following the multiply function, two pipeline stages are suggested to allow both the MREG and PREG registers to be used.  If the DSP48 was instantiated in the design, it is suggested to set both the MREG and PREG attributes to 1 when performing multiply functions.
WARNING: [DRC DPOP-2] MREG Output pipelining: DSP MEM_MUL_SU_FULL__1 multiplier stage MEM_MUL_SU_FULL__1/P[47:0] is not pipelined (MREG=0). Pipelining the multiplier function will improve performance and will save significant power so it is suggested whenever possible to fully pipeline this function.  If this multiplier was inferred, it is suggested to describe an additional register stage after this function.  If there is no registered adder/accumulator following the multiply function, two pipeline stages are suggested to allow both the MREG and PREG registers to be used.  If the DSP48 was instantiated in the design, it is suggested to set both the MREG and PREG attributes to 1 when performing multiply functions.
WARNING: [DRC DPOP-2] MREG Output pipelining: DSP MEM_MUL_SU_FULL__2 multiplier stage MEM_MUL_SU_FULL__2/P[47:0] is not pipelined (MREG=0). Pipelining the multiplier function will improve performance and will save significant power so it is suggested whenever possible to fully pipeline this function.  If this multiplier was inferred, it is suggested to describe an additional register stage after this function.  If there is no registered adder/accumulator following the multiply function, two pipeline stages are suggested to allow both the MREG and PREG registers to be used.  If the DSP48 was instantiated in the design, it is suggested to set both the MREG and PREG attributes to 1 when performing multiply functions.
WARNING: [DRC DPOP-2] MREG Output pipelining: DSP MEM_MUL_UU multiplier stage MEM_MUL_UU/P[47:0] is not pipelined (MREG=0). Pipelining the multiplier function will improve performance and will save significant power so it is suggested whenever possible to fully pipeline this function.  If this multiplier was inferred, it is suggested to describe an additional register stage after this function.  If there is no registered adder/accumulator following the multiply function, two pipeline stages are suggested to allow both the MREG and PREG registers to be used.  If the DSP48 was instantiated in the design, it is suggested to set both the MREG and PREG attributes to 1 when performing multiply functions.
WARNING: [DRC DPOP-2] MREG Output pipelining: DSP MEM_MUL_UU__0 multiplier stage MEM_MUL_UU__0/P[47:0] is not pipelined (MREG=0). Pipelining the multiplier function will improve performance and will save significant power so it is suggested whenever possible to fully pipeline this function.  If this multiplier was inferred, it is suggested to describe an additional register stage after this function.  If there is no registered adder/accumulator following the multiply function, two pipeline stages are suggested to allow both the MREG and PREG registers to be used.  If the DSP48 was instantiated in the design, it is suggested to set both the MREG and PREG attributes to 1 when performing multiply functions.
WARNING: [DRC DPOP-2] MREG Output pipelining: DSP MEM_MUL_UU__1 multiplier stage MEM_MUL_UU__1/P[47:0] is not pipelined (MREG=0). Pipelining the multiplier function will improve performance and will save significant power so it is suggested whenever possible to fully pipeline this function.  If this multiplier was inferred, it is suggested to describe an additional register stage after this function.  If there is no registered adder/accumulator following the multiply function, two pipeline stages are suggested to allow both the MREG and PREG registers to be used.  If the DSP48 was instantiated in the design, it is suggested to set both the MREG and PREG attributes to 1 when performing multiply functions.
WARNING: [DRC DPOP-2] MREG Output pipelining: DSP MEM_MUL_UU__2 multiplier stage MEM_MUL_UU__2/P[47:0] is not pipelined (MREG=0). Pipelining the multiplier function will improve performance and will save significant power so it is suggested whenever possible to fully pipeline this function.  If this multiplier was inferred, it is suggested to describe an additional register stage after this function.  If there is no registered adder/accumulator following the multiply function, two pipeline stages are suggested to allow both the MREG and PREG registers to be used.  If the DSP48 was instantiated in the design, it is suggested to set both the MREG and PREG attributes to 1 when performing multiply functions.
INFO: [Vivado 12-3199] DRC finished with 0 Errors, 24 Warnings
INFO: [Vivado 12-3200] Please refer to the DRC report (report_drc) for more information.
INFO: [Designutils 20-2272] Running write_bitstream with 8 threads.
Loading data files...
Loading site data...
Loading route data...
Processing options...
Creating bitmap...
Creating bitstream...
Writing bitstream ./riscv.bit...
INFO: [Vivado 12-1842] Bitgen Completed Successfully.
INFO: [Project 1-1876] WebTalk data collection is mandatory when using a ULT device. To see the specific WebTalk data collected for your design, open the usage_statistics_webtalk.html or usage_statistics_webtalk.xml file in the implementation directory.
INFO: [Common 17-83] Releasing license: Implementation
12 Infos, 24 Warnings, 0 Critical Warnings and 0 Errors encountered.
write_bitstream completed successfully
write_bitstream: Time (s): cpu = 00:00:08 ; elapsed = 00:01:46 . Memory (MB): peak = 3779.578 ; gain = 216.570 ; free physical = 3358 ; free virtual = 9182
INFO: [Common 17-206] Exiting Vivado at Thu May 21 15:51:48 2026...
[Thu May 21 15:51:53 2026] impl_1 finished
wait_on_runs: Time (s): cpu = 00:00:47 ; elapsed = 00:05:18 . Memory (MB): peak = 1781.348 ; gain = 0.000 ; free physical = 5590 ; free virtual = 11361
# exit
INFO: [Common 17-206] Exiting Vivado at Thu May 21 15:51:53 2026...
