#-----------------------------------------------------------
# Vivado v2022.2 (64-bit)
# SW Build 3671981 on Fri Oct 14 04:59:54 MDT 2022
# IP Build 3669848 on Fri Oct 14 08:30:02 MDT 2022
# Start of session at: Thu May 21 14:31:59 2026
# Process ID: 370646
# Current directory: /st/c2024/c4264/jikken/RISC/riscv-np/fpga
# Command line: vivado -mode tcl -source riscv.tcl
# Log file: /st/c2024/c4264/jikken/RISC/riscv-np/fpga/vivado.log
# Journal file: /st/c2024/c4264/jikken/RISC/riscv-np/fpga/vivado.jou
# Running On: st145, OS: Linux, CPU Frequency: 2200.000 MHz, CPU Physical cores: 4, Host memory: 16453 MB
#-----------------------------------------------------------
source riscv.tcl
# create_project riscv ./riscv -part xc7a100tcsg324-1 -force
# set_property board_part digilentinc.com:nexys4_ddr:part0:1.1 [current_project]
# import_files -norecurse {../np/riscv.v ../np/riscv.vh ../np/inst.vh ../np/alu.vh ../np/alu.v  ../np/daligner.v  ../np/dmem.v ../np/rf.v ../np/shift.v ../np/prog.mif ../np/data.mif }
# update_compile_order -fileset sources_1
# add_files -fileset constrs_1 -norecurse ./riscv.xdc
# import_files -fileset constrs_1 ./riscv.xdc
# launch_runs impl_1 -to_step write_bitstream -jobs 2
[Thu May 21 14:33:15 2026] Launched synth_1...
Run output will be captured here: /st/c2024/c4264/jikken/RISC/riscv-np/fpga/riscv/riscv.runs/synth_1/runme.log
[Thu May 21 14:33:15 2026] Launched impl_1...
Run output will be captured here: /st/c2024/c4264/jikken/RISC/riscv-np/fpga/riscv/riscv.runs/impl_1/runme.log
launch_runs: Time (s): cpu = 00:00:00.1 ; elapsed = 00:01:00 . Memory (MB): peak = 1780.617 ; gain = 24.812 ; free physical = 4490 ; free virtual = 10164
# wait_on_run impl_1
[Thu May 21 14:33:15 2026] Waiting for impl_1 to finish...

*** Running vivado
    with args -log riscv.vdi -applog -m64 -product Vivado -messageDb vivado.pb -mode batch -source riscv.tcl -notrace


****** Vivado v2022.2 (64-bit)
  **** SW Build 3671981 on Fri Oct 14 04:59:54 MDT 2022
  **** IP Build 3669848 on Fri Oct 14 08:30:02 MDT 2022
    ** Copyright 1986-2022 Xilinx, Inc. All Rights Reserved.

source riscv.tcl -notrace
Command: link_design -top riscv -part xc7a100tcsg324-1
Design is defaulting to srcset: sources_1
Design is defaulting to constrset: constrs_1
INFO: [Device 21-403] Loading part xc7a100tcsg324-1
Netlist sorting complete. Time (s): cpu = 00:00:00.02 ; elapsed = 00:00:00.01 . Memory (MB): peak = 2083.809 ; gain = 0.000 ; free physical = 4916 ; free virtual = 10528
INFO: [Netlist 29-17] Analyzing 5016 Unisim elements for replacement
INFO: [Netlist 29-28] Unisim Transformation completed in 6 CPU seconds
INFO: [Project 1-479] Netlist was created with Vivado 2022.2
INFO: [Project 1-570] Preparing netlist for logic optimization
Parsing XDC File [/st/c2024/c4264/jikken/RISC/riscv-np/fpga/riscv/riscv.srcs/constrs_1/imports/fpga/riscv.xdc]
Finished Parsing XDC File [/st/c2024/c4264/jikken/RISC/riscv-np/fpga/riscv/riscv.srcs/constrs_1/imports/fpga/riscv.xdc]
INFO: [Opt 31-138] Pushed 0 inverter(s) to 0 load pin(s).
Netlist sorting complete. Time (s): cpu = 00:00:00 ; elapsed = 00:00:00 . Memory (MB): peak = 2324.660 ; gain = 0.000 ; free physical = 4772 ; free virtual = 10382
INFO: [Project 1-111] Unisim Transformation Summary:
  A total of 4110 instances were transformed.
  RAM256X1S => RAM256X1S (MUXF7(x2), MUXF8, RAMS64E(x4)): 4096 instances
  RAM32M => RAM32M (RAMD32(x6), RAMS32(x2)): 10 instances
  RAM32X1D => RAM32X1D (RAMD32(x2)): 4 instances

7 Infos, 0 Warnings, 0 Critical Warnings and 0 Errors encountered.
link_design completed successfully
link_design: Time (s): cpu = 00:00:11 ; elapsed = 00:00:54 . Memory (MB): peak = 2324.660 ; gain = 588.734 ; free physical = 4773 ; free virtual = 10382
Command: opt_design
Attempting to get a license for feature 'Implementation' and/or device 'xc7a100t'
INFO: [Common 17-349] Got license for feature 'Implementation' and/or device 'xc7a100t'
Running DRC as a precondition to command opt_design

Starting DRC Task
INFO: [DRC 23-27] Running DRC with 8 threads
INFO: [Project 1-461] DRC finished with 0 Errors
INFO: [Project 1-462] Please refer to the DRC report (report_drc) for more information.

Time (s): cpu = 00:00:00.86 ; elapsed = 00:00:00.5 . Memory (MB): peak = 2460.004 ; gain = 135.344 ; free physical = 4756 ; free virtual = 10374

Starting Cache Timing Information Task
INFO: [Timing 38-35] Done setting XDC timing constraints.
Ending Cache Timing Information Task | Checksum: 1a3923d7a

Time (s): cpu = 00:00:06 ; elapsed = 00:00:05 . Memory (MB): peak = 2924.832 ; gain = 464.828 ; free physical = 4363 ; free virtual = 9961

Starting Logic Optimization Task

Phase 1 Retarget
INFO: [Opt 31-138] Pushed 0 inverter(s) to 0 load pin(s).
INFO: [Opt 31-49] Retargeted 0 cell(s).
Phase 1 Retarget | Checksum: 1a3923d7a

Time (s): cpu = 00:00:02 ; elapsed = 00:00:00.43 . Memory (MB): peak = 3202.691 ; gain = 0.000 ; free physical = 4162 ; free virtual = 9760
INFO: [Opt 31-389] Phase Retarget created 0 cells and removed 0 cells

Phase 2 Constant propagation
INFO: [Opt 31-138] Pushed 0 inverter(s) to 0 load pin(s).
Phase 2 Constant propagation | Checksum: 1ddf65bc4

Time (s): cpu = 00:00:02 ; elapsed = 00:00:00.46 . Memory (MB): peak = 3202.691 ; gain = 0.000 ; free physical = 4162 ; free virtual = 9760
INFO: [Opt 31-389] Phase Constant propagation created 0 cells and removed 0 cells

Phase 3 Sweep
Phase 3 Sweep | Checksum: 19a28554d

Time (s): cpu = 00:00:02 ; elapsed = 00:00:00.55 . Memory (MB): peak = 3202.691 ; gain = 0.000 ; free physical = 4162 ; free virtual = 9760
INFO: [Opt 31-389] Phase Sweep created 0 cells and removed 0 cells

Phase 4 BUFG optimization
Phase 4 BUFG optimization | Checksum: 19a28554d

Time (s): cpu = 00:00:02 ; elapsed = 00:00:00.76 . Memory (MB): peak = 3251.535 ; gain = 48.844 ; free physical = 4158 ; free virtual = 9756
INFO: [Opt 31-662] Phase BUFG optimization created 0 cells of which 0 are BUFGs and removed 0 cells.

Phase 5 Shift Register Optimization
INFO: [Opt 31-1064] SRL Remap converted 0 SRLs to 0 registers and converted 0 registers of register chains to 0 SRLs
Phase 5 Shift Register Optimization | Checksum: 19a28554d

Time (s): cpu = 00:00:02 ; elapsed = 00:00:00.78 . Memory (MB): peak = 3251.535 ; gain = 48.844 ; free physical = 4158 ; free virtual = 9756
INFO: [Opt 31-389] Phase Shift Register Optimization created 0 cells and removed 0 cells

Phase 6 Post Processing Netlist
Phase 6 Post Processing Netlist | Checksum: 19a28554d

Time (s): cpu = 00:00:02 ; elapsed = 00:00:00.81 . Memory (MB): peak = 3251.535 ; gain = 48.844 ; free physical = 4158 ; free virtual = 9756
INFO: [Opt 31-389] Phase Post Processing Netlist created 0 cells and removed 0 cells
Opt_design Change Summary
=========================


-------------------------------------------------------------------------------------------------------------------------
|  Phase                        |  #Cells created  |  #Cells Removed  |  #Constrained objects preventing optimizations  |
-------------------------------------------------------------------------------------------------------------------------
|  Retarget                     |               0  |               0  |                                              0  |
|  Constant propagation         |               0  |               0  |                                              0  |
|  Sweep                        |               0  |               0  |                                              0  |
|  BUFG optimization            |               0  |               0  |                                              0  |
|  Shift Register Optimization  |               0  |               0  |                                              0  |
|  Post Processing Netlist      |               0  |               0  |                                              0  |
-------------------------------------------------------------------------------------------------------------------------



Starting Connectivity Check Task

Time (s): cpu = 00:00:00.01 ; elapsed = 00:00:00 . Memory (MB): peak = 3251.535 ; gain = 0.000 ; free physical = 4158 ; free virtual = 9756
Ending Logic Optimization Task | Checksum: 2203a06bc

Time (s): cpu = 00:00:02 ; elapsed = 00:00:00.84 . Memory (MB): peak = 3251.535 ; gain = 48.844 ; free physical = 4158 ; free virtual = 9756

Starting Power Optimization Task
INFO: [Pwropt 34-132] Skipping clock gating for clocks with a period < 2.00 ns.
Ending Power Optimization Task | Checksum: 2203a06bc

Time (s): cpu = 00:00:00.02 ; elapsed = 00:00:00.02 . Memory (MB): peak = 3251.535 ; gain = 0.000 ; free physical = 4158 ; free virtual = 9756

Starting Final Cleanup Task
Ending Final Cleanup Task | Checksum: 2203a06bc

Time (s): cpu = 00:00:00 ; elapsed = 00:00:00.01 . Memory (MB): peak = 3251.535 ; gain = 0.000 ; free physical = 4158 ; free virtual = 9756

Starting Netlist Obfuscation Task
Netlist sorting complete. Time (s): cpu = 00:00:00.01 ; elapsed = 00:00:00 . Memory (MB): peak = 3251.535 ; gain = 0.000 ; free physical = 4158 ; free virtual = 9756
Ending Netlist Obfuscation Task | Checksum: 2203a06bc

Time (s): cpu = 00:00:00.01 ; elapsed = 00:00:00 . Memory (MB): peak = 3251.535 ; gain = 0.000 ; free physical = 4158 ; free virtual = 9756
INFO: [Common 17-83] Releasing license: Implementation
24 Infos, 0 Warnings, 0 Critical Warnings and 0 Errors encountered.
opt_design completed successfully
opt_design: Time (s): cpu = 00:00:10 ; elapsed = 00:00:08 . Memory (MB): peak = 3251.535 ; gain = 926.875 ; free physical = 4158 ; free virtual = 9756
INFO: [Timing 38-480] Writing timing data to binary archive.
Writing XDEF routing.
Writing XDEF routing logical nets.
Writing XDEF routing special nets.
Write XDEF Complete: Time (s): cpu = 00:00:00.19 ; elapsed = 00:00:00.06 . Memory (MB): peak = 3263.746 ; gain = 0.000 ; free physical = 4148 ; free virtual = 9747
INFO: [Common 17-1381] The checkpoint '/st/c2024/c4264/jikken/RISC/riscv-np/fpga/riscv/riscv.runs/impl_1/riscv_opt.dcp' has been generated.
INFO: [runtcl-4] Executing : report_drc -file riscv_drc_opted.rpt -pb riscv_drc_opted.pb -rpx riscv_drc_opted.rpx
Command: report_drc -file riscv_drc_opted.rpt -pb riscv_drc_opted.pb -rpx riscv_drc_opted.rpx
INFO: [IP_Flow 19-234] Refreshing IP repositories
INFO: [IP_Flow 19-1704] No user IP repositories specified
INFO: [IP_Flow 19-2313] Loaded Vivado IP repository '/opt/xilinx/Vivado/2022.2/data/ip'.
INFO: [DRC 23-27] Running DRC with 8 threads
INFO: [Vivado_Tcl 2-168] The results of DRC are in file /st/c2024/c4264/jikken/RISC/riscv-np/fpga/riscv/riscv.runs/impl_1/riscv_drc_opted.rpt.
report_drc completed successfully
Command: place_design
Attempting to get a license for feature 'Implementation' and/or device 'xc7a100t'
INFO: [Common 17-349] Got license for feature 'Implementation' and/or device 'xc7a100t'
INFO: [DRC 23-27] Running DRC with 8 threads
INFO: [Vivado_Tcl 4-198] DRC finished with 0 Errors
INFO: [Vivado_Tcl 4-199] Please refer to the DRC report (report_drc) for more information.
Running DRC as a precondition to command place_design
INFO: [DRC 23-27] Running DRC with 8 threads
INFO: [Vivado_Tcl 4-198] DRC finished with 0 Errors
INFO: [Vivado_Tcl 4-199] Please refer to the DRC report (report_drc) for more information.

Starting Placer Task
INFO: [Place 30-611] Multithreading enabled for place_design using a maximum of 8 CPUs

Phase 1 Placer Initialization

Phase 1.1 Placer Initialization Netlist Sorting
Netlist sorting complete. Time (s): cpu = 00:00:00 ; elapsed = 00:00:00.01 . Memory (MB): peak = 3410.277 ; gain = 0.000 ; free physical = 4107 ; free virtual = 9707
Phase 1.1 Placer Initialization Netlist Sorting | Checksum: 1741f30f9

Time (s): cpu = 00:00:00.02 ; elapsed = 00:00:00.06 . Memory (MB): peak = 3410.277 ; gain = 0.000 ; free physical = 4107 ; free virtual = 9707
Netlist sorting complete. Time (s): cpu = 00:00:00 ; elapsed = 00:00:00.01 . Memory (MB): peak = 3410.277 ; gain = 0.000 ; free physical = 4107 ; free virtual = 9707

Phase 1.2 IO Placement/ Clock Placement/ Build Placer Device
INFO: [Timing 38-35] Done setting XDC timing constraints.
Phase 1.2 IO Placement/ Clock Placement/ Build Placer Device | Checksum: 12c978abf

Time (s): cpu = 00:00:03 ; elapsed = 00:00:01 . Memory (MB): peak = 3410.277 ; gain = 0.000 ; free physical = 4060 ; free virtual = 9660

Phase 1.3 Build Placer Netlist Model
Phase 1.3 Build Placer Netlist Model | Checksum: 1704f12b4

Time (s): cpu = 00:00:12 ; elapsed = 00:00:06 . Memory (MB): peak = 3440.711 ; gain = 30.434 ; free physical = 3977 ; free virtual = 9558

Phase 1.4 Constrain Clocks/Macros
Phase 1.4 Constrain Clocks/Macros | Checksum: 1704f12b4

Time (s): cpu = 00:00:12 ; elapsed = 00:00:06 . Memory (MB): peak = 3440.711 ; gain = 30.434 ; free physical = 3977 ; free virtual = 9558
Phase 1 Placer Initialization | Checksum: 1704f12b4

Time (s): cpu = 00:00:12 ; elapsed = 00:00:06 . Memory (MB): peak = 3440.711 ; gain = 30.434 ; free physical = 3978 ; free virtual = 9559

Phase 2 Global Placement

Phase 2.1 Floorplanning
Phase 2.1 Floorplanning | Checksum: 1c9828cd4

Time (s): cpu = 00:00:14 ; elapsed = 00:00:07 . Memory (MB): peak = 3512.711 ; gain = 102.434 ; free physical = 3968 ; free virtual = 9535

Phase 2.2 Update Timing before SLR Path Opt
Phase 2.2 Update Timing before SLR Path Opt | Checksum: 22c76a24d

Time (s): cpu = 00:00:17 ; elapsed = 00:00:08 . Memory (MB): peak = 3512.711 ; gain = 102.434 ; free physical = 3960 ; free virtual = 9527

Phase 2.3 Post-Processing in Floorplanning
Phase 2.3 Post-Processing in Floorplanning | Checksum: 22c76a24d

Time (s): cpu = 00:00:17 ; elapsed = 00:00:08 . Memory (MB): peak = 3512.711 ; gain = 102.434 ; free physical = 3960 ; free virtual = 9527

Phase 2.4 Global Placement Core

Phase 2.4.1 UpdateTiming Before Physical Synthesis
Phase 2.4.1 UpdateTiming Before Physical Synthesis | Checksum: 131b070e6

Time (s): cpu = 00:00:38 ; elapsed = 00:00:16 . Memory (MB): peak = 3512.711 ; gain = 102.434 ; free physical = 3937 ; free virtual = 9502

Phase 2.4.2 Physical Synthesis In Placer
INFO: [Physopt 32-1035] Found 0 LUTNM shape to break, 289 LUT instances to create LUTNM shape
INFO: [Physopt 32-1044] Break lutnm for timing: one critical 0, two critical 0, total 0, new lutff created 0
INFO: [Physopt 32-1138] End 1 Pass. Optimized 101 nets or LUTs. Breaked 0 LUT, combined 101 existing LUTs and moved 0 existing LUT
INFO: [Physopt 32-65] No nets found for high-fanout optimization.
INFO: [Physopt 32-232] Optimized 0 net. Created 0 new instance.
INFO: [Physopt 32-775] End 1 Pass. Optimized 0 net or cell. Created 0 new cell, deleted 0 existing cell and moved 0 existing cell
INFO: [Physopt 32-670] No setup violation found.  DSP Register Optimization was not performed.
INFO: [Physopt 32-670] No setup violation found.  Shift Register to Pipeline Optimization was not performed.
INFO: [Physopt 32-670] No setup violation found.  Shift Register Optimization was not performed.
INFO: [Physopt 32-670] No setup violation found.  BRAM Register Optimization was not performed.
INFO: [Physopt 32-670] No setup violation found.  URAM Register Optimization was not performed.
INFO: [Physopt 32-949] No candidate nets found for dynamic/static region interface net replication
INFO: [Physopt 32-775] End 1 Pass. Optimized 0 net or cell. Created 0 new cell, deleted 0 existing cell and moved 0 existing cell
Netlist sorting complete. Time (s): cpu = 00:00:00 ; elapsed = 00:00:00 . Memory (MB): peak = 3512.711 ; gain = 0.000 ; free physical = 3934 ; free virtual = 9499

Summary of Physical Synthesis Optimizations
============================================


-----------------------------------------------------------------------------------------------------------------------------------------------------------
|  Optimization                                     |  Added Cells  |  Removed Cells  |  Optimized Cells/Nets  |  Dont Touch  |  Iterations  |  Elapsed   |
-----------------------------------------------------------------------------------------------------------------------------------------------------------
|  LUT Combining                                    |            0  |            101  |                   101  |           0  |           1  |  00:00:00  |
|  Retime                                           |            0  |              0  |                     0  |           0  |           1  |  00:00:00  |
|  Very High Fanout                                 |            0  |              0  |                     0  |           0  |           1  |  00:00:00  |
|  DSP Register                                     |            0  |              0  |                     0  |           0  |           0  |  00:00:00  |
|  Shift Register to Pipeline                       |            0  |              0  |                     0  |           0  |           0  |  00:00:00  |
|  Shift Register                                   |            0  |              0  |                     0  |           0  |           0  |  00:00:00  |
|  BRAM Register                                    |            0  |              0  |                     0  |           0  |           0  |  00:00:00  |
|  URAM Register                                    |            0  |              0  |                     0  |           0  |           0  |  00:00:00  |
|  Dynamic/Static Region Interface Net Replication  |            0  |              0  |                     0  |           0  |           1  |  00:00:00  |
|  Total                                            |            0  |            101  |                   101  |           0  |           4  |  00:00:00  |
-----------------------------------------------------------------------------------------------------------------------------------------------------------


Phase 2.4.2 Physical Synthesis In Placer | Checksum: f62f4006

Time (s): cpu = 00:00:41 ; elapsed = 00:00:17 . Memory (MB): peak = 3512.711 ; gain = 102.434 ; free physical = 3924 ; free virtual = 9489
Phase 2.4 Global Placement Core | Checksum: 14e6d6a8f

Time (s): cpu = 00:00:42 ; elapsed = 00:00:18 . Memory (MB): peak = 3512.711 ; gain = 102.434 ; free physical = 3924 ; free virtual = 9488
Phase 2 Global Placement | Checksum: 14e6d6a8f

Time (s): cpu = 00:00:42 ; elapsed = 00:00:18 . Memory (MB): peak = 3512.711 ; gain = 102.434 ; free physical = 3927 ; free virtual = 9491

Phase 3 Detail Placement

Phase 3.1 Commit Multi Column Macros
Phase 3.1 Commit Multi Column Macros | Checksum: d2e74fbc

Time (s): cpu = 00:00:46 ; elapsed = 00:00:19 . Memory (MB): peak = 3512.711 ; gain = 102.434 ; free physical = 3936 ; free virtual = 9501

Phase 3.2 Commit Most Macros & LUTRAMs
Phase 3.2 Commit Most Macros & LUTRAMs | Checksum: 11e9578e1

Time (s): cpu = 00:00:58 ; elapsed = 00:00:27 . Memory (MB): peak = 3512.711 ; gain = 102.434 ; free physical = 3912 ; free virtual = 9476

Phase 3.3 Area Swap Optimization
Phase 3.3 Area Swap Optimization | Checksum: 176d676c2

Time (s): cpu = 00:00:59 ; elapsed = 00:00:28 . Memory (MB): peak = 3512.711 ; gain = 102.434 ; free physical = 3912 ; free virtual = 9477

Phase 3.4 Pipeline Register Optimization
Phase 3.4 Pipeline Register Optimization | Checksum: 1af552097

Time (s): cpu = 00:00:59 ; elapsed = 00:00:28 . Memory (MB): peak = 3512.711 ; gain = 102.434 ; free physical = 3912 ; free virtual = 9477

Phase 3.5 Small Shape Detail Placement
Phase 3.5 Small Shape Detail Placement | Checksum: 1f94d0eb6

Time (s): cpu = 00:01:01 ; elapsed = 00:00:29 . Memory (MB): peak = 3524.922 ; gain = 114.645 ; free physical = 3904 ; free virtual = 9468

Phase 3.6 Re-assign LUT pins
Phase 3.6 Re-assign LUT pins | Checksum: 26f6842cb

Time (s): cpu = 00:01:01 ; elapsed = 00:00:29 . Memory (MB): peak = 3524.922 ; gain = 114.645 ; free physical = 3903 ; free virtual = 9468

Phase 3.7 Pipeline Register Optimization
Phase 3.7 Pipeline Register Optimization | Checksum: 1c6e8f968

Time (s): cpu = 00:01:01 ; elapsed = 00:00:29 . Memory (MB): peak = 3524.922 ; gain = 114.645 ; free physical = 3903 ; free virtual = 9468
Phase 3 Detail Placement | Checksum: 1c6e8f968

Time (s): cpu = 00:01:01 ; elapsed = 00:00:29 . Memory (MB): peak = 3524.922 ; gain = 114.645 ; free physical = 3903 ; free virtual = 9468

Phase 4 Post Placement Optimization and Clean-Up

Phase 4.1 Post Commit Optimization
INFO: [Timing 38-35] Done setting XDC timing constraints.

Phase 4.1.1 Post Placement Optimization
Post Placement Optimization Initialization | Checksum: 237948896

Phase 4.1.1.1 BUFG Insertion

Starting Physical Synthesis Task

Phase 1 Physical Synthesis Initialization
INFO: [Physopt 32-721] Multithreading enabled for phys_opt_design using a maximum of 8 CPUs
INFO: [Physopt 32-619] Estimated Timing Summary | WNS=6.340 | TNS=0.000 |
Phase 1 Physical Synthesis Initialization | Checksum: 1ff7e9cf6

Time (s): cpu = 00:00:02 ; elapsed = 00:00:01 . Memory (MB): peak = 3524.922 ; gain = 0.000 ; free physical = 3964 ; free virtual = 9529
INFO: [Place 46-56] BUFG insertion identified 0 candidate nets. Inserted BUFG: 0, Replicated BUFG Driver: 0, Skipped due to Placement/Routing Conflicts: 0, Skipped due to Timing Degradation: 0, Skipped due to Illegal Netlist: 0.
Ending Physical Synthesis Task | Checksum: 2118b01f6

Time (s): cpu = 00:00:03 ; elapsed = 00:00:01 . Memory (MB): peak = 3524.922 ; gain = 0.000 ; free physical = 3964 ; free virtual = 9528
Phase 4.1.1.1 BUFG Insertion | Checksum: 237948896

Time (s): cpu = 00:01:13 ; elapsed = 00:00:34 . Memory (MB): peak = 3524.922 ; gain = 114.645 ; free physical = 3964 ; free virtual = 9528

Phase 4.1.1.2 Post Placement Timing Optimization
INFO: [Place 30-746] Post Placement Timing Summary WNS=6.340. For the most accurate timing information please run report_timing.
Phase 4.1.1.2 Post Placement Timing Optimization | Checksum: 1c4b0ca03

Time (s): cpu = 00:01:13 ; elapsed = 00:00:34 . Memory (MB): peak = 3524.922 ; gain = 114.645 ; free physical = 3964 ; free virtual = 9528

Time (s): cpu = 00:01:13 ; elapsed = 00:00:34 . Memory (MB): peak = 3524.922 ; gain = 114.645 ; free physical = 3964 ; free virtual = 9528
Phase 4.1 Post Commit Optimization | Checksum: 1c4b0ca03

Time (s): cpu = 00:01:13 ; elapsed = 00:00:34 . Memory (MB): peak = 3524.922 ; gain = 114.645 ; free physical = 3964 ; free virtual = 9528

Phase 4.2 Post Placement Cleanup
Phase 4.2 Post Placement Cleanup | Checksum: 1c4b0ca03

Time (s): cpu = 00:01:14 ; elapsed = 00:00:35 . Memory (MB): peak = 3524.922 ; gain = 114.645 ; free physical = 3963 ; free virtual = 9528

Phase 4.3 Placer Reporting

Phase 4.3.1 Print Estimated Congestion
INFO: [Place 30-612] Post-Placement Estimated Congestion 
 ____________________________________________________
|           | Global Congestion | Short Congestion  |
| Direction | Region Size       | Region Size       |
|___________|___________________|___________________|
|      North|                1x1|                1x1|
|___________|___________________|___________________|
|      South|                1x1|                2x2|
|___________|___________________|___________________|
|       East|                1x1|                1x1|
|___________|___________________|___________________|
|       West|                1x1|                1x1|
|___________|___________________|___________________|

Phase 4.3.1 Print Estimated Congestion | Checksum: 1c4b0ca03

Time (s): cpu = 00:01:14 ; elapsed = 00:00:35 . Memory (MB): peak = 3524.922 ; gain = 114.645 ; free physical = 3963 ; free virtual = 9527
Phase 4.3 Placer Reporting | Checksum: 1c4b0ca03

Time (s): cpu = 00:01:14 ; elapsed = 00:00:35 . Memory (MB): peak = 3524.922 ; gain = 114.645 ; free physical = 3963 ; free virtual = 9527

Phase 4.4 Final Placement Cleanup
Netlist sorting complete. Time (s): cpu = 00:00:00.01 ; elapsed = 00:00:00 . Memory (MB): peak = 3524.922 ; gain = 0.000 ; free physical = 3963 ; free virtual = 9527

Time (s): cpu = 00:01:14 ; elapsed = 00:00:35 . Memory (MB): peak = 3524.922 ; gain = 114.645 ; free physical = 3963 ; free virtual = 9527
Phase 4 Post Placement Optimization and Clean-Up | Checksum: 1a95def37

Time (s): cpu = 00:01:14 ; elapsed = 00:00:35 . Memory (MB): peak = 3524.922 ; gain = 114.645 ; free physical = 3962 ; free virtual = 9527
Ending Placer Task | Checksum: 14a1d5167

Time (s): cpu = 00:01:14 ; elapsed = 00:00:35 . Memory (MB): peak = 3524.922 ; gain = 114.645 ; free physical = 3962 ; free virtual = 9527
INFO: [Common 17-83] Releasing license: Implementation
61 Infos, 0 Warnings, 0 Critical Warnings and 0 Errors encountered.
place_design completed successfully
place_design: Time (s): cpu = 00:01:16 ; elapsed = 00:00:35 . Memory (MB): peak = 3524.922 ; gain = 114.645 ; free physical = 4004 ; free virtual = 9569
INFO: [Timing 38-480] Writing timing data to binary archive.
Writing XDEF routing.
Writing XDEF routing logical nets.
Writing XDEF routing special nets.
Write XDEF Complete: Time (s): cpu = 00:00:02 ; elapsed = 00:00:03 . Memory (MB): peak = 3524.922 ; gain = 0.000 ; free physical = 3985 ; free virtual = 9579
INFO: [Common 17-1381] The checkpoint '/st/c2024/c4264/jikken/RISC/riscv-np/fpga/riscv/riscv.runs/impl_1/riscv_placed.dcp' has been generated.
write_checkpoint: Time (s): cpu = 00:00:05 ; elapsed = 00:00:05 . Memory (MB): peak = 3526.312 ; gain = 1.391 ; free physical = 3998 ; free virtual = 9576
INFO: [runtcl-4] Executing : report_io -file riscv_io_placed.rpt
report_io: Time (s): cpu = 00:00:00.08 ; elapsed = 00:00:00.14 . Memory (MB): peak = 3526.312 ; gain = 0.000 ; free physical = 3985 ; free virtual = 9563
INFO: [runtcl-4] Executing : report_utilization -file riscv_utilization_placed.rpt -pb riscv_utilization_placed.pb
INFO: [runtcl-4] Executing : report_control_sets -verbose -file riscv_control_sets_placed.rpt
report_control_sets: Time (s): cpu = 00:00:00.11 ; elapsed = 00:00:00.17 . Memory (MB): peak = 3526.312 ; gain = 0.000 ; free physical = 3980 ; free virtual = 9559
Command: phys_opt_design
Attempting to get a license for feature 'Implementation' and/or device 'xc7a100t'
INFO: [Common 17-349] Got license for feature 'Implementation' and/or device 'xc7a100t'

Starting Initial Update Timing Task

Time (s): cpu = 00:00:11 ; elapsed = 00:00:05 . Memory (MB): peak = 3526.312 ; gain = 0.000 ; free physical = 3959 ; free virtual = 9546
INFO: [Vivado_Tcl 4-383] Design worst setup slack (WNS) is greater than or equal to 0.000 ns. Skipping all physical synthesis optimizations.
INFO: [Vivado_Tcl 4-232] No setup violation found. The netlist was not modified.
INFO: [Common 17-83] Releasing license: Implementation
70 Infos, 0 Warnings, 0 Critical Warnings and 0 Errors encountered.
phys_opt_design completed successfully
INFO: [Timing 38-480] Writing timing data to binary archive.
Writing XDEF routing.
Writing XDEF routing logical nets.
Writing XDEF routing special nets.
Write XDEF Complete: Time (s): cpu = 00:00:02 ; elapsed = 00:00:03 . Memory (MB): peak = 3526.312 ; gain = 0.000 ; free physical = 3957 ; free virtual = 9549
INFO: [Common 17-1381] The checkpoint '/st/c2024/c4264/jikken/RISC/riscv-np/fpga/riscv/riscv.runs/impl_1/riscv_physopt.dcp' has been generated.
Command: route_design
Attempting to get a license for feature 'Implementation' and/or device 'xc7a100t'
INFO: [Common 17-349] Got license for feature 'Implementation' and/or device 'xc7a100t'
Running DRC as a precondition to command route_design
INFO: [DRC 23-27] Running DRC with 8 threads
INFO: [Vivado_Tcl 4-198] DRC finished with 0 Errors
INFO: [Vivado_Tcl 4-199] Please refer to the DRC report (report_drc) for more information.


Starting Routing Task
INFO: [Route 35-254] Multithreading enabled for route_design using a maximum of 8 CPUs

Phase 1 Build RT Design
Checksum: PlaceDB: e430c163 ConstDB: 0 ShapeSum: 65ec9004 RouteDB: 0
Post Restoration Checksum: NetGraph: d67cd596 NumContArr: b923e4a1 Constraints: 0 Timing: 0
Phase 1 Build RT Design | Checksum: 18fa0ba37

Time (s): cpu = 00:00:25 ; elapsed = 00:00:14 . Memory (MB): peak = 3569.191 ; gain = 0.918 ; free physical = 3827 ; free virtual = 9393

Phase 2 Router Initialization

Phase 2.1 Fix Topology Constraints
Phase 2.1 Fix Topology Constraints | Checksum: 18fa0ba37

Time (s): cpu = 00:00:25 ; elapsed = 00:00:15 . Memory (MB): peak = 3595.191 ; gain = 26.918 ; free physical = 3812 ; free virtual = 9368

Phase 2.2 Pre Route Cleanup
Phase 2.2 Pre Route Cleanup | Checksum: 18fa0ba37

Time (s): cpu = 00:00:25 ; elapsed = 00:00:15 . Memory (MB): peak = 3595.191 ; gain = 26.918 ; free physical = 3812 ; free virtual = 9368
 Number of Nodes with overlaps = 0

Phase 2.3 Update Timing
Phase 2.3 Update Timing | Checksum: 1973c0995

Time (s): cpu = 00:00:41 ; elapsed = 00:00:20 . Memory (MB): peak = 3633.988 ; gain = 65.715 ; free physical = 3778 ; free virtual = 9341
INFO: [Route 35-416] Intermediate Timing Summary | WNS=6.603  | TNS=0.000  | WHS=-0.154 | THS=-93.832|


Router Utilization Summary
  Global Vertical Routing Utilization    = 0.0153197 %
  Global Horizontal Routing Utilization  = 0.00312589 %
  Routable Net Status*
  *Does not include unroutable nets such as driverless and loadless.
  Run report_route_status for detailed report.
  Number of Failed Nets               = 7313
    (Failed Nets is the sum of unrouted and partially routed nets)
  Number of Unrouted Nets             = 7310
  Number of Partially Routed Nets     = 3
  Number of Node Overlaps             = 1

Phase 2 Router Initialization | Checksum: 147825ab2

Time (s): cpu = 00:00:52 ; elapsed = 00:00:23 . Memory (MB): peak = 3656.988 ; gain = 88.715 ; free physical = 3707 ; free virtual = 9311

Phase 3 Initial Routing

Phase 3.1 Global Routing
Phase 3.1 Global Routing | Checksum: 147825ab2

Time (s): cpu = 00:00:52 ; elapsed = 00:00:23 . Memory (MB): peak = 3656.988 ; gain = 88.715 ; free physical = 3707 ; free virtual = 9311
Phase 3 Initial Routing | Checksum: 20b14521a

Time (s): cpu = 00:01:33 ; elapsed = 00:00:33 . Memory (MB): peak = 4199.785 ; gain = 631.512 ; free physical = 3736 ; free virtual = 9285

Phase 4 Rip-up And Reroute

Phase 4.1 Global Iteration 0
 Number of Nodes with overlaps = 1598
 Number of Nodes with overlaps = 212
 Number of Nodes with overlaps = 48
 Number of Nodes with overlaps = 9
 Number of Nodes with overlaps = 1
 Number of Nodes with overlaps = 0
INFO: [Route 35-416] Intermediate Timing Summary | WNS=3.219  | TNS=0.000  | WHS=N/A    | THS=N/A    |

Phase 4.1 Global Iteration 0 | Checksum: 2076036e5

Time (s): cpu = 00:02:43 ; elapsed = 00:01:18 . Memory (MB): peak = 4199.785 ; gain = 631.512 ; free physical = 3764 ; free virtual = 9309
Phase 4 Rip-up And Reroute | Checksum: 2076036e5

Time (s): cpu = 00:02:43 ; elapsed = 00:01:18 . Memory (MB): peak = 4199.785 ; gain = 631.512 ; free physical = 3764 ; free virtual = 9309

Phase 5 Delay and Skew Optimization

Phase 5.1 Delay CleanUp
Phase 5.1 Delay CleanUp | Checksum: 2076036e5

Time (s): cpu = 00:02:43 ; elapsed = 00:01:18 . Memory (MB): peak = 4199.785 ; gain = 631.512 ; free physical = 3764 ; free virtual = 9309

Phase 5.2 Clock Skew Optimization
Phase 5.2 Clock Skew Optimization | Checksum: 2076036e5

Time (s): cpu = 00:02:43 ; elapsed = 00:01:18 . Memory (MB): peak = 4199.785 ; gain = 631.512 ; free physical = 3764 ; free virtual = 9309
Phase 5 Delay and Skew Optimization | Checksum: 2076036e5

Time (s): cpu = 00:02:43 ; elapsed = 00:01:18 . Memory (MB): peak = 4199.785 ; gain = 631.512 ; free physical = 3764 ; free virtual = 9309

Phase 6 Post Hold Fix

Phase 6.1 Hold Fix Iter

Phase 6.1.1 Update Timing
Phase 6.1.1 Update Timing | Checksum: 242da01f7

Time (s): cpu = 00:02:47 ; elapsed = 00:01:19 . Memory (MB): peak = 4199.785 ; gain = 631.512 ; free physical = 3765 ; free virtual = 9310
INFO: [Route 35-416] Intermediate Timing Summary | WNS=3.219  | TNS=0.000  | WHS=0.161  | THS=0.000  |

Phase 6.1 Hold Fix Iter | Checksum: 242da01f7

Time (s): cpu = 00:02:47 ; elapsed = 00:01:19 . Memory (MB): peak = 4199.785 ; gain = 631.512 ; free physical = 3765 ; free virtual = 9309
Phase 6 Post Hold Fix | Checksum: 242da01f7

Time (s): cpu = 00:02:47 ; elapsed = 00:01:20 . Memory (MB): peak = 4199.785 ; gain = 631.512 ; free physical = 3765 ; free virtual = 9309

Phase 7 Route finalize

Router Utilization Summary
  Global Vertical Routing Utilization    = 19.8848 %
  Global Horizontal Routing Utilization  = 15.3615 %
  Routable Net Status*
  *Does not include unroutable nets such as driverless and loadless.
  Run report_route_status for detailed report.
  Number of Failed Nets               = 0
    (Failed Nets is the sum of unrouted and partially routed nets)
  Number of Unrouted Nets             = 0
  Number of Partially Routed Nets     = 0
  Number of Node Overlaps             = 0

Phase 7 Route finalize | Checksum: 255d3209a

Time (s): cpu = 00:02:48 ; elapsed = 00:01:20 . Memory (MB): peak = 4199.785 ; gain = 631.512 ; free physical = 3762 ; free virtual = 9307

Phase 8 Verifying routed nets

 Verification completed successfully
Phase 8 Verifying routed nets | Checksum: 255d3209a

Time (s): cpu = 00:02:48 ; elapsed = 00:01:20 . Memory (MB): peak = 4199.785 ; gain = 631.512 ; free physical = 3760 ; free virtual = 9305

Phase 9 Depositing Routes
Phase 9 Depositing Routes | Checksum: 1aeea8c2b

Time (s): cpu = 00:02:48 ; elapsed = 00:01:20 . Memory (MB): peak = 4236.418 ; gain = 668.145 ; free physical = 3754 ; free virtual = 9299

Phase 10 Post Router Timing
INFO: [Route 35-57] Estimated Timing Summary | WNS=3.219  | TNS=0.000  | WHS=0.161  | THS=0.000  |

INFO: [Route 35-327] The final timing numbers are based on the router estimated timing analysis. For a complete and accurate timing signoff, please run report_timing_summary.
Phase 10 Post Router Timing | Checksum: 1aeea8c2b

Time (s): cpu = 00:02:51 ; elapsed = 00:01:21 . Memory (MB): peak = 4236.418 ; gain = 668.145 ; free physical = 3754 ; free virtual = 9299
INFO: [Route 35-16] Router Completed Successfully

Time (s): cpu = 00:02:51 ; elapsed = 00:01:21 . Memory (MB): peak = 4236.418 ; gain = 668.145 ; free physical = 3811 ; free virtual = 9356

Routing Is Done.
INFO: [Common 17-83] Releasing license: Implementation
84 Infos, 0 Warnings, 0 Critical Warnings and 0 Errors encountered.
route_design completed successfully
route_design: Time (s): cpu = 00:02:53 ; elapsed = 00:02:22 . Memory (MB): peak = 4236.418 ; gain = 710.105 ; free physical = 3814 ; free virtual = 9359
INFO: [Timing 38-480] Writing timing data to binary archive.
Writing XDEF routing.
Writing XDEF routing logical nets.
Writing XDEF routing special nets.
Write XDEF Complete: Time (s): cpu = 00:00:02 ; elapsed = 00:00:03 . Memory (MB): peak = 4236.418 ; gain = 0.000 ; free physical = 3791 ; free virtual = 9377
INFO: [Common 17-1381] The checkpoint '/st/c2024/c4264/jikken/RISC/riscv-np/fpga/riscv/riscv.runs/impl_1/riscv_routed.dcp' has been generated.
write_checkpoint: Time (s): cpu = 00:00:06 ; elapsed = 00:00:06 . Memory (MB): peak = 4248.629 ; gain = 12.211 ; free physical = 3801 ; free virtual = 9355
INFO: [runtcl-4] Executing : report_drc -file riscv_drc_routed.rpt -pb riscv_drc_routed.pb -rpx riscv_drc_routed.rpx
Command: report_drc -file riscv_drc_routed.rpt -pb riscv_drc_routed.pb -rpx riscv_drc_routed.rpx
INFO: [IP_Flow 19-1839] IP Catalog is up to date.
INFO: [DRC 23-27] Running DRC with 8 threads
INFO: [Vivado_Tcl 2-168] The results of DRC are in file /st/c2024/c4264/jikken/RISC/riscv-np/fpga/riscv/riscv.runs/impl_1/riscv_drc_routed.rpt.
report_drc completed successfully
INFO: [runtcl-4] Executing : report_methodology -file riscv_methodology_drc_routed.rpt -pb riscv_methodology_drc_routed.pb -rpx riscv_methodology_drc_routed.rpx
Command: report_methodology -file riscv_methodology_drc_routed.rpt -pb riscv_methodology_drc_routed.pb -rpx riscv_methodology_drc_routed.rpx
INFO: [Timing 38-35] Done setting XDC timing constraints.
INFO: [DRC 23-133] Running Methodology with 8 threads
INFO: [Vivado_Tcl 2-1520] The results of Report Methodology are in file /st/c2024/c4264/jikken/RISC/riscv-np/fpga/riscv/riscv.runs/impl_1/riscv_methodology_drc_routed.rpt.
report_methodology completed successfully
report_methodology: Time (s): cpu = 00:00:26 ; elapsed = 00:00:06 . Memory (MB): peak = 4260.840 ; gain = 0.000 ; free physical = 3761 ; free virtual = 9335
INFO: [runtcl-4] Executing : report_power -file riscv_power_routed.rpt -pb riscv_power_summary_routed.pb -rpx riscv_power_routed.rpx
Command: report_power -file riscv_power_routed.rpt -pb riscv_power_summary_routed.pb -rpx riscv_power_routed.rpx
INFO: [Timing 38-35] Done setting XDC timing constraints.
Running Vector-less Activity Propagation...

Finished Running Vector-less Activity Propagation
96 Infos, 0 Warnings, 0 Critical Warnings and 0 Errors encountered.
report_power completed successfully
INFO: [runtcl-4] Executing : report_route_status -file riscv_route_status.rpt -pb riscv_route_status.pb
INFO: [runtcl-4] Executing : report_timing_summary -max_paths 10 -report_unconstrained -file riscv_timing_summary_routed.rpt -pb riscv_timing_summary_routed.pb -rpx riscv_timing_summary_routed.rpx -warn_on_violation 
INFO: [Timing 38-91] UpdateTimingParams: Speed grade: -1, Delay Type: min_max.
INFO: [Timing 38-191] Multithreading enabled for timing update using a maximum of 8 CPUs
INFO: [runtcl-4] Executing : report_incremental_reuse -file riscv_incremental_reuse_routed.rpt
INFO: [Vivado_Tcl 4-1062] Incremental flow is disabled. No incremental reuse Info to report.
INFO: [runtcl-4] Executing : report_clock_utilization -file riscv_clock_utilization_routed.rpt
INFO: [runtcl-4] Executing : report_bus_skew -warn_on_violation -file riscv_bus_skew_routed.rpt -pb riscv_bus_skew_routed.pb -rpx riscv_bus_skew_routed.rpx
INFO: [Timing 38-91] UpdateTimingParams: Speed grade: -1, Delay Type: min_max.
INFO: [Timing 38-191] Multithreading enabled for timing update using a maximum of 8 CPUs
Command: write_bitstream -force riscv.bit
Attempting to get a license for feature 'Implementation' and/or device 'xc7a100t'
INFO: [Common 17-349] Got license for feature 'Implementation' and/or device 'xc7a100t'
Running DRC as a precondition to command write_bitstream
INFO: [IP_Flow 19-1839] IP Catalog is up to date.
INFO: [DRC 23-27] Running DRC with 8 threads
WARNING: [DRC DPOP-1] PREG Output pipelining: DSP MEM_MUL_SS output MEM_MUL_SS/P[47:0] is not pipelined (PREG=0). Pipelining the DSP48 output will improve performance and often saves power so it is suggested whenever possible to fully pipeline this function.  If this DSP48 function was inferred, it is suggested to describe an additional register stage after this function.  If the DSP48 was instantiated in the design, it is suggested to set the PREG attribute to 1.
WARNING: [DRC DPOP-1] PREG Output pipelining: DSP MEM_MUL_SS__0 output MEM_MUL_SS__0/P[47:0] is not pipelined (PREG=0). Pipelining the DSP48 output will improve performance and often saves power so it is suggested whenever possible to fully pipeline this function.  If this DSP48 function was inferred, it is suggested to describe an additional register stage after this function.  If the DSP48 was instantiated in the design, it is suggested to set the PREG attribute to 1.
WARNING: [DRC DPOP-1] PREG Output pipelining: DSP MEM_MUL_SS__1 output MEM_MUL_SS__1/P[47:0] is not pipelined (PREG=0). Pipelining the DSP48 output will improve performance and often saves power so it is suggested whenever possible to fully pipeline this function.  If this DSP48 function was inferred, it is suggested to describe an additional register stage after this function.  If the DSP48 was instantiated in the design, it is suggested to set the PREG attribute to 1.
WARNING: [DRC DPOP-1] PREG Output pipelining: DSP MEM_MUL_SS__2 output MEM_MUL_SS__2/P[47:0] is not pipelined (PREG=0). Pipelining the DSP48 output will improve performance and often saves power so it is suggested whenever possible to fully pipeline this function.  If this DSP48 function was inferred, it is suggested to describe an additional register stage after this function.  If the DSP48 was instantiated in the design, it is suggested to set the PREG attribute to 1.
WARNING: [DRC DPOP-1] PREG Output pipelining: DSP MEM_MUL_SU_FULL output MEM_MUL_SU_FULL/P[47:0] is not pipelined (PREG=0). Pipelining the DSP48 output will improve performance and often saves power so it is suggested whenever possible to fully pipeline this function.  If this DSP48 function was inferred, it is suggested to describe an additional register stage after this function.  If the DSP48 was instantiated in the design, it is suggested to set the PREG attribute to 1.
WARNING: [DRC DPOP-1] PREG Output pipelining: DSP MEM_MUL_SU_FULL__0 output MEM_MUL_SU_FULL__0/P[47:0] is not pipelined (PREG=0). Pipelining the DSP48 output will improve performance and often saves power so it is suggested whenever possible to fully pipeline this function.  If this DSP48 function was inferred, it is suggested to describe an additional register stage after this function.  If the DSP48 was instantiated in the design, it is suggested to set the PREG attribute to 1.
WARNING: [DRC DPOP-1] PREG Output pipelining: DSP MEM_MUL_SU_FULL__1 output MEM_MUL_SU_FULL__1/P[47:0] is not pipelined (PREG=0). Pipelining the DSP48 output will improve performance and often saves power so it is suggested whenever possible to fully pipeline this function.  If this DSP48 function was inferred, it is suggested to describe an additional register stage after this function.  If the DSP48 was instantiated in the design, it is suggested to set the PREG attribute to 1.
WARNING: [DRC DPOP-1] PREG Output pipelining: DSP MEM_MUL_SU_FULL__2 output MEM_MUL_SU_FULL__2/P[47:0] is not pipelined (PREG=0). Pipelining the DSP48 output will improve performance and often saves power so it is suggested whenever possible to fully pipeline this function.  If this DSP48 function was inferred, it is suggested to describe an additional register stage after this function.  If the DSP48 was instantiated in the design, it is suggested to set the PREG attribute to 1.
WARNING: [DRC DPOP-1] PREG Output pipelining: DSP MEM_MUL_UU output MEM_MUL_UU/P[47:0] is not pipelined (PREG=0). Pipelining the DSP48 output will improve performance and often saves power so it is suggested whenever possible to fully pipeline this function.  If this DSP48 function was inferred, it is suggested to describe an additional register stage after this function.  If the DSP48 was instantiated in the design, it is suggested to set the PREG attribute to 1.
WARNING: [DRC DPOP-1] PREG Output pipelining: DSP MEM_MUL_UU__0 output MEM_MUL_UU__0/P[47:0] is not pipelined (PREG=0). Pipelining the DSP48 output will improve performance and often saves power so it is suggested whenever possible to fully pipeline this function.  If this DSP48 function was inferred, it is suggested to describe an additional register stage after this function.  If the DSP48 was instantiated in the design, it is suggested to set the PREG attribute to 1.
WARNING: [DRC DPOP-1] PREG Output pipelining: DSP MEM_MUL_UU__1 output MEM_MUL_UU__1/P[47:0] is not pipelined (PREG=0). Pipelining the DSP48 output will improve performance and often saves power so it is suggested whenever possible to fully pipeline this function.  If this DSP48 function was inferred, it is suggested to describe an additional register stage after this function.  If the DSP48 was instantiated in the design, it is suggested to set the PREG attribute to 1.
WARNING: [DRC DPOP-1] PREG Output pipelining: DSP MEM_MUL_UU__2 output MEM_MUL_UU__2/P[47:0] is not pipelined (PREG=0). Pipelining the DSP48 output will improve performance and often saves power so it is suggested whenever possible to fully pipeline this function.  If this DSP48 function was inferred, it is suggested to describe an additional register stage after this function.  If the DSP48 was instantiated in the design, it is suggested to set the PREG attribute to 1.
WARNING: [DRC DPOP-2] MREG Output pipelining: DSP MEM_MUL_SS multiplier stage MEM_MUL_SS/P[47:0] is not pipelined (MREG=0). Pipelining the multiplier function will improve performance and will save significant power so it is suggested whenever possible to fully pipeline this function.  If this multiplier was inferred, it is suggested to describe an additional register stage after this function.  If there is no registered adder/accumulator following the multiply function, two pipeline stages are suggested to allow both the MREG and PREG registers to be used.  If the DSP48 was instantiated in the design, it is suggested to set both the MREG and PREG attributes to 1 when performing multiply functions.
WARNING: [DRC DPOP-2] MREG Output pipelining: DSP MEM_MUL_SS__0 multiplier stage MEM_MUL_SS__0/P[47:0] is not pipelined (MREG=0). Pipelining the multiplier function will improve performance and will save significant power so it is suggested whenever possible to fully pipeline this function.  If this multiplier was inferred, it is suggested to describe an additional register stage after this function.  If there is no registered adder/accumulator following the multiply function, two pipeline stages are suggested to allow both the MREG and PREG registers to be used.  If the DSP48 was instantiated in the design, it is suggested to set both the MREG and PREG attributes to 1 when performing multiply functions.
WARNING: [DRC DPOP-2] MREG Output pipelining: DSP MEM_MUL_SS__1 multiplier stage MEM_MUL_SS__1/P[47:0] is not pipelined (MREG=0). Pipelining the multiplier function will improve performance and will save significant power so it is suggested whenever possible to fully pipeline this function.  If this multiplier was inferred, it is suggested to describe an additional register stage after this function.  If there is no registered adder/accumulator following the multiply function, two pipeline stages are suggested to allow both the MREG and PREG registers to be used.  If the DSP48 was instantiated in the design, it is suggested to set both the MREG and PREG attributes to 1 when performing multiply functions.
WARNING: [DRC DPOP-2] MREG Output pipelining: DSP MEM_MUL_SS__2 multiplier stage MEM_MUL_SS__2/P[47:0] is not pipelined (MREG=0). Pipelining the multiplier function will improve performance and will save significant power so it is suggested whenever possible to fully pipeline this function.  If this multiplier was inferred, it is suggested to describe an additional register stage after this function.  If there is no registered adder/accumulator following the multiply function, two pipeline stages are suggested to allow both the MREG and PREG registers to be used.  If the DSP48 was instantiated in the design, it is suggested to set both the MREG and PREG attributes to 1 when performing multiply functions.
WARNING: [DRC DPOP-2] MREG Output pipelining: DSP MEM_MUL_SU_FULL multiplier stage MEM_MUL_SU_FULL/P[47:0] is not pipelined (MREG=0). Pipelining the multiplier function will improve performance and will save significant power so it is suggested whenever possible to fully pipeline this function.  If this multiplier was inferred, it is suggested to describe an additional register stage after this function.  If there is no registered adder/accumulator following the multiply function, two pipeline stages are suggested to allow both the MREG and PREG registers to be used.  If the DSP48 was instantiated in the design, it is suggested to set both the MREG and PREG attributes to 1 when performing multiply functions.
WARNING: [DRC DPOP-2] MREG Output pipelining: DSP MEM_MUL_SU_FULL__0 multiplier stage MEM_MUL_SU_FULL__0/P[47:0] is not pipelined (MREG=0). Pipelining the multiplier function will improve performance and will save significant power so it is suggested whenever possible to fully pipeline this function.  If this multiplier was inferred, it is suggested to describe an additional register stage after this function.  If there is no registered adder/accumulator following the multiply function, two pipeline stages are suggested to allow both the MREG and PREG registers to be used.  If the DSP48 was instantiated in the design, it is suggested to set both the MREG and PREG attributes to 1 when performing multiply functions.
WARNING: [DRC DPOP-2] MREG Output pipelining: DSP MEM_MUL_SU_FULL__1 multiplier stage MEM_MUL_SU_FULL__1/P[47:0] is not pipelined (MREG=0). Pipelining the multiplier function will improve performance and will save significant power so it is suggested whenever possible to fully pipeline this function.  If this multiplier was inferred, it is suggested to describe an additional register stage after this function.  If there is no registered adder/accumulator following the multiply function, two pipeline stages are suggested to allow both the MREG and PREG registers to be used.  If the DSP48 was instantiated in the design, it is suggested to set both the MREG and PREG attributes to 1 when performing multiply functions.
WARNING: [DRC DPOP-2] MREG Output pipelining: DSP MEM_MUL_SU_FULL__2 multiplier stage MEM_MUL_SU_FULL__2/P[47:0] is not pipelined (MREG=0). Pipelining the multiplier function will improve performance and will save significant power so it is suggested whenever possible to fully pipeline this function.  If this multiplier was inferred, it is suggested to describe an additional register stage after this function.  If there is no registered adder/accumulator following the multiply function, two pipeline stages are suggested to allow both the MREG and PREG registers to be used.  If the DSP48 was instantiated in the design, it is suggested to set both the MREG and PREG attributes to 1 when performing multiply functions.
WARNING: [DRC DPOP-2] MREG Output pipelining: DSP MEM_MUL_UU multiplier stage MEM_MUL_UU/P[47:0] is not pipelined (MREG=0). Pipelining the multiplier function will improve performance and will save significant power so it is suggested whenever possible to fully pipeline this function.  If this multiplier was inferred, it is suggested to describe an additional register stage after this function.  If there is no registered adder/accumulator following the multiply function, two pipeline stages are suggested to allow both the MREG and PREG registers to be used.  If the DSP48 was instantiated in the design, it is suggested to set both the MREG and PREG attributes to 1 when performing multiply functions.
WARNING: [DRC DPOP-2] MREG Output pipelining: DSP MEM_MUL_UU__0 multiplier stage MEM_MUL_UU__0/P[47:0] is not pipelined (MREG=0). Pipelining the multiplier function will improve performance and will save significant power so it is suggested whenever possible to fully pipeline this function.  If this multiplier was inferred, it is suggested to describe an additional register stage after this function.  If there is no registered adder/accumulator following the multiply function, two pipeline stages are suggested to allow both the MREG and PREG registers to be used.  If the DSP48 was instantiated in the design, it is suggested to set both the MREG and PREG attributes to 1 when performing multiply functions.
WARNING: [DRC DPOP-2] MREG Output pipelining: DSP MEM_MUL_UU__1 multiplier stage MEM_MUL_UU__1/P[47:0] is not pipelined (MREG=0). Pipelining the multiplier function will improve performance and will save significant power so it is suggested whenever possible to fully pipeline this function.  If this multiplier was inferred, it is suggested to describe an additional register stage after this function.  If there is no registered adder/accumulator following the multiply function, two pipeline stages are suggested to allow both the MREG and PREG registers to be used.  If the DSP48 was instantiated in the design, it is suggested to set both the MREG and PREG attributes to 1 when performing multiply functions.
WARNING: [DRC DPOP-2] MREG Output pipelining: DSP MEM_MUL_UU__2 multiplier stage MEM_MUL_UU__2/P[47:0] is not pipelined (MREG=0). Pipelining the multiplier function will improve performance and will save significant power so it is suggested whenever possible to fully pipeline this function.  If this multiplier was inferred, it is suggested to describe an additional register stage after this function.  If there is no registered adder/accumulator following the multiply function, two pipeline stages are suggested to allow both the MREG and PREG registers to be used.  If the DSP48 was instantiated in the design, it is suggested to set both the MREG and PREG attributes to 1 when performing multiply functions.
INFO: [Vivado 12-3199] DRC finished with 0 Errors, 24 Warnings
INFO: [Vivado 12-3200] Please refer to the DRC report (report_drc) for more information.
INFO: [Designutils 20-2272] Running write_bitstream with 8 threads.
Loading data files...
Loading site data...
Loading route data...
Processing options...
Creating bitmap...
Creating bitstream...
Writing bitstream ./riscv.bit...
INFO: [Vivado 12-1842] Bitgen Completed Successfully.
INFO: [Project 1-1876] WebTalk data collection is mandatory when using a ULT device. To see the specific WebTalk data collected for your design, open the usage_statistics_webtalk.html or usage_statistics_webtalk.xml file in the implementation directory.
INFO: [Common 17-83] Releasing license: Implementation
12 Infos, 24 Warnings, 0 Critical Warnings and 0 Errors encountered.
write_bitstream completed successfully
write_bitstream: Time (s): cpu = 00:00:33 ; elapsed = 00:01:50 . Memory (MB): peak = 4297.473 ; gain = 0.000 ; free physical = 3722 ; free virtual = 9294
INFO: [Common 17-206] Exiting Vivado at Thu May 21 14:40:40 2026...
[Thu May 21 14:40:41 2026] impl_1 finished
wait_on_runs: Time (s): cpu = 00:07:12 ; elapsed = 00:07:26 . Memory (MB): peak = 1780.617 ; gain = 0.000 ; free physical = 6142 ; free virtual = 11714
# exit
INFO: [Common 17-206] Exiting Vivado at Thu May 21 14:40:41 2026...
