#-----------------------------------------------------------
# Vivado v2022.2 (64-bit)
# SW Build 3671981 on Fri Oct 14 04:59:54 MDT 2022
# IP Build 3669848 on Fri Oct 14 08:30:02 MDT 2022
# Start of session at: Thu May 21 16:02:02 2026
# Process ID: 411501
# Current directory: /st/c2024/c4264/jikken/RISC/riscv-np/fpga
# Command line: vivado -mode tcl -source riscv.tcl
# Log file: /st/c2024/c4264/jikken/RISC/riscv-np/fpga/vivado.log
# Journal file: /st/c2024/c4264/jikken/RISC/riscv-np/fpga/vivado.jou
# Running On: st145, OS: Linux, CPU Frequency: 2200.000 MHz, CPU Physical cores: 4, Host memory: 16453 MB
#-----------------------------------------------------------
source riscv.tcl
# create_project riscv ./riscv -part xc7a100tcsg324-1 -force
# set_property board_part digilentinc.com:nexys4_ddr:part0:1.1 [current_project]
# import_files -norecurse {../np/riscv.v ../np/riscv.vh ../np/inst.vh ../np/alu.vh ../np/alu.v  ../np/daligner.v  ../np/dmem.v ../np/rf.v ../np/shift.v ../np/prog.mif ../np/data.mif }
# update_compile_order -fileset sources_1
# add_files -fileset constrs_1 -norecurse ./riscv.xdc
# import_files -fileset constrs_1 ./riscv.xdc
# launch_runs impl_1 -to_step write_bitstream -jobs 2
[Thu May 21 16:03:18 2026] Launched synth_1...
Run output will be captured here: /st/c2024/c4264/jikken/RISC/riscv-np/fpga/riscv/riscv.runs/synth_1/runme.log
[Thu May 21 16:03:18 2026] Launched impl_1...
Run output will be captured here: /st/c2024/c4264/jikken/RISC/riscv-np/fpga/riscv/riscv.runs/impl_1/runme.log
launch_runs: Time (s): cpu = 00:00:00.07 ; elapsed = 00:01:00 . Memory (MB): peak = 1760.125 ; gain = 24.812 ; free physical = 4007 ; free virtual = 9799
# wait_on_run impl_1
[Thu May 21 16:03:18 2026] Waiting for impl_1 to finish...

*** Running vivado
    with args -log riscv.vdi -applog -m64 -product Vivado -messageDb vivado.pb -mode batch -source riscv.tcl -notrace


****** Vivado v2022.2 (64-bit)
  **** SW Build 3671981 on Fri Oct 14 04:59:54 MDT 2022
  **** IP Build 3669848 on Fri Oct 14 08:30:02 MDT 2022
    ** Copyright 1986-2022 Xilinx, Inc. All Rights Reserved.

source riscv.tcl -notrace
Command: link_design -top riscv -part xc7a100tcsg324-1
Design is defaulting to srcset: sources_1
Design is defaulting to constrset: constrs_1
INFO: [Device 21-403] Loading part xc7a100tcsg324-1
Netlist sorting complete. Time (s): cpu = 00:00:00 ; elapsed = 00:00:00.01 . Memory (MB): peak = 2071.090 ; gain = 0.000 ; free physical = 4443 ; free virtual = 10185
INFO: [Netlist 29-17] Analyzing 408 Unisim elements for replacement
INFO: [Netlist 29-28] Unisim Transformation completed in 0 CPU seconds
INFO: [Project 1-479] Netlist was created with Vivado 2022.2
INFO: [Project 1-570] Preparing netlist for logic optimization
Parsing XDC File [/st/c2024/c4264/jikken/RISC/riscv-np/fpga/riscv/riscv.srcs/constrs_1/imports/fpga/riscv.xdc]
Finished Parsing XDC File [/st/c2024/c4264/jikken/RISC/riscv-np/fpga/riscv/riscv.srcs/constrs_1/imports/fpga/riscv.xdc]
INFO: [Opt 31-138] Pushed 0 inverter(s) to 0 load pin(s).
Netlist sorting complete. Time (s): cpu = 00:00:00 ; elapsed = 00:00:00 . Memory (MB): peak = 2236.555 ; gain = 0.000 ; free physical = 4330 ; free virtual = 10081
INFO: [Project 1-111] Unisim Transformation Summary:
  A total of 270 instances were transformed.
  RAM256X1S => RAM256X1S (MUXF7(x2), MUXF8, RAMS64E(x4)): 256 instances
  RAM32M => RAM32M (RAMD32(x6), RAMS32(x2)): 10 instances
  RAM32X1D => RAM32X1D (RAMD32(x2)): 4 instances

7 Infos, 0 Warnings, 0 Critical Warnings and 0 Errors encountered.
link_design completed successfully
link_design: Time (s): cpu = 00:00:04 ; elapsed = 00:00:47 . Memory (MB): peak = 2236.555 ; gain = 513.379 ; free physical = 4330 ; free virtual = 10081
Command: opt_design
Attempting to get a license for feature 'Implementation' and/or device 'xc7a100t'
INFO: [Common 17-349] Got license for feature 'Implementation' and/or device 'xc7a100t'
Running DRC as a precondition to command opt_design

Starting DRC Task
INFO: [DRC 23-27] Running DRC with 8 threads
INFO: [Project 1-461] DRC finished with 0 Errors
INFO: [Project 1-462] Please refer to the DRC report (report_drc) for more information.

Time (s): cpu = 00:00:00.74 ; elapsed = 00:00:00.58 . Memory (MB): peak = 2325.367 ; gain = 88.812 ; free physical = 4322 ; free virtual = 10073

Starting Cache Timing Information Task
INFO: [Timing 38-35] Done setting XDC timing constraints.
Ending Cache Timing Information Task | Checksum: 25f0a291e

Time (s): cpu = 00:00:04 ; elapsed = 00:00:04 . Memory (MB): peak = 2781.227 ; gain = 455.859 ; free physical = 3939 ; free virtual = 9689

Starting Logic Optimization Task

Phase 1 Retarget
INFO: [Opt 31-138] Pushed 0 inverter(s) to 0 load pin(s).
INFO: [Opt 31-49] Retargeted 0 cell(s).
Phase 1 Retarget | Checksum: 25f0a291e

Time (s): cpu = 00:00:00.2 ; elapsed = 00:00:00.07 . Memory (MB): peak = 3060.117 ; gain = 0.000 ; free physical = 3692 ; free virtual = 9443
INFO: [Opt 31-389] Phase Retarget created 0 cells and removed 0 cells

Phase 2 Constant propagation
INFO: [Opt 31-138] Pushed 0 inverter(s) to 0 load pin(s).
Phase 2 Constant propagation | Checksum: 1751b4a13

Time (s): cpu = 00:00:00.21 ; elapsed = 00:00:00.08 . Memory (MB): peak = 3060.117 ; gain = 0.000 ; free physical = 3692 ; free virtual = 9443
INFO: [Opt 31-389] Phase Constant propagation created 0 cells and removed 0 cells

Phase 3 Sweep
Phase 3 Sweep | Checksum: 1c6334249

Time (s): cpu = 00:00:00.23 ; elapsed = 00:00:00.1 . Memory (MB): peak = 3060.117 ; gain = 0.000 ; free physical = 3692 ; free virtual = 9443
INFO: [Opt 31-389] Phase Sweep created 0 cells and removed 0 cells

Phase 4 BUFG optimization
Phase 4 BUFG optimization | Checksum: 1c6334249

Time (s): cpu = 00:00:00.29 ; elapsed = 00:00:00.13 . Memory (MB): peak = 3092.133 ; gain = 32.016 ; free physical = 3692 ; free virtual = 9442
INFO: [Opt 31-662] Phase BUFG optimization created 0 cells of which 0 are BUFGs and removed 0 cells.

Phase 5 Shift Register Optimization
INFO: [Opt 31-1064] SRL Remap converted 0 SRLs to 0 registers and converted 0 registers of register chains to 0 SRLs
Phase 5 Shift Register Optimization | Checksum: 1c6334249

Time (s): cpu = 00:00:00.29 ; elapsed = 00:00:00.13 . Memory (MB): peak = 3092.133 ; gain = 32.016 ; free physical = 3692 ; free virtual = 9442
INFO: [Opt 31-389] Phase Shift Register Optimization created 0 cells and removed 0 cells

Phase 6 Post Processing Netlist
Phase 6 Post Processing Netlist | Checksum: 1c6334249

Time (s): cpu = 00:00:00.29 ; elapsed = 00:00:00.14 . Memory (MB): peak = 3092.133 ; gain = 32.016 ; free physical = 3692 ; free virtual = 9442
INFO: [Opt 31-389] Phase Post Processing Netlist created 0 cells and removed 0 cells
Opt_design Change Summary
=========================


-------------------------------------------------------------------------------------------------------------------------
|  Phase                        |  #Cells created  |  #Cells Removed  |  #Constrained objects preventing optimizations  |
-------------------------------------------------------------------------------------------------------------------------
|  Retarget                     |               0  |               0  |                                              0  |
|  Constant propagation         |               0  |               0  |                                              0  |
|  Sweep                        |               0  |               0  |                                              0  |
|  BUFG optimization            |               0  |               0  |                                              0  |
|  Shift Register Optimization  |               0  |               0  |                                              0  |
|  Post Processing Netlist      |               0  |               0  |                                              0  |
-------------------------------------------------------------------------------------------------------------------------



Starting Connectivity Check Task

Time (s): cpu = 00:00:00 ; elapsed = 00:00:00 . Memory (MB): peak = 3092.133 ; gain = 0.000 ; free physical = 3692 ; free virtual = 9442
Ending Logic Optimization Task | Checksum: 15c73cd60

Time (s): cpu = 00:00:00.31 ; elapsed = 00:00:00.16 . Memory (MB): peak = 3092.133 ; gain = 32.016 ; free physical = 3692 ; free virtual = 9442

Starting Power Optimization Task
INFO: [Pwropt 34-132] Skipping clock gating for clocks with a period < 2.00 ns.
Ending Power Optimization Task | Checksum: 15c73cd60

Time (s): cpu = 00:00:00.01 ; elapsed = 00:00:00.01 . Memory (MB): peak = 3092.133 ; gain = 0.000 ; free physical = 3692 ; free virtual = 9442

Starting Final Cleanup Task
Ending Final Cleanup Task | Checksum: 15c73cd60

Time (s): cpu = 00:00:00 ; elapsed = 00:00:00 . Memory (MB): peak = 3092.133 ; gain = 0.000 ; free physical = 3692 ; free virtual = 9442

Starting Netlist Obfuscation Task
Netlist sorting complete. Time (s): cpu = 00:00:00 ; elapsed = 00:00:00 . Memory (MB): peak = 3092.133 ; gain = 0.000 ; free physical = 3692 ; free virtual = 9442
Ending Netlist Obfuscation Task | Checksum: 15c73cd60

Time (s): cpu = 00:00:00 ; elapsed = 00:00:00 . Memory (MB): peak = 3092.133 ; gain = 0.000 ; free physical = 3692 ; free virtual = 9442
INFO: [Common 17-83] Releasing license: Implementation
24 Infos, 0 Warnings, 0 Critical Warnings and 0 Errors encountered.
opt_design completed successfully
opt_design: Time (s): cpu = 00:00:06 ; elapsed = 00:00:06 . Memory (MB): peak = 3092.133 ; gain = 855.578 ; free physical = 3692 ; free virtual = 9442
INFO: [Timing 38-480] Writing timing data to binary archive.
Writing XDEF routing.
Writing XDEF routing logical nets.
Writing XDEF routing special nets.
Write XDEF Complete: Time (s): cpu = 00:00:00.2 ; elapsed = 00:00:00.06 . Memory (MB): peak = 3140.156 ; gain = 40.020 ; free physical = 3683 ; free virtual = 9434
INFO: [Common 17-1381] The checkpoint '/st/c2024/c4264/jikken/RISC/riscv-np/fpga/riscv/riscv.runs/impl_1/riscv_opt.dcp' has been generated.
INFO: [runtcl-4] Executing : report_drc -file riscv_drc_opted.rpt -pb riscv_drc_opted.pb -rpx riscv_drc_opted.rpx
Command: report_drc -file riscv_drc_opted.rpt -pb riscv_drc_opted.pb -rpx riscv_drc_opted.rpx
INFO: [IP_Flow 19-234] Refreshing IP repositories
INFO: [IP_Flow 19-1704] No user IP repositories specified
INFO: [IP_Flow 19-2313] Loaded Vivado IP repository '/opt/xilinx/Vivado/2022.2/data/ip'.
INFO: [DRC 23-27] Running DRC with 8 threads
INFO: [Vivado_Tcl 2-168] The results of DRC are in file /st/c2024/c4264/jikken/RISC/riscv-np/fpga/riscv/riscv.runs/impl_1/riscv_drc_opted.rpt.
report_drc completed successfully
Command: place_design
Attempting to get a license for feature 'Implementation' and/or device 'xc7a100t'
INFO: [Common 17-349] Got license for feature 'Implementation' and/or device 'xc7a100t'
INFO: [DRC 23-27] Running DRC with 8 threads
INFO: [Vivado_Tcl 4-198] DRC finished with 0 Errors
INFO: [Vivado_Tcl 4-199] Please refer to the DRC report (report_drc) for more information.
Running DRC as a precondition to command place_design
INFO: [DRC 23-27] Running DRC with 8 threads
INFO: [Vivado_Tcl 4-198] DRC finished with 0 Errors
INFO: [Vivado_Tcl 4-199] Please refer to the DRC report (report_drc) for more information.

Starting Placer Task
INFO: [Place 30-611] Multithreading enabled for place_design using a maximum of 8 CPUs

Phase 1 Placer Initialization

Phase 1.1 Placer Initialization Netlist Sorting
Netlist sorting complete. Time (s): cpu = 00:00:00 ; elapsed = 00:00:00 . Memory (MB): peak = 3212.191 ; gain = 0.000 ; free physical = 3657 ; free virtual = 9399
Phase 1.1 Placer Initialization Netlist Sorting | Checksum: 10321371e

Time (s): cpu = 00:00:00.01 ; elapsed = 00:00:00.03 . Memory (MB): peak = 3212.191 ; gain = 0.000 ; free physical = 3657 ; free virtual = 9399
Netlist sorting complete. Time (s): cpu = 00:00:00 ; elapsed = 00:00:00 . Memory (MB): peak = 3212.191 ; gain = 0.000 ; free physical = 3657 ; free virtual = 9399

Phase 1.2 IO Placement/ Clock Placement/ Build Placer Device
INFO: [Timing 38-35] Done setting XDC timing constraints.
Phase 1.2 IO Placement/ Clock Placement/ Build Placer Device | Checksum: 11c9825b9

Time (s): cpu = 00:00:00.7 ; elapsed = 00:00:00.26 . Memory (MB): peak = 3212.191 ; gain = 0.000 ; free physical = 3643 ; free virtual = 9385

Phase 1.3 Build Placer Netlist Model
Phase 1.3 Build Placer Netlist Model | Checksum: 1b35a1400

Time (s): cpu = 00:00:02 ; elapsed = 00:00:00.74 . Memory (MB): peak = 3212.191 ; gain = 0.000 ; free physical = 3641 ; free virtual = 9392

Phase 1.4 Constrain Clocks/Macros
Phase 1.4 Constrain Clocks/Macros | Checksum: 1b35a1400

Time (s): cpu = 00:00:02 ; elapsed = 00:00:00.74 . Memory (MB): peak = 3212.191 ; gain = 0.000 ; free physical = 3641 ; free virtual = 9392
Phase 1 Placer Initialization | Checksum: 1b35a1400

Time (s): cpu = 00:00:02 ; elapsed = 00:00:00.75 . Memory (MB): peak = 3212.191 ; gain = 0.000 ; free physical = 3641 ; free virtual = 9392

Phase 2 Global Placement

Phase 2.1 Floorplanning
Phase 2.1 Floorplanning | Checksum: 184c64a2b

Time (s): cpu = 00:00:02 ; elapsed = 00:00:00.86 . Memory (MB): peak = 3212.191 ; gain = 0.000 ; free physical = 3637 ; free virtual = 9389

Phase 2.2 Update Timing before SLR Path Opt
Phase 2.2 Update Timing before SLR Path Opt | Checksum: 1697353ee

Time (s): cpu = 00:00:03 ; elapsed = 00:00:00.96 . Memory (MB): peak = 3212.191 ; gain = 0.000 ; free physical = 3637 ; free virtual = 9388

Phase 2.3 Post-Processing in Floorplanning
Phase 2.3 Post-Processing in Floorplanning | Checksum: 1697353ee

Time (s): cpu = 00:00:03 ; elapsed = 00:00:00.97 . Memory (MB): peak = 3212.191 ; gain = 0.000 ; free physical = 3637 ; free virtual = 9388

Phase 2.4 Global Placement Core

Phase 2.4.1 UpdateTiming Before Physical Synthesis
Phase 2.4.1 UpdateTiming Before Physical Synthesis | Checksum: 13da1d860

Time (s): cpu = 00:00:08 ; elapsed = 00:00:02 . Memory (MB): peak = 3212.191 ; gain = 0.000 ; free physical = 3603 ; free virtual = 9354

Phase 2.4.2 Physical Synthesis In Placer
INFO: [Physopt 32-1035] Found 2 LUTNM shape to break, 99 LUT instances to create LUTNM shape
INFO: [Physopt 32-1044] Break lutnm for timing: one critical 2, two critical 0, total 2, new lutff created 0
INFO: [Physopt 32-1138] End 1 Pass. Optimized 27 nets or LUTs. Breaked 2 LUTs, combined 25 existing LUTs and moved 0 existing LUT
INFO: [Physopt 32-65] No nets found for high-fanout optimization.
INFO: [Physopt 32-232] Optimized 0 net. Created 0 new instance.
INFO: [Physopt 32-775] End 1 Pass. Optimized 0 net or cell. Created 0 new cell, deleted 0 existing cell and moved 0 existing cell
INFO: [Physopt 32-456] No candidate cells for DSP register optimization found in the design.
INFO: [Physopt 32-775] End 2 Pass. Optimized 0 net or cell. Created 0 new cell, deleted 0 existing cell and moved 0 existing cell
INFO: [Physopt 32-1123] No candidate cells found for Shift Register to Pipeline optimization
INFO: [Physopt 32-775] End 2 Pass. Optimized 0 net or cell. Created 0 new cell, deleted 0 existing cell and moved 0 existing cell
INFO: [Physopt 32-677] No candidate cells for Shift Register optimization found in the design
INFO: [Physopt 32-775] End 1 Pass. Optimized 0 net or cell. Created 0 new cell, deleted 0 existing cell and moved 0 existing cell
INFO: [Physopt 32-526] No candidate cells for BRAM register optimization found in the design
INFO: [Physopt 32-775] End 1 Pass. Optimized 0 net or cell. Created 0 new cell, deleted 0 existing cell and moved 0 existing cell
INFO: [Physopt 32-846] No candidate cells for URAM register optimization found in the design
INFO: [Physopt 32-775] End 2 Pass. Optimized 0 net or cell. Created 0 new cell, deleted 0 existing cell and moved 0 existing cell
INFO: [Physopt 32-949] No candidate nets found for dynamic/static region interface net replication
INFO: [Physopt 32-775] End 1 Pass. Optimized 0 net or cell. Created 0 new cell, deleted 0 existing cell and moved 0 existing cell
Netlist sorting complete. Time (s): cpu = 00:00:00 ; elapsed = 00:00:00 . Memory (MB): peak = 3212.191 ; gain = 0.000 ; free physical = 3602 ; free virtual = 9353

Summary of Physical Synthesis Optimizations
============================================


-----------------------------------------------------------------------------------------------------------------------------------------------------------
|  Optimization                                     |  Added Cells  |  Removed Cells  |  Optimized Cells/Nets  |  Dont Touch  |  Iterations  |  Elapsed   |
-----------------------------------------------------------------------------------------------------------------------------------------------------------
|  LUT Combining                                    |            2  |             25  |                    27  |           0  |           1  |  00:00:00  |
|  Retime                                           |            0  |              0  |                     0  |           0  |           1  |  00:00:00  |
|  Very High Fanout                                 |            0  |              0  |                     0  |           0  |           1  |  00:00:00  |
|  DSP Register                                     |            0  |              0  |                     0  |           0  |           1  |  00:00:00  |
|  Shift Register to Pipeline                       |            0  |              0  |                     0  |           0  |           1  |  00:00:00  |
|  Shift Register                                   |            0  |              0  |                     0  |           0  |           1  |  00:00:00  |
|  BRAM Register                                    |            0  |              0  |                     0  |           0  |           1  |  00:00:00  |
|  URAM Register                                    |            0  |              0  |                     0  |           0  |           1  |  00:00:00  |
|  Dynamic/Static Region Interface Net Replication  |            0  |              0  |                     0  |           0  |           1  |  00:00:00  |
|  Total                                            |            2  |             25  |                    27  |           0  |           9  |  00:00:00  |
-----------------------------------------------------------------------------------------------------------------------------------------------------------


Phase 2.4.2 Physical Synthesis In Placer | Checksum: 1881374f2

Time (s): cpu = 00:00:08 ; elapsed = 00:00:03 . Memory (MB): peak = 3212.191 ; gain = 0.000 ; free physical = 3609 ; free virtual = 9352
Phase 2.4 Global Placement Core | Checksum: 1c717b230

Time (s): cpu = 00:00:09 ; elapsed = 00:00:03 . Memory (MB): peak = 3212.191 ; gain = 0.000 ; free physical = 3608 ; free virtual = 9350
Phase 2 Global Placement | Checksum: 1c717b230

Time (s): cpu = 00:00:09 ; elapsed = 00:00:03 . Memory (MB): peak = 3212.191 ; gain = 0.000 ; free physical = 3608 ; free virtual = 9350

Phase 3 Detail Placement

Phase 3.1 Commit Multi Column Macros
Phase 3.1 Commit Multi Column Macros | Checksum: 143d2f6cb

Time (s): cpu = 00:00:09 ; elapsed = 00:00:03 . Memory (MB): peak = 3212.191 ; gain = 0.000 ; free physical = 3608 ; free virtual = 9350

Phase 3.2 Commit Most Macros & LUTRAMs
Phase 3.2 Commit Most Macros & LUTRAMs | Checksum: 14a85ab75

Time (s): cpu = 00:00:10 ; elapsed = 00:00:03 . Memory (MB): peak = 3212.191 ; gain = 0.000 ; free physical = 3605 ; free virtual = 9347

Phase 3.3 Area Swap Optimization
Phase 3.3 Area Swap Optimization | Checksum: f7c713b6

Time (s): cpu = 00:00:10 ; elapsed = 00:00:03 . Memory (MB): peak = 3212.191 ; gain = 0.000 ; free physical = 3605 ; free virtual = 9347

Phase 3.4 Pipeline Register Optimization
Phase 3.4 Pipeline Register Optimization | Checksum: c91250f8

Time (s): cpu = 00:00:10 ; elapsed = 00:00:03 . Memory (MB): peak = 3212.191 ; gain = 0.000 ; free physical = 3605 ; free virtual = 9347

Phase 3.5 Small Shape Detail Placement
Phase 3.5 Small Shape Detail Placement | Checksum: 1a85f76c0

Time (s): cpu = 00:00:11 ; elapsed = 00:00:03 . Memory (MB): peak = 3212.191 ; gain = 0.000 ; free physical = 3598 ; free virtual = 9340

Phase 3.6 Re-assign LUT pins
Phase 3.6 Re-assign LUT pins | Checksum: 193713d7b

Time (s): cpu = 00:00:11 ; elapsed = 00:00:03 . Memory (MB): peak = 3212.191 ; gain = 0.000 ; free physical = 3598 ; free virtual = 9340

Phase 3.7 Pipeline Register Optimization
Phase 3.7 Pipeline Register Optimization | Checksum: 1bb9cc6dd

Time (s): cpu = 00:00:11 ; elapsed = 00:00:04 . Memory (MB): peak = 3212.191 ; gain = 0.000 ; free physical = 3598 ; free virtual = 9340
Phase 3 Detail Placement | Checksum: 1bb9cc6dd

Time (s): cpu = 00:00:11 ; elapsed = 00:00:04 . Memory (MB): peak = 3212.191 ; gain = 0.000 ; free physical = 3598 ; free virtual = 9340

Phase 4 Post Placement Optimization and Clean-Up

Phase 4.1 Post Commit Optimization
INFO: [Timing 38-35] Done setting XDC timing constraints.

Phase 4.1.1 Post Placement Optimization
Post Placement Optimization Initialization | Checksum: 1ee705886

Phase 4.1.1.1 BUFG Insertion

Starting Physical Synthesis Task

Phase 1 Physical Synthesis Initialization
INFO: [Physopt 32-721] Multithreading enabled for phys_opt_design using a maximum of 8 CPUs
INFO: [Physopt 32-619] Estimated Timing Summary | WNS=0.228 | TNS=0.000 |
Phase 1 Physical Synthesis Initialization | Checksum: 18ef78708

Time (s): cpu = 00:00:00.26 ; elapsed = 00:00:00.1 . Memory (MB): peak = 3212.191 ; gain = 0.000 ; free physical = 3595 ; free virtual = 9338
INFO: [Place 46-56] BUFG insertion identified 0 candidate nets. Inserted BUFG: 0, Replicated BUFG Driver: 0, Skipped due to Placement/Routing Conflicts: 0, Skipped due to Timing Degradation: 0, Skipped due to Illegal Netlist: 0.
Ending Physical Synthesis Task | Checksum: 1cda9d473

Time (s): cpu = 00:00:00.27 ; elapsed = 00:00:00.11 . Memory (MB): peak = 3212.191 ; gain = 0.000 ; free physical = 3595 ; free virtual = 9338
Phase 4.1.1.1 BUFG Insertion | Checksum: 1ee705886

Time (s): cpu = 00:00:13 ; elapsed = 00:00:04 . Memory (MB): peak = 3212.191 ; gain = 0.000 ; free physical = 3595 ; free virtual = 9338

Phase 4.1.1.2 Post Placement Timing Optimization
INFO: [Place 30-746] Post Placement Timing Summary WNS=0.629. For the most accurate timing information please run report_timing.
Phase 4.1.1.2 Post Placement Timing Optimization | Checksum: 23f62fdf6

Time (s): cpu = 00:00:13 ; elapsed = 00:00:04 . Memory (MB): peak = 3212.191 ; gain = 0.000 ; free physical = 3595 ; free virtual = 9337

Time (s): cpu = 00:00:13 ; elapsed = 00:00:04 . Memory (MB): peak = 3212.191 ; gain = 0.000 ; free physical = 3595 ; free virtual = 9337
Phase 4.1 Post Commit Optimization | Checksum: 23f62fdf6

Time (s): cpu = 00:00:13 ; elapsed = 00:00:04 . Memory (MB): peak = 3212.191 ; gain = 0.000 ; free physical = 3595 ; free virtual = 9337

Phase 4.2 Post Placement Cleanup
Phase 4.2 Post Placement Cleanup | Checksum: 23f62fdf6

Time (s): cpu = 00:00:13 ; elapsed = 00:00:04 . Memory (MB): peak = 3212.191 ; gain = 0.000 ; free physical = 3595 ; free virtual = 9337

Phase 4.3 Placer Reporting

Phase 4.3.1 Print Estimated Congestion
INFO: [Place 30-612] Post-Placement Estimated Congestion 
 ____________________________________________________
|           | Global Congestion | Short Congestion  |
| Direction | Region Size       | Region Size       |
|___________|___________________|___________________|
|      North|                1x1|                4x4|
|___________|___________________|___________________|
|      South|                1x1|                2x2|
|___________|___________________|___________________|
|       East|                1x1|                2x2|
|___________|___________________|___________________|
|       West|                1x1|                2x2|
|___________|___________________|___________________|

Phase 4.3.1 Print Estimated Congestion | Checksum: 23f62fdf6

Time (s): cpu = 00:00:13 ; elapsed = 00:00:04 . Memory (MB): peak = 3212.191 ; gain = 0.000 ; free physical = 3595 ; free virtual = 9337
Phase 4.3 Placer Reporting | Checksum: 23f62fdf6

Time (s): cpu = 00:00:13 ; elapsed = 00:00:04 . Memory (MB): peak = 3212.191 ; gain = 0.000 ; free physical = 3595 ; free virtual = 9337

Phase 4.4 Final Placement Cleanup
Netlist sorting complete. Time (s): cpu = 00:00:00 ; elapsed = 00:00:00 . Memory (MB): peak = 3212.191 ; gain = 0.000 ; free physical = 3595 ; free virtual = 9337

Time (s): cpu = 00:00:13 ; elapsed = 00:00:04 . Memory (MB): peak = 3212.191 ; gain = 0.000 ; free physical = 3595 ; free virtual = 9337
Phase 4 Post Placement Optimization and Clean-Up | Checksum: 2391b92bd

Time (s): cpu = 00:00:13 ; elapsed = 00:00:04 . Memory (MB): peak = 3212.191 ; gain = 0.000 ; free physical = 3595 ; free virtual = 9337
Ending Placer Task | Checksum: 13a790fce

Time (s): cpu = 00:00:13 ; elapsed = 00:00:04 . Memory (MB): peak = 3212.191 ; gain = 0.000 ; free physical = 3595 ; free virtual = 9337
INFO: [Common 17-83] Releasing license: Implementation
66 Infos, 0 Warnings, 0 Critical Warnings and 0 Errors encountered.
place_design completed successfully
INFO: [Timing 38-480] Writing timing data to binary archive.
Writing XDEF routing.
Writing XDEF routing logical nets.
Writing XDEF routing special nets.
Write XDEF Complete: Time (s): cpu = 00:00:00.41 ; elapsed = 00:00:00.4 . Memory (MB): peak = 3212.191 ; gain = 0.000 ; free physical = 3613 ; free virtual = 9360
INFO: [Common 17-1381] The checkpoint '/st/c2024/c4264/jikken/RISC/riscv-np/fpga/riscv/riscv.runs/impl_1/riscv_placed.dcp' has been generated.
INFO: [runtcl-4] Executing : report_io -file riscv_io_placed.rpt
report_io: Time (s): cpu = 00:00:00.08 ; elapsed = 00:00:00.13 . Memory (MB): peak = 3212.191 ; gain = 0.000 ; free physical = 3601 ; free virtual = 9353
INFO: [runtcl-4] Executing : report_utilization -file riscv_utilization_placed.rpt -pb riscv_utilization_placed.pb
INFO: [runtcl-4] Executing : report_control_sets -verbose -file riscv_control_sets_placed.rpt
report_control_sets: Time (s): cpu = 00:00:00.03 ; elapsed = 00:00:00.17 . Memory (MB): peak = 3212.191 ; gain = 0.000 ; free physical = 3600 ; free virtual = 9353
Command: phys_opt_design
Attempting to get a license for feature 'Implementation' and/or device 'xc7a100t'
INFO: [Common 17-349] Got license for feature 'Implementation' and/or device 'xc7a100t'

Starting Initial Update Timing Task

Time (s): cpu = 00:00:00.98 ; elapsed = 00:00:00.37 . Memory (MB): peak = 3212.191 ; gain = 0.000 ; free physical = 3578 ; free virtual = 9331
INFO: [Vivado_Tcl 4-383] Design worst setup slack (WNS) is greater than or equal to 0.000 ns. Skipping all physical synthesis optimizations.
INFO: [Vivado_Tcl 4-232] No setup violation found. The netlist was not modified.
INFO: [Common 17-83] Releasing license: Implementation
75 Infos, 0 Warnings, 0 Critical Warnings and 0 Errors encountered.
phys_opt_design completed successfully
INFO: [Timing 38-480] Writing timing data to binary archive.
Writing XDEF routing.
Writing XDEF routing logical nets.
Writing XDEF routing special nets.
Write XDEF Complete: Time (s): cpu = 00:00:00.54 ; elapsed = 00:00:00.39 . Memory (MB): peak = 3212.191 ; gain = 0.000 ; free physical = 3572 ; free virtual = 9329
INFO: [Common 17-1381] The checkpoint '/st/c2024/c4264/jikken/RISC/riscv-np/fpga/riscv/riscv.runs/impl_1/riscv_physopt.dcp' has been generated.
Command: route_design
Attempting to get a license for feature 'Implementation' and/or device 'xc7a100t'
INFO: [Common 17-349] Got license for feature 'Implementation' and/or device 'xc7a100t'
Running DRC as a precondition to command route_design
INFO: [DRC 23-27] Running DRC with 8 threads
INFO: [Vivado_Tcl 4-198] DRC finished with 0 Errors
INFO: [Vivado_Tcl 4-199] Please refer to the DRC report (report_drc) for more information.


Starting Routing Task
INFO: [Route 35-254] Multithreading enabled for route_design using a maximum of 8 CPUs

Phase 1 Build RT Design
Checksum: PlaceDB: 8534a496 ConstDB: 0 ShapeSum: b5446b38 RouteDB: 0
Post Restoration Checksum: NetGraph: 93b4760b NumContArr: f3e20f6f Constraints: 0 Timing: 0
Phase 1 Build RT Design | Checksum: 18796857a

Time (s): cpu = 00:00:15 ; elapsed = 00:00:12 . Memory (MB): peak = 3288.555 ; gain = 45.957 ; free physical = 3459 ; free virtual = 9203

Phase 2 Router Initialization

Phase 2.1 Fix Topology Constraints
Phase 2.1 Fix Topology Constraints | Checksum: 18796857a

Time (s): cpu = 00:00:15 ; elapsed = 00:00:12 . Memory (MB): peak = 3321.555 ; gain = 78.957 ; free physical = 3425 ; free virtual = 9169

Phase 2.2 Pre Route Cleanup
Phase 2.2 Pre Route Cleanup | Checksum: 18796857a

Time (s): cpu = 00:00:15 ; elapsed = 00:00:12 . Memory (MB): peak = 3321.555 ; gain = 78.957 ; free physical = 3425 ; free virtual = 9169
 Number of Nodes with overlaps = 0

Phase 2.3 Update Timing
Phase 2.3 Update Timing | Checksum: 1eab61dfb

Time (s): cpu = 00:00:17 ; elapsed = 00:00:13 . Memory (MB): peak = 3351.852 ; gain = 109.254 ; free physical = 3399 ; free virtual = 9152
INFO: [Route 35-416] Intermediate Timing Summary | WNS=0.939  | TNS=0.000  | WHS=-0.250 | THS=-177.545|


Router Utilization Summary
  Global Vertical Routing Utilization    = 0.0114462 %
  Global Horizontal Routing Utilization  = 0.00461779 %
  Routable Net Status*
  *Does not include unroutable nets such as driverless and loadless.
  Run report_route_status for detailed report.
  Number of Failed Nets               = 2613
    (Failed Nets is the sum of unrouted and partially routed nets)
  Number of Unrouted Nets             = 2610
  Number of Partially Routed Nets     = 3
  Number of Node Overlaps             = 2

Phase 2 Router Initialization | Checksum: 162595ce1

Time (s): cpu = 00:00:18 ; elapsed = 00:00:13 . Memory (MB): peak = 3351.852 ; gain = 109.254 ; free physical = 3385 ; free virtual = 9139

Phase 3 Initial Routing

Phase 3.1 Global Routing
Phase 3.1 Global Routing | Checksum: 162595ce1

Time (s): cpu = 00:00:18 ; elapsed = 00:00:13 . Memory (MB): peak = 3351.852 ; gain = 109.254 ; free physical = 3385 ; free virtual = 9139
Phase 3 Initial Routing | Checksum: 1773e16fb

Time (s): cpu = 00:00:20 ; elapsed = 00:00:14 . Memory (MB): peak = 3351.852 ; gain = 109.254 ; free physical = 3386 ; free virtual = 9140

Phase 4 Rip-up And Reroute

Phase 4.1 Global Iteration 0
 Number of Nodes with overlaps = 632
 Number of Nodes with overlaps = 171
 Number of Nodes with overlaps = 59
 Number of Nodes with overlaps = 16
 Number of Nodes with overlaps = 7
 Number of Nodes with overlaps = 5
 Number of Nodes with overlaps = 2
 Number of Nodes with overlaps = 0
INFO: [Route 35-416] Intermediate Timing Summary | WNS=0.905  | TNS=0.000  | WHS=N/A    | THS=N/A    |

Phase 4.1 Global Iteration 0 | Checksum: 148941ca7

Time (s): cpu = 00:00:24 ; elapsed = 00:00:16 . Memory (MB): peak = 3351.852 ; gain = 109.254 ; free physical = 3385 ; free virtual = 9130
Phase 4 Rip-up And Reroute | Checksum: 148941ca7

Time (s): cpu = 00:00:24 ; elapsed = 00:00:16 . Memory (MB): peak = 3351.852 ; gain = 109.254 ; free physical = 3385 ; free virtual = 9130

Phase 5 Delay and Skew Optimization

Phase 5.1 Delay CleanUp
Phase 5.1 Delay CleanUp | Checksum: 148941ca7

Time (s): cpu = 00:00:24 ; elapsed = 00:00:16 . Memory (MB): peak = 3351.852 ; gain = 109.254 ; free physical = 3385 ; free virtual = 9130

Phase 5.2 Clock Skew Optimization
Phase 5.2 Clock Skew Optimization | Checksum: 148941ca7

Time (s): cpu = 00:00:24 ; elapsed = 00:00:16 . Memory (MB): peak = 3351.852 ; gain = 109.254 ; free physical = 3385 ; free virtual = 9130
Phase 5 Delay and Skew Optimization | Checksum: 148941ca7

Time (s): cpu = 00:00:24 ; elapsed = 00:00:16 . Memory (MB): peak = 3351.852 ; gain = 109.254 ; free physical = 3385 ; free virtual = 9130

Phase 6 Post Hold Fix

Phase 6.1 Hold Fix Iter

Phase 6.1.1 Update Timing
Phase 6.1.1 Update Timing | Checksum: 12e3f3f7b

Time (s): cpu = 00:00:24 ; elapsed = 00:00:16 . Memory (MB): peak = 3351.852 ; gain = 109.254 ; free physical = 3385 ; free virtual = 9130
INFO: [Route 35-416] Intermediate Timing Summary | WNS=0.992  | TNS=0.000  | WHS=0.031  | THS=0.000  |

Phase 6.1 Hold Fix Iter | Checksum: 1e145d812

Time (s): cpu = 00:00:24 ; elapsed = 00:00:16 . Memory (MB): peak = 3351.852 ; gain = 109.254 ; free physical = 3385 ; free virtual = 9130
Phase 6 Post Hold Fix | Checksum: 1e145d812

Time (s): cpu = 00:00:24 ; elapsed = 00:00:16 . Memory (MB): peak = 3351.852 ; gain = 109.254 ; free physical = 3385 ; free virtual = 9130

Phase 7 Route finalize

Router Utilization Summary
  Global Vertical Routing Utilization    = 0.938808 %
  Global Horizontal Routing Utilization  = 0.992185 %
  Routable Net Status*
  *Does not include unroutable nets such as driverless and loadless.
  Run report_route_status for detailed report.
  Number of Failed Nets               = 0
    (Failed Nets is the sum of unrouted and partially routed nets)
  Number of Unrouted Nets             = 0
  Number of Partially Routed Nets     = 0
  Number of Node Overlaps             = 0

Phase 7 Route finalize | Checksum: 196bf3bb6

Time (s): cpu = 00:00:24 ; elapsed = 00:00:16 . Memory (MB): peak = 3351.852 ; gain = 109.254 ; free physical = 3385 ; free virtual = 9130

Phase 8 Verifying routed nets

 Verification completed successfully
Phase 8 Verifying routed nets | Checksum: 196bf3bb6

Time (s): cpu = 00:00:24 ; elapsed = 00:00:16 . Memory (MB): peak = 3351.852 ; gain = 109.254 ; free physical = 3384 ; free virtual = 9129

Phase 9 Depositing Routes
Phase 9 Depositing Routes | Checksum: 1f45bb6f5

Time (s): cpu = 00:00:24 ; elapsed = 00:00:16 . Memory (MB): peak = 3367.859 ; gain = 125.262 ; free physical = 3384 ; free virtual = 9129

Phase 10 Post Router Timing
INFO: [Route 35-57] Estimated Timing Summary | WNS=0.992  | TNS=0.000  | WHS=0.031  | THS=0.000  |

INFO: [Route 35-327] The final timing numbers are based on the router estimated timing analysis. For a complete and accurate timing signoff, please run report_timing_summary.
Phase 10 Post Router Timing | Checksum: 1f45bb6f5

Time (s): cpu = 00:00:25 ; elapsed = 00:00:16 . Memory (MB): peak = 3367.859 ; gain = 125.262 ; free physical = 3384 ; free virtual = 9129
INFO: [Route 35-16] Router Completed Successfully

Time (s): cpu = 00:00:25 ; elapsed = 00:00:16 . Memory (MB): peak = 3367.859 ; gain = 125.262 ; free physical = 3424 ; free virtual = 9169

Routing Is Done.
INFO: [Common 17-83] Releasing license: Implementation
89 Infos, 0 Warnings, 0 Critical Warnings and 0 Errors encountered.
route_design completed successfully
route_design: Time (s): cpu = 00:00:25 ; elapsed = 00:01:17 . Memory (MB): peak = 3367.859 ; gain = 155.668 ; free physical = 3426 ; free virtual = 9187
INFO: [Timing 38-480] Writing timing data to binary archive.
Writing XDEF routing.
Writing XDEF routing logical nets.
Writing XDEF routing special nets.
Write XDEF Complete: Time (s): cpu = 00:00:00.59 ; elapsed = 00:00:00.42 . Memory (MB): peak = 3367.859 ; gain = 0.000 ; free physical = 3414 ; free virtual = 9181
INFO: [Common 17-1381] The checkpoint '/st/c2024/c4264/jikken/RISC/riscv-np/fpga/riscv/riscv.runs/impl_1/riscv_routed.dcp' has been generated.
INFO: [runtcl-4] Executing : report_drc -file riscv_drc_routed.rpt -pb riscv_drc_routed.pb -rpx riscv_drc_routed.rpx
Command: report_drc -file riscv_drc_routed.rpt -pb riscv_drc_routed.pb -rpx riscv_drc_routed.rpx
INFO: [IP_Flow 19-1839] IP Catalog is up to date.
INFO: [DRC 23-27] Running DRC with 8 threads
INFO: [Vivado_Tcl 2-168] The results of DRC are in file /st/c2024/c4264/jikken/RISC/riscv-np/fpga/riscv/riscv.runs/impl_1/riscv_drc_routed.rpt.
report_drc completed successfully
INFO: [runtcl-4] Executing : report_methodology -file riscv_methodology_drc_routed.rpt -pb riscv_methodology_drc_routed.pb -rpx riscv_methodology_drc_routed.rpx
Command: report_methodology -file riscv_methodology_drc_routed.rpt -pb riscv_methodology_drc_routed.pb -rpx riscv_methodology_drc_routed.rpx
INFO: [Timing 38-35] Done setting XDC timing constraints.
INFO: [DRC 23-133] Running Methodology with 8 threads
INFO: [Vivado_Tcl 2-1520] The results of Report Methodology are in file /st/c2024/c4264/jikken/RISC/riscv-np/fpga/riscv/riscv.runs/impl_1/riscv_methodology_drc_routed.rpt.
report_methodology completed successfully
INFO: [runtcl-4] Executing : report_power -file riscv_power_routed.rpt -pb riscv_power_summary_routed.pb -rpx riscv_power_routed.rpx
Command: report_power -file riscv_power_routed.rpt -pb riscv_power_summary_routed.pb -rpx riscv_power_routed.rpx
INFO: [Timing 38-35] Done setting XDC timing constraints.
Running Vector-less Activity Propagation...

Finished Running Vector-less Activity Propagation
101 Infos, 0 Warnings, 0 Critical Warnings and 0 Errors encountered.
report_power completed successfully
INFO: [runtcl-4] Executing : report_route_status -file riscv_route_status.rpt -pb riscv_route_status.pb
INFO: [runtcl-4] Executing : report_timing_summary -max_paths 10 -report_unconstrained -file riscv_timing_summary_routed.rpt -pb riscv_timing_summary_routed.pb -rpx riscv_timing_summary_routed.rpx -warn_on_violation 
INFO: [Timing 38-91] UpdateTimingParams: Speed grade: -1, Delay Type: min_max.
INFO: [Timing 38-191] Multithreading enabled for timing update using a maximum of 8 CPUs
INFO: [runtcl-4] Executing : report_incremental_reuse -file riscv_incremental_reuse_routed.rpt
INFO: [Vivado_Tcl 4-1062] Incremental flow is disabled. No incremental reuse Info to report.
INFO: [runtcl-4] Executing : report_clock_utilization -file riscv_clock_utilization_routed.rpt
INFO: [runtcl-4] Executing : report_bus_skew -warn_on_violation -file riscv_bus_skew_routed.rpt -pb riscv_bus_skew_routed.pb -rpx riscv_bus_skew_routed.rpx
INFO: [Timing 38-91] UpdateTimingParams: Speed grade: -1, Delay Type: min_max.
INFO: [Timing 38-191] Multithreading enabled for timing update using a maximum of 8 CPUs
Command: write_bitstream -force riscv.bit
Attempting to get a license for feature 'Implementation' and/or device 'xc7a100t'
INFO: [Common 17-349] Got license for feature 'Implementation' and/or device 'xc7a100t'
Running DRC as a precondition to command write_bitstream
INFO: [IP_Flow 19-1839] IP Catalog is up to date.
INFO: [DRC 23-27] Running DRC with 8 threads
WARNING: [DRC DPOP-1] PREG Output pipelining: DSP MEM_MUL_SS output MEM_MUL_SS/P[47:0] is not pipelined (PREG=0). Pipelining the DSP48 output will improve performance and often saves power so it is suggested whenever possible to fully pipeline this function.  If this DSP48 function was inferred, it is suggested to describe an additional register stage after this function.  If the DSP48 was instantiated in the design, it is suggested to set the PREG attribute to 1.
WARNING: [DRC DPOP-1] PREG Output pipelining: DSP MEM_MUL_SS__0 output MEM_MUL_SS__0/P[47:0] is not pipelined (PREG=0). Pipelining the DSP48 output will improve performance and often saves power so it is suggested whenever possible to fully pipeline this function.  If this DSP48 function was inferred, it is suggested to describe an additional register stage after this function.  If the DSP48 was instantiated in the design, it is suggested to set the PREG attribute to 1.
WARNING: [DRC DPOP-1] PREG Output pipelining: DSP MEM_MUL_SS__1 output MEM_MUL_SS__1/P[47:0] is not pipelined (PREG=0). Pipelining the DSP48 output will improve performance and often saves power so it is suggested whenever possible to fully pipeline this function.  If this DSP48 function was inferred, it is suggested to describe an additional register stage after this function.  If the DSP48 was instantiated in the design, it is suggested to set the PREG attribute to 1.
WARNING: [DRC DPOP-1] PREG Output pipelining: DSP MEM_MUL_SS__2 output MEM_MUL_SS__2/P[47:0] is not pipelined (PREG=0). Pipelining the DSP48 output will improve performance and often saves power so it is suggested whenever possible to fully pipeline this function.  If this DSP48 function was inferred, it is suggested to describe an additional register stage after this function.  If the DSP48 was instantiated in the design, it is suggested to set the PREG attribute to 1.
WARNING: [DRC DPOP-1] PREG Output pipelining: DSP MEM_MUL_SU_FULL output MEM_MUL_SU_FULL/P[47:0] is not pipelined (PREG=0). Pipelining the DSP48 output will improve performance and often saves power so it is suggested whenever possible to fully pipeline this function.  If this DSP48 function was inferred, it is suggested to describe an additional register stage after this function.  If the DSP48 was instantiated in the design, it is suggested to set the PREG attribute to 1.
WARNING: [DRC DPOP-1] PREG Output pipelining: DSP MEM_MUL_SU_FULL__0 output MEM_MUL_SU_FULL__0/P[47:0] is not pipelined (PREG=0). Pipelining the DSP48 output will improve performance and often saves power so it is suggested whenever possible to fully pipeline this function.  If this DSP48 function was inferred, it is suggested to describe an additional register stage after this function.  If the DSP48 was instantiated in the design, it is suggested to set the PREG attribute to 1.
WARNING: [DRC DPOP-1] PREG Output pipelining: DSP MEM_MUL_SU_FULL__1 output MEM_MUL_SU_FULL__1/P[47:0] is not pipelined (PREG=0). Pipelining the DSP48 output will improve performance and often saves power so it is suggested whenever possible to fully pipeline this function.  If this DSP48 function was inferred, it is suggested to describe an additional register stage after this function.  If the DSP48 was instantiated in the design, it is suggested to set the PREG attribute to 1.
WARNING: [DRC DPOP-1] PREG Output pipelining: DSP MEM_MUL_SU_FULL__2 output MEM_MUL_SU_FULL__2/P[47:0] is not pipelined (PREG=0). Pipelining the DSP48 output will improve performance and often saves power so it is suggested whenever possible to fully pipeline this function.  If this DSP48 function was inferred, it is suggested to describe an additional register stage after this function.  If the DSP48 was instantiated in the design, it is suggested to set the PREG attribute to 1.
WARNING: [DRC DPOP-1] PREG Output pipelining: DSP MEM_MUL_UU output MEM_MUL_UU/P[47:0] is not pipelined (PREG=0). Pipelining the DSP48 output will improve performance and often saves power so it is suggested whenever possible to fully pipeline this function.  If this DSP48 function was inferred, it is suggested to describe an additional register stage after this function.  If the DSP48 was instantiated in the design, it is suggested to set the PREG attribute to 1.
WARNING: [DRC DPOP-1] PREG Output pipelining: DSP MEM_MUL_UU__0 output MEM_MUL_UU__0/P[47:0] is not pipelined (PREG=0). Pipelining the DSP48 output will improve performance and often saves power so it is suggested whenever possible to fully pipeline this function.  If this DSP48 function was inferred, it is suggested to describe an additional register stage after this function.  If the DSP48 was instantiated in the design, it is suggested to set the PREG attribute to 1.
WARNING: [DRC DPOP-1] PREG Output pipelining: DSP MEM_MUL_UU__1 output MEM_MUL_UU__1/P[47:0] is not pipelined (PREG=0). Pipelining the DSP48 output will improve performance and often saves power so it is suggested whenever possible to fully pipeline this function.  If this DSP48 function was inferred, it is suggested to describe an additional register stage after this function.  If the DSP48 was instantiated in the design, it is suggested to set the PREG attribute to 1.
WARNING: [DRC DPOP-1] PREG Output pipelining: DSP MEM_MUL_UU__2 output MEM_MUL_UU__2/P[47:0] is not pipelined (PREG=0). Pipelining the DSP48 output will improve performance and often saves power so it is suggested whenever possible to fully pipeline this function.  If this DSP48 function was inferred, it is suggested to describe an additional register stage after this function.  If the DSP48 was instantiated in the design, it is suggested to set the PREG attribute to 1.
WARNING: [DRC DPOP-2] MREG Output pipelining: DSP MEM_MUL_SS multiplier stage MEM_MUL_SS/P[47:0] is not pipelined (MREG=0). Pipelining the multiplier function will improve performance and will save significant power so it is suggested whenever possible to fully pipeline this function.  If this multiplier was inferred, it is suggested to describe an additional register stage after this function.  If there is no registered adder/accumulator following the multiply function, two pipeline stages are suggested to allow both the MREG and PREG registers to be used.  If the DSP48 was instantiated in the design, it is suggested to set both the MREG and PREG attributes to 1 when performing multiply functions.
WARNING: [DRC DPOP-2] MREG Output pipelining: DSP MEM_MUL_SS__0 multiplier stage MEM_MUL_SS__0/P[47:0] is not pipelined (MREG=0). Pipelining the multiplier function will improve performance and will save significant power so it is suggested whenever possible to fully pipeline this function.  If this multiplier was inferred, it is suggested to describe an additional register stage after this function.  If there is no registered adder/accumulator following the multiply function, two pipeline stages are suggested to allow both the MREG and PREG registers to be used.  If the DSP48 was instantiated in the design, it is suggested to set both the MREG and PREG attributes to 1 when performing multiply functions.
WARNING: [DRC DPOP-2] MREG Output pipelining: DSP MEM_MUL_SS__1 multiplier stage MEM_MUL_SS__1/P[47:0] is not pipelined (MREG=0). Pipelining the multiplier function will improve performance and will save significant power so it is suggested whenever possible to fully pipeline this function.  If this multiplier was inferred, it is suggested to describe an additional register stage after this function.  If there is no registered adder/accumulator following the multiply function, two pipeline stages are suggested to allow both the MREG and PREG registers to be used.  If the DSP48 was instantiated in the design, it is suggested to set both the MREG and PREG attributes to 1 when performing multiply functions.
WARNING: [DRC DPOP-2] MREG Output pipelining: DSP MEM_MUL_SS__2 multiplier stage MEM_MUL_SS__2/P[47:0] is not pipelined (MREG=0). Pipelining the multiplier function will improve performance and will save significant power so it is suggested whenever possible to fully pipeline this function.  If this multiplier was inferred, it is suggested to describe an additional register stage after this function.  If there is no registered adder/accumulator following the multiply function, two pipeline stages are suggested to allow both the MREG and PREG registers to be used.  If the DSP48 was instantiated in the design, it is suggested to set both the MREG and PREG attributes to 1 when performing multiply functions.
WARNING: [DRC DPOP-2] MREG Output pipelining: DSP MEM_MUL_SU_FULL multiplier stage MEM_MUL_SU_FULL/P[47:0] is not pipelined (MREG=0). Pipelining the multiplier function will improve performance and will save significant power so it is suggested whenever possible to fully pipeline this function.  If this multiplier was inferred, it is suggested to describe an additional register stage after this function.  If there is no registered adder/accumulator following the multiply function, two pipeline stages are suggested to allow both the MREG and PREG registers to be used.  If the DSP48 was instantiated in the design, it is suggested to set both the MREG and PREG attributes to 1 when performing multiply functions.
WARNING: [DRC DPOP-2] MREG Output pipelining: DSP MEM_MUL_SU_FULL__0 multiplier stage MEM_MUL_SU_FULL__0/P[47:0] is not pipelined (MREG=0). Pipelining the multiplier function will improve performance and will save significant power so it is suggested whenever possible to fully pipeline this function.  If this multiplier was inferred, it is suggested to describe an additional register stage after this function.  If there is no registered adder/accumulator following the multiply function, two pipeline stages are suggested to allow both the MREG and PREG registers to be used.  If the DSP48 was instantiated in the design, it is suggested to set both the MREG and PREG attributes to 1 when performing multiply functions.
WARNING: [DRC DPOP-2] MREG Output pipelining: DSP MEM_MUL_SU_FULL__1 multiplier stage MEM_MUL_SU_FULL__1/P[47:0] is not pipelined (MREG=0). Pipelining the multiplier function will improve performance and will save significant power so it is suggested whenever possible to fully pipeline this function.  If this multiplier was inferred, it is suggested to describe an additional register stage after this function.  If there is no registered adder/accumulator following the multiply function, two pipeline stages are suggested to allow both the MREG and PREG registers to be used.  If the DSP48 was instantiated in the design, it is suggested to set both the MREG and PREG attributes to 1 when performing multiply functions.
WARNING: [DRC DPOP-2] MREG Output pipelining: DSP MEM_MUL_SU_FULL__2 multiplier stage MEM_MUL_SU_FULL__2/P[47:0] is not pipelined (MREG=0). Pipelining the multiplier function will improve performance and will save significant power so it is suggested whenever possible to fully pipeline this function.  If this multiplier was inferred, it is suggested to describe an additional register stage after this function.  If there is no registered adder/accumulator following the multiply function, two pipeline stages are suggested to allow both the MREG and PREG registers to be used.  If the DSP48 was instantiated in the design, it is suggested to set both the MREG and PREG attributes to 1 when performing multiply functions.
WARNING: [DRC DPOP-2] MREG Output pipelining: DSP MEM_MUL_UU multiplier stage MEM_MUL_UU/P[47:0] is not pipelined (MREG=0). Pipelining the multiplier function will improve performance and will save significant power so it is suggested whenever possible to fully pipeline this function.  If this multiplier was inferred, it is suggested to describe an additional register stage after this function.  If there is no registered adder/accumulator following the multiply function, two pipeline stages are suggested to allow both the MREG and PREG registers to be used.  If the DSP48 was instantiated in the design, it is suggested to set both the MREG and PREG attributes to 1 when performing multiply functions.
WARNING: [DRC DPOP-2] MREG Output pipelining: DSP MEM_MUL_UU__0 multiplier stage MEM_MUL_UU__0/P[47:0] is not pipelined (MREG=0). Pipelining the multiplier function will improve performance and will save significant power so it is suggested whenever possible to fully pipeline this function.  If this multiplier was inferred, it is suggested to describe an additional register stage after this function.  If there is no registered adder/accumulator following the multiply function, two pipeline stages are suggested to allow both the MREG and PREG registers to be used.  If the DSP48 was instantiated in the design, it is suggested to set both the MREG and PREG attributes to 1 when performing multiply functions.
WARNING: [DRC DPOP-2] MREG Output pipelining: DSP MEM_MUL_UU__1 multiplier stage MEM_MUL_UU__1/P[47:0] is not pipelined (MREG=0). Pipelining the multiplier function will improve performance and will save significant power so it is suggested whenever possible to fully pipeline this function.  If this multiplier was inferred, it is suggested to describe an additional register stage after this function.  If there is no registered adder/accumulator following the multiply function, two pipeline stages are suggested to allow both the MREG and PREG registers to be used.  If the DSP48 was instantiated in the design, it is suggested to set both the MREG and PREG attributes to 1 when performing multiply functions.
WARNING: [DRC DPOP-2] MREG Output pipelining: DSP MEM_MUL_UU__2 multiplier stage MEM_MUL_UU__2/P[47:0] is not pipelined (MREG=0). Pipelining the multiplier function will improve performance and will save significant power so it is suggested whenever possible to fully pipeline this function.  If this multiplier was inferred, it is suggested to describe an additional register stage after this function.  If there is no registered adder/accumulator following the multiply function, two pipeline stages are suggested to allow both the MREG and PREG registers to be used.  If the DSP48 was instantiated in the design, it is suggested to set both the MREG and PREG attributes to 1 when performing multiply functions.
INFO: [Vivado 12-3199] DRC finished with 0 Errors, 24 Warnings
INFO: [Vivado 12-3200] Please refer to the DRC report (report_drc) for more information.
INFO: [Designutils 20-2272] Running write_bitstream with 8 threads.
Loading data files...
Loading site data...
Loading route data...
Processing options...
Creating bitmap...
Creating bitstream...
Writing bitstream ./riscv.bit...
INFO: [Vivado 12-1842] Bitgen Completed Successfully.
INFO: [Project 1-1876] WebTalk data collection is mandatory when using a ULT device. To see the specific WebTalk data collected for your design, open the usage_statistics_webtalk.html or usage_statistics_webtalk.xml file in the implementation directory.
INFO: [Common 17-83] Releasing license: Implementation
12 Infos, 24 Warnings, 0 Critical Warnings and 0 Errors encountered.
write_bitstream completed successfully
write_bitstream: Time (s): cpu = 00:00:08 ; elapsed = 00:01:46 . Memory (MB): peak = 3701.883 ; gain = 243.367 ; free physical = 3378 ; free virtual = 9131
INFO: [Common 17-206] Exiting Vivado at Thu May 21 16:08:17 2026...
[Thu May 21 16:08:17 2026] impl_1 finished
wait_on_runs: Time (s): cpu = 00:01:57 ; elapsed = 00:04:59 . Memory (MB): peak = 1760.125 ; gain = 0.000 ; free physical = 5562 ; free virtual = 11315
# exit
INFO: [Common 17-206] Exiting Vivado at Thu May 21 16:08:17 2026...
