
sort.elf:     ファイル形式 elf32-littleriscv


セクション .text.init の逆アセンブル:

00000000 <_start>:
   0:	00000093          	li	ra,0
   4:	00000113          	li	sp,0
   8:	00000193          	li	gp,0
   c:	00000213          	li	tp,0
  10:	00000293          	li	t0,0
  14:	00000313          	li	t1,0
  18:	00000393          	li	t2,0
  1c:	00000413          	li	s0,0
  20:	00000493          	li	s1,0
  24:	00000513          	li	a0,0
  28:	00000593          	li	a1,0
  2c:	00000613          	li	a2,0
  30:	00000693          	li	a3,0
  34:	00000713          	li	a4,0
  38:	00000793          	li	a5,0
  3c:	00000813          	li	a6,0
  40:	00000893          	li	a7,0
  44:	00000913          	li	s2,0
  48:	00000993          	li	s3,0
  4c:	00000a13          	li	s4,0
  50:	00000a93          	li	s5,0
  54:	00000b13          	li	s6,0
  58:	00000b93          	li	s7,0
  5c:	00000c13          	li	s8,0
  60:	00000c93          	li	s9,0
  64:	00000d13          	li	s10,0
  68:	00000d93          	li	s11,0
  6c:	00000e13          	li	t3,0
  70:	00000e93          	li	t4,0
  74:	00000f13          	li	t5,0
  78:	00000f93          	li	t6,0
  7c:	00101197          	auipc	gp,0x101
  80:	78418193          	addi	gp,gp,1924 # 101800 <__global_pointer$>
  84:	00102117          	auipc	sp,0x102
  88:	f7c10113          	addi	sp,sp,-132 # 102000 <_sp>
  8c:	00000513          	li	a0,0
  90:	00000593          	li	a1,0
  94:	00000097          	auipc	ra,0x0
  98:	108080e7          	jalr	264(ra) # 19c <main>
  9c:	00000013          	nop
  a0:	00000013          	nop
  a4:	00100073          	ebreak

セクション .text の逆アセンブル:

000000a8 <quicksort>:
  a8:	0ec5d863          	ble	a2,a1,198 <quicksort+0xf0>
  ac:	ff010113          	addi	sp,sp,-16
  b0:	00112623          	sw	ra,12(sp)
  b4:	00812423          	sw	s0,8(sp)
  b8:	00912223          	sw	s1,4(sp)
  bc:	01212023          	sw	s2,0(sp)
  c0:	00c58733          	add	a4,a1,a2
  c4:	01f75793          	srli	a5,a4,0x1f
  c8:	00e787b3          	add	a5,a5,a4
  cc:	4017d793          	srai	a5,a5,0x1
  d0:	00279793          	slli	a5,a5,0x2
  d4:	00f507b3          	add	a5,a0,a5
  d8:	0007a683          	lw	a3,0(a5)
  dc:	00060713          	mv	a4,a2
  e0:	00058413          	mv	s0,a1
  e4:	00241793          	slli	a5,s0,0x2
  e8:	00f50333          	add	t1,a0,a5
  ec:	00032803          	lw	a6,0(t1)
  f0:	00478793          	addi	a5,a5,4
  f4:	00f507b3          	add	a5,a0,a5
  f8:	00d85c63          	ble	a3,a6,110 <quicksort+0x68>
  fc:	00140413          	addi	s0,s0,1
 100:	00078313          	mv	t1,a5
 104:	00478793          	addi	a5,a5,4
 108:	ffc7a803          	lw	a6,-4(a5)
 10c:	fed848e3          	blt	a6,a3,fc <quicksort+0x54>
 110:	00271793          	slli	a5,a4,0x2
 114:	00f50e33          	add	t3,a0,a5
 118:	000e2883          	lw	a7,0(t3)
 11c:	0316d063          	ble	a7,a3,13c <quicksort+0x94>
 120:	ffc78793          	addi	a5,a5,-4
 124:	00f507b3          	add	a5,a0,a5
 128:	fff70713          	addi	a4,a4,-1
 12c:	00078e13          	mv	t3,a5
 130:	ffc78793          	addi	a5,a5,-4
 134:	0047a883          	lw	a7,4(a5)
 138:	ff16c8e3          	blt	a3,a7,128 <quicksort+0x80>
 13c:	04875263          	ble	s0,a4,180 <quicksort+0xd8>
 140:	00060913          	mv	s2,a2
 144:	00050493          	mv	s1,a0
 148:	00070613          	mv	a2,a4
 14c:	00000097          	auipc	ra,0x0
 150:	f5c080e7          	jalr	-164(ra) # a8 <quicksort>
 154:	00090613          	mv	a2,s2
 158:	00040593          	mv	a1,s0
 15c:	00048513          	mv	a0,s1
 160:	00000097          	auipc	ra,0x0
 164:	f48080e7          	jalr	-184(ra) # a8 <quicksort>
 168:	00c12083          	lw	ra,12(sp)
 16c:	00812403          	lw	s0,8(sp)
 170:	00412483          	lw	s1,4(sp)
 174:	00012903          	lw	s2,0(sp)
 178:	01010113          	addi	sp,sp,16
 17c:	00008067          	ret
 180:	01132023          	sw	a7,0(t1)
 184:	010e2023          	sw	a6,0(t3)
 188:	00140413          	addi	s0,s0,1
 18c:	fff70713          	addi	a4,a4,-1
 190:	f4875ae3          	ble	s0,a4,e4 <quicksort+0x3c>
 194:	fadff06f          	j	140 <quicksort+0x98>
 198:	00008067          	ret

0000019c <main>:
 19c:	ff010113          	addi	sp,sp,-16
 1a0:	00112623          	sw	ra,12(sp)
 1a4:	3ff00613          	li	a2,1023
 1a8:	00000593          	li	a1,0
 1ac:	00100537          	lui	a0,0x100
 1b0:	00050513          	mv	a0,a0
 1b4:	00000097          	auipc	ra,0x0
 1b8:	ef4080e7          	jalr	-268(ra) # a8 <quicksort>
 1bc:	00000513          	li	a0,0
 1c0:	00c12083          	lw	ra,12(sp)
 1c4:	01010113          	addi	sp,sp,16
 1c8:	00008067          	ret
 1cc:	0000                	unimp
	...

セクション .data の逆アセンブル:

00100000 <data>:
  100000:	cf1e                	sw	t2,156(sp)
  100002:	1676                	slli	a2,a2,0x3d
  100004:	1512                	slli	a0,a0,0x24
  100006:	fd0a                	fsw	ft2,184(sp)
  100008:	33cc                	fld	fa1,160(a5)
  10000a:	18e2                	slli	a7,a7,0x38
  10000c:	3f68                	fld	fa0,248(a4)
  10000e:	0414                	addi	a3,sp,512
  100010:	f819f88f          	0xf819f88f
  100014:	c485                	beqz	s1,10003c <data+0x3c>
  100016:	0e70                	addi	a2,sp,796
  100018:	38d9                	jal	ff8ee <__stack_size+0xfe8ee>
  10001a:	1305                	addi	t1,t1,-31
  10001c:	325d                	jal	ff9c2 <__stack_size+0xfe9c2>
  10001e:	1d5c                	addi	a5,sp,692
  100020:	0fa1                	addi	t6,t6,8
  100022:	0b4a                	slli	s6,s6,0x12
  100024:	136afe9b          	0x136afe9b
  100028:	606c                	flw	fa1,68(s0)
  10002a:	f7ee                	fsw	fs11,236(sp)
  10002c:	9308                	0x9308
  10002e:	e714                	fsw	fa3,8(a4)
  100030:	f7b1c083          	lbu	ra,-133(gp) # 10177b <_end+0x77b>
  100034:	74a8                	flw	fa0,104(s1)
  100036:	ffe2                	fsw	fs8,252(sp)
  100038:	dabd                	beqz	a3,fffae <__stack_size+0xfefae>
  10003a:	e29e                	fsw	ft7,68(sp)
  10003c:	2b71                	jal	1005d8 <data+0x5d8>
  10003e:	f58e                	fsw	ft3,232(sp)
  100040:	ada0                	fsd	fs0,88(a1)
  100042:	ddee1a9b          	0xddee1a9b
  100046:	ef60                	fsw	fs0,92(a4)
  100048:	117d56ef          	jal	a3,1d595e <_sp+0xd395e>
  10004c:	13f7d3bb          	0x13f7d3bb
  100050:	14c2e923          	0x14c2e923
  100054:	0940                	addi	s0,sp,148
  100056:	faa4                	fsw	fs1,112(a3)
  100058:	f586                	fsw	ft1,232(sp)
  10005a:	8e791d27          	0x8e791d27
  10005e:	ebed                	bnez	a5,100150 <data+0x150>
  100060:	c769                	beqz	a4,10012a <data+0x12a>
  100062:	e79d                	bnez	a5,100090 <data+0x90>
  100064:	dd7f                	0xdd7f
  100066:	ee28                	fsw	fa0,88(a2)
  100068:	b5aa                	fsd	fa0,232(sp)
  10006a:	0c0a                	slli	s8,s8,0x2
  10006c:	4aa6                	lw	s5,72(sp)
  10006e:	608ff167          	0x608ff167
  100072:	16c0                	addi	s0,sp,868
  100074:	c77d                	beqz	a4,100162 <data+0x162>
  100076:	09c6                	slli	s3,s3,0x11
  100078:	7bc9                	lui	s7,0xffff2
  10007a:	19ce                	slli	s3,s3,0x33
  10007c:	bcc8                	fsd	fa0,184(s1)
  10007e:	1b1c                	addi	a5,sp,432
  100080:	24f6                	fld	fs1,344(sp)
  100082:	a2d2e6bb          	0xa2d2e6bb
  100086:	1a0e                	slli	s4,s4,0x23
  100088:	3319                	jal	ffd8e <__stack_size+0xfed8e>
  10008a:	0d31                	addi	s10,s10,12
  10008c:	6a09                	lui	s4,0x2
  10008e:	e440                	fsw	fs0,12(s0)
  100090:	911c                	0x911c
  100092:	f0a9                	bnez	s1,fffd4 <__stack_size+0xfefd4>
  100094:	753a                	flw	fa0,172(sp)
  100096:	e4ee                	fsw	fs11,72(sp)
  100098:	3910                	fld	fa2,48(a0)
  10009a:	1059                	c.nop	-10
  10009c:	327e                	fld	ft4,504(sp)
  10009e:	064d                	addi	a2,a2,19
  1000a0:	18faf807          	0x18faf807
  1000a4:	bea1                	j	ffbfc <__stack_size+0xfebfc>
  1000a6:	0131                	addi	sp,sp,12
  1000a8:	25f6                	fld	fa1,344(sp)
  1000aa:	f625                	bnez	a2,100012 <data+0x12>
  1000ac:	fb9377db          	0xfb9377db
  1000b0:	2d5d                	jal	100766 <data+0x766>
  1000b2:	e576                	fsw	ft9,136(sp)
  1000b4:	fa01                	bnez	a2,fffc4 <__stack_size+0xfefc4>
  1000b6:	f6ec                	fsw	fa1,108(a3)
  1000b8:	effc34a7          	fsd	ft11,-279(s8)
  1000bc:	e73e                	fsw	fa5,140(sp)
  1000be:	dc9a1097          	auipc	ra,0xdc9a1
  1000c2:	0e94                	addi	a3,sp,848
  1000c4:	c02c                	sw	a1,64(s0)
  1000c6:	e966                	fsw	fs9,144(sp)
  1000c8:	f050b2eb          	0xf050b2eb
  1000cc:	747c                	flw	fa5,108(s0)
  1000ce:	eeff                	0xeeff
  1000d0:	8871                	andi	s0,s0,28
  1000d2:	e881                	bnez	s1,1000e2 <data+0xe2>
  1000d4:	eb8d                	bnez	a5,100106 <data+0x106>
  1000d6:	1314                	addi	a3,sp,416
  1000d8:	56dc                	lw	a5,44(a3)
  1000da:	fe14                	fsw	fa3,56(a2)
  1000dc:	b434                	fsd	fa3,104(s0)
  1000de:	066d                	addi	a2,a2,27
  1000e0:	7d9e                	flw	fs11,228(sp)
  1000e2:	0606                	slli	a2,a2,0x1
  1000e4:	a619                	j	1003ea <data+0x3ea>
  1000e6:	0ec6                	slli	t4,t4,0x11
  1000e8:	a836                	fsd	fa3,16(sp)
  1000ea:	4a72f1b7          	lui	gp,0x4a72f
  1000ee:	f808                	fsw	fa0,48(s0)
  1000f0:	955d                	srai	a0,a0,0x37
  1000f2:	f42e                	fsw	fa1,40(sp)
  1000f4:	2f9e                	fld	ft11,448(sp)
  1000f6:	24e0e777          	0x24e0e777
  1000fa:	fd89                	bnez	a1,100014 <data+0x14>
  1000fc:	1d5a                	slli	s10,s10,0x36
  1000fe:	f54a                	fsw	fs2,168(sp)
  100100:	5021                	c.li	zero,-24
  100102:	088d                	addi	a7,a7,3
  100104:	bf80                	fsd	fs0,56(a5)
  100106:	d8760b53          	0xd8760b53
  10010a:	2a4e17ab          	0x2a4e17ab
  10010e:	1bf1                	addi	s7,s7,-4
  100110:	dd70                	sw	a2,124(a0)
  100112:	17d6                	slli	a5,a5,0x35
  100114:	c355                	beqz	a4,1001b8 <data+0x1b8>
  100116:	ef64                	fsw	fs1,92(a4)
  100118:	6966                	flw	fs2,88(sp)
  10011a:	05da                	slli	a1,a1,0x16
  10011c:	8159                	srli	a0,a0,0x16
  10011e:	e132fcf3          	csrrci	s9,0xe13,5
  100122:	eda8                	fsw	fa0,88(a1)
  100124:	0094dee7          	0x94dee7
  100128:	cd28                	sw	a0,88(a0)
  10012a:	1d59                	addi	s10,s10,-10
  10012c:	6db1                	lui	s11,0xc
  10012e:	4794f693          	andi	a3,s1,1145
  100132:	e1c602c7          	fmsub.s	ft5,fa2,ft8,ft8,rne
  100136:	0c92                	slli	s9,s9,0x4
  100138:	f9fedd4b          	fnmsub.s	fs10,ft9,ft11,ft11,unknown
  10013c:	5310                	lw	a2,32(a4)
  10013e:	01f5                	addi	gp,gp,29
  100140:	02b63f33          	mulhu	t5,a2,a1
  100144:	a89e                	fsd	ft7,80(sp)
  100146:	1832                	slli	a6,a6,0x2c
  100148:	f0385b7b          	0xf0385b7b
  10014c:	bc1d                	j	ffb82 <__stack_size+0xfeb82>
  10014e:	318cf4fb          	0x318cf4fb
  100152:	fc0a                	fsw	ft2,56(sp)
  100154:	5560                	lw	s0,108(a0)
  100156:	14e2                	slli	s1,s1,0x38
  100158:	19da                	slli	s3,s3,0x36
  10015a:	07f4                	addi	a3,sp,972
  10015c:	5729                	li	a4,-22
  10015e:	edbe                	fsw	fa5,216(sp)
  100160:	7c22                	flw	fs8,40(sp)
  100162:	0fde                	slli	t6,t6,0x17
  100164:	4d9a                	lw	s11,132(sp)
  100166:	f501                	bnez	a0,10006e <data+0x6e>
  100168:	9cea                	add	s9,s9,s10
  10016a:	e4e1                	bnez	s1,100232 <data+0x232>
  10016c:	0fd2                	slli	t6,t6,0x14
  10016e:	10b9                	addi	ra,ra,-18
  100170:	a531                	j	10077c <data+0x77c>
  100172:	f6bd182f          	0xf6bd182f
  100176:	12da                	slli	t0,t0,0x36
  100178:	ec89                	bnez	s1,100192 <data+0x192>
  10017a:	c81019a7          	0xc81019a7
  10017e:	0d4d                	addi	s10,s10,19
  100180:	2c58                	fld	fa4,152(s0)
  100182:	0c70                	addi	a2,sp,540
  100184:	6bf8                	flw	fa4,84(a5)
  100186:	e4dc                	fsw	fa5,12(s1)
  100188:	42a5                	li	t0,9
  10018a:	ee34                	fsw	fa3,88(a2)
  10018c:	ad28                	fsd	fa0,88(a0)
  10018e:	40d0e2b3          	0x40d0e2b3
  100192:	977efeab          	0x977efeab
  100196:	03a9                	addi	t2,t2,10
  100198:	d452                	sw	s4,40(sp)
  10019a:	0c89                	addi	s9,s9,2
  10019c:	b800                	fsd	fs0,48(s0)
  10019e:	3032e267          	0x3032e267
  1001a2:	0648                	addi	a0,sp,772
  1001a4:	855d                	srai	a0,a0,0x17
  1001a6:	2e80ec77          	0x2e80ec77
  1001aa:	1069                	c.nop	-6
  1001ac:	e322                	fsw	fs0,132(sp)
  1001ae:	f5c4                	fsw	fs1,44(a1)
  1001b0:	c2f1                	beqz	a3,100274 <data+0x274>
  1001b2:	3e4d0bbb          	0x3e4d0bbb
  1001b6:	0954                	addi	a3,sp,148
  1001b8:	d838                	sw	a4,112(s0)
  1001ba:	141a                	slli	s0,s0,0x26
  1001bc:	a179                	j	10064a <data+0x64a>
  1001be:	efff                	0xefff
  1001c0:	2c0d                	jal	1003f2 <data+0x3f2>
  1001c2:	1a6a                	slli	s4,s4,0x3a
  1001c4:	27ed                	jal	1009ae <data+0x9ae>
  1001c6:	f8a4                	fsw	fs1,112(s1)
  1001c8:	fcab7e43          	0xfcab7e43
  1001cc:	c2fd                	beqz	a3,1002b2 <data+0x2b2>
  1001ce:	634deec3          	fmadd.d	ft9,fs11,fs4,fa2,unknown
  1001d2:	f7d5                	bnez	a5,10017e <data+0x17e>
  1001d4:	018d                	addi	gp,gp,3
  1001d6:	f591                	bnez	a1,1000e2 <data+0xe2>
  1001d8:	4c41                	li	s8,16
  1001da:	6d1618f3          	csrrw	a7,0x6d1,a2
  1001de:	efe6                	fsw	fs9,220(sp)
  1001e0:	070f0853          	fadd.q	fa6,ft10,fa6,rne
  1001e4:	f66c6227          	0xf66c6227
  1001e8:	2ea2                	fld	ft9,8(sp)
  1001ea:	f3ff                	0xf3ff
  1001ec:	dded                	beqz	a1,1001e6 <data+0x1e6>
  1001ee:	e349                	bnez	a4,100270 <data+0x270>
  1001f0:	f54e                	fsw	fs3,168(sp)
  1001f2:	fba4                	fsw	fs1,112(a5)
  1001f4:	ef4a998b          	0xef4a998b
  1001f8:	faa4                	fsw	fs1,112(a3)
  1001fa:	18e9                	addi	a7,a7,-6
  1001fc:	609e                	flw	ft1,196(sp)
  1001fe:	ed99                	bnez	a1,10021c <data+0x21c>
  100200:	fdec                	fsw	fa1,124(a1)
  100202:	027f                	0x27f
  100204:	e6b00acf          	fnmadd.q	fs5,ft0,fa1,ft8,rne
  100208:	5a7c                	lw	a5,116(a2)
  10020a:	ee33fd4b          	fnmsub.q	fs10,ft7,ft3,ft9
  10020e:	e5ac                	fsw	fa1,72(a1)
  100210:	7bfc                	flw	fa5,116(a5)
  100212:	f9e002cb          	fnmsub.s	ft5,ft0,ft10,ft11,rne
  100216:	71f40173          	0x71f40173
  10021a:	fb09                	bnez	a4,10012c <data+0x12c>
  10021c:	10ff2ddb          	0x10ff2ddb
  100220:	bb58                	fsd	fa4,176(a4)
  100222:	bd2afd3f 82250f76 	0x82250f76bd2afd3f
  10022a:	e6c0                	fsw	fs0,12(a3)
  10022c:	fe49                	bnez	a2,1001c6 <data+0x1c6>
  10022e:	12de                	slli	t0,t0,0x37
  100230:	015f664b          	fnmsub.s	fa2,ft10,fs5,ft0,unknown
  100234:	266a                	fld	fa2,152(sp)
  100236:	1da6                	slli	s11,s11,0x29
  100238:	f936                	fsw	fa3,176(sp)
  10023a:	2ad11b5b          	0x2ad11b5b
  10023e:	ea78                	fsw	fa4,84(a2)
  100240:	1e09                	addi	t3,t3,-30
  100242:	ef81                	bnez	a5,10025a <data+0x25a>
  100244:	4d0e                	lw	s10,192(sp)
  100246:	15c2                	slli	a1,a1,0x30
  100248:	9efd                	0x9efd
  10024a:	f0d6                	fsw	fs5,96(sp)
  10024c:	eb92                	fsw	ft4,212(sp)
  10024e:	52271be3          	bne	a4,sp,100f84 <data+0xf84>
  100252:	f785                	bnez	a5,10017a <data+0x17a>
  100254:	99b6                	add	s3,s3,a3
  100256:	17d9                	addi	a5,a5,-10
  100258:	0862                	slli	a6,a6,0x18
  10025a:	e2b1                	bnez	a3,10029e <data+0x29e>
  10025c:	bca2                	fsd	fs0,120(sp)
  10025e:	e49a                	fsw	ft6,72(sp)
  100260:	39da                	fld	fs3,432(sp)
  100262:	3f2c11f7          	0x3f2c11f7
  100266:	1a85                	addi	s5,s5,-31
  100268:	a0e5                	j	100350 <data+0x350>
  10026a:	16fa                	slli	a3,a3,0x3e
  10026c:	9eb1                	0x9eb1
  10026e:	017e                	slli	sp,sp,0x1f
  100270:	f45517cf          	0xf45517cf
  100274:	86e0                	0x86e0
  100276:	e372                	fsw	ft8,132(sp)
  100278:	fc2d                	bnez	s0,1001f2 <data+0x1f2>
  10027a:	06b8                	addi	a4,sp,840
  10027c:	014119bf f1909948 	0xf1909948014119bf
  100284:	f1ff                	0xf1ff
  100286:	1316                	slli	t1,t1,0x25
  100288:	fdfd                	bnez	a1,100286 <data+0x286>
  10028a:	ee5006cf          	fnmadd.q	fa3,ft0,ft5,ft9,rne
  10028e:	0f78                	addi	a4,sp,924
  100290:	8628                	0x8628
  100292:	e8e5                	bnez	s1,100382 <data+0x382>
  100294:	f1087efb          	0xf1087efb
  100298:	2dce                	fld	fs11,208(sp)
  10029a:	0b38                	addi	a4,sp,408
  10029c:	50e8                	lw	a0,100(s1)
  10029e:	f706                	fsw	ft1,172(sp)
  1002a0:	9bce                	add	s7,s7,s3
  1002a2:	0ee6                	slli	t4,t4,0x19
  1002a4:	ee034a43          	fmadd.q	fs4,ft6,ft0,ft9,rmm
  1002a8:	f85d290b          	0xf85d290b
  1002ac:	a4d0                	fsd	fa2,136(s1)
  1002ae:	e84c                	fsw	fa1,20(s0)
  1002b0:	1ba0f30f          	0x1ba0f30f
  1002b4:	128243cb          	fnmsub.d	ft7,ft4,fs0,ft2,rmm
  1002b8:	9adf 1179 7372      	0x737211799adf
  1002be:	ab810043          	fmadd.d	ft0,ft2,fs8,fs5,rne
  1002c2:	f942                	fsw	fa6,176(sp)
  1002c4:	4900                	lw	s0,16(a0)
  1002c6:	e27f                	0xe27f
  1002c8:	71b4                	flw	fa3,96(a1)
  1002ca:	117d                	addi	sp,sp,-1
  1002cc:	f10c                	fsw	fa1,32(a0)
  1002ce:	0148                	addi	a0,sp,132
  1002d0:	aba5                	j	100848 <data+0x848>
  1002d2:	121e                	slli	tp,tp,0x27
  1002d4:	19b2                	slli	s3,s3,0x2c
  1002d6:	f8d9                	bnez	s1,10026c <data+0x26c>
  1002d8:	f545                	bnez	a0,100280 <data+0x280>
  1002da:	ee5d                	bnez	a2,100398 <data+0x398>
  1002dc:	1482                	slli	s1,s1,0x20
  1002de:	1700182f          	0x1700182f
  1002e2:	15e8                	addi	a0,sp,748
  1002e4:	5588                	lw	a0,40(a1)
  1002e6:	eac8                	fsw	fa0,20(a3)
  1002e8:	8446                	mv	s0,a7
  1002ea:	c22d03cb          	fnmsub.d	ft7,fs10,ft2,fs8,rne
  1002ee:	eddf dc68 1588      	0x1588dc68eddf
  1002f4:	2eee                	fld	ft9,216(sp)
  1002f6:	f7c9                	bnez	a5,100280 <data+0x280>
  1002f8:	5b66                	lw	s6,120(sp)
  1002fa:	e788fa13          	andi	s4,a7,-392
  1002fe:	1dac                	addi	a1,sp,760
  100300:	5964                	lw	s1,116(a0)
  100302:	f77e                	fsw	ft11,172(sp)
  100304:	f748                	fsw	fa0,44(a4)
  100306:	0c06                	slli	s8,s8,0x1
  100308:	1cc662db          	0x1cc662db
  10030c:	fc64                	fsw	fs1,124(s0)
  10030e:	0152                	slli	sp,sp,0x14
  100310:	68cc                	flw	fa1,20(s1)
  100312:	1cc6                	slli	s9,s9,0x31
  100314:	02d4b487          	fld	fs1,45(s1)
  100318:	c2de                	sw	s7,68(sp)
  10031a:	f312                	fsw	ft4,164(sp)
  10031c:	171a                	slli	a4,a4,0x26
  10031e:	f670                	fsw	fa2,108(a2)
  100320:	ee04                	fsw	fs1,24(a2)
  100322:	1339                	addi	t1,t1,-18
  100324:	06c2                	slli	a3,a3,0x10
  100326:	fddf 43bc e9f1      	0xe9f143bcfddf
  10032c:	1719                	addi	a4,a4,-26
  10032e:	e285                	bnez	a3,10034e <data+0x34e>
  100330:	2526                	fld	fa0,72(sp)
  100332:	ec45                	bnez	s0,1003ea <data+0x3ea>
  100334:	cf0e                	sw	gp,156(sp)
  100336:	0cc1                	addi	s9,s9,16
  100338:	f5e2864b          	0xf5e2864b
  10033c:	0922                	slli	s2,s2,0x8
  10033e:	e5de                	fsw	fs7,200(sp)
  100340:	0002                	c.slli64	zero
  100342:	fadf 5c84 0754      	0x7545c84fadf
  100348:	ac20                	fsd	fs0,88(s0)
  10034a:	08f5                	addi	a7,a7,29
  10034c:	cd05                	beqz	a0,100384 <data+0x384>
  10034e:	1590f307          	0x1590f307
  100352:	142c                	addi	a1,sp,552
  100354:	1267598b          	0x1267598b
  100358:	cdd5                	beqz	a1,100414 <data+0x414>
  10035a:	e58d                	bnez	a1,100384 <data+0x384>
  10035c:	ecc0                	fsw	fs0,28(s1)
  10035e:	f578                	fsw	fa4,108(a0)
  100360:	daf5                	beqz	a3,100354 <data+0x354>
  100362:	3b2af193          	andi	gp,s5,946
  100366:	192e                	slli	s2,s2,0x2b
  100368:	fe5d8be3          	beq	s11,t0,10035e <data+0x35e>
  10036c:	e39d                	bnez	a5,100392 <data+0x392>
  10036e:	f078                	fsw	fa4,100(s0)
  100370:	da66                	sw	s9,52(sp)
  100372:	05c4                	addi	s1,sp,708
  100374:	1a34                	addi	a3,sp,312
  100376:	feb0043b          	0xfeb0043b
  10037a:	e486                	fsw	ft1,72(sp)
  10037c:	2981                	jal	1007cc <data+0x7cc>
  10037e:	e9cd                	bnez	a1,100430 <data+0x430>
  100380:	1e26                	slli	t3,t3,0x29
  100382:	0076                	c.slli	zero,0x1d
  100384:	fdc13613          	sltiu	a2,sp,-36
  100388:	ed8b30c3          	0xed8b30c3
  10038c:	d5ad                	beqz	a1,1002f6 <data+0x2f6>
  10038e:	efd2                	fsw	fs4,220(sp)
  100390:	5ea5                	li	t4,-23
  100392:	f34e                	fsw	fs3,164(sp)
  100394:	1ec6                	slli	t4,t4,0x31
  100396:	4f46f6f7          	0x4f46f6f7
  10039a:	8b69053f 551beac9 	0x551beac98b69053f
  1003a2:	143c                	addi	a5,sp,552
  1003a4:	b840                	fsd	fs0,176(s0)
  1003a6:	e755                	bnez	a4,100452 <data+0x452>
  1003a8:	121ab357          	0x121ab357
  1003ac:	7ff1                	lui	t6,0xffffc
  1003ae:	033c                	addi	a5,sp,392
  1003b0:	e9fa                	fsw	ft10,208(sp)
  1003b2:	f259                	bnez	a2,100338 <data+0x338>
  1003b4:	c42a                	sw	a0,8(sp)
  1003b6:	fd21                	bnez	a0,10030e <data+0x30e>
  1003b8:	01f2fa47          	fmsub.s	fs4,ft5,ft11,ft0
  1003bc:	5101                	li	sp,-32
  1003be:	178e                	slli	a5,a5,0x23
  1003c0:	9ac6                	add	s5,s5,a7
  1003c2:	e5de                	fsw	fs7,200(sp)
  1003c4:	f690                	fsw	fa2,40(a3)
  1003c6:	e500                	fsw	fs0,8(a0)
  1003c8:	0e10                	addi	a2,sp,784
  1003ca:	0f7a                	slli	t5,t5,0x1e
  1003cc:	fed1                	bnez	a3,100368 <data+0x368>
  1003ce:	11e4                	addi	s1,sp,236
  1003d0:	051a                	slli	a0,a0,0x6
  1003d2:	0d940017          	auipc	zero,0xd940
  1003d6:	e8ce                	fsw	fs3,80(sp)
  1003d8:	5a4c                	lw	a1,52(a2)
  1003da:	1a38                	addi	a4,sp,312
  1003dc:	a064                	fsd	fs1,192(s0)
  1003de:	0305                	addi	t1,t1,1
  1003e0:	fa2fbe93          	sltiu	t4,t6,-94
  1003e4:	0806                	slli	a6,a6,0x1
  1003e6:	13f1                	addi	t2,t2,-4
  1003e8:	a53d                	j	100a16 <data+0xa16>
  1003ea:	f7f605cb          	fnmsub.q	fa1,fa2,ft11,ft10,rne
  1003ee:	1d30                	addi	a2,sp,696
  1003f0:	e41c                	fsw	fa5,8(s0)
  1003f2:	f6df a1a4 f96a      	0xf96aa1a4f6df
  1003f8:	05ddee5b          	0x5ddee5b
  1003fc:	9460                	0x9460
  1003fe:	1ada                	slli	s5,s5,0x36
  100400:	eb233a97          	auipc	s5,0xeb233
  100404:	5361                	li	t1,-8
  100406:	fce2                	fsw	fs8,120(sp)
  100408:	0971ea03          	0x971ea03
  10040c:	b739                	j	10031a <data+0x31a>
  10040e:	87ebfcf7          	0x87ebfcf7
  100412:	1121                	addi	sp,sp,-24
  100414:	80fc                	0x80fc
  100416:	18a2                	slli	a7,a7,0x28
  100418:	fb29                	bnez	a4,10036a <data+0x36a>
  10041a:	e558                	fsw	fa4,12(a0)
  10041c:	9896                	add	a7,a7,t0
  10041e:	f19a                	fsw	ft6,224(sp)
  100420:	c506                	sw	ra,136(sp)
  100422:	edba0e73          	0xedba0e73
  100426:	1962                	slli	s2,s2,0x38
  100428:	3c42                	fld	fs8,48(sp)
  10042a:	f4b9                	bnez	s1,100378 <data+0x378>
  10042c:	2e2c                	fld	fa1,88(a2)
  10042e:	f154                	fsw	fa3,36(a0)
  100430:	5716                	lw	a4,100(sp)
  100432:	103a                	c.slli	zero,0x2e
  100434:	0f09                	addi	t5,t5,2
  100436:	f069                	bnez	s0,1003f8 <data+0x3f8>
  100438:	0f51c277          	0xf51c277
  10043c:	d1a2                	sw	s0,224(sp)
  10043e:	f4a0                	fsw	fs0,104(s1)
  100440:	7d1c                	flw	fa5,56(a0)
  100442:	b9c2ffaf          	0xb9c2ffaf
  100446:	075c                	addi	a5,sp,900
  100448:	b85d                	j	ffcfe <__stack_size+0xfecfe>
  10044a:	e622                	fsw	fs0,12(sp)
  10044c:	a372                	fsd	ft8,384(sp)
  10044e:	0eee                	slli	t4,t4,0x1b
  100450:	fd75                	bnez	a0,10044c <data+0x44c>
  100452:	eae1                	bnez	a3,100522 <data+0x522>
  100454:	91c1                	srli	a1,a1,0x30
  100456:	0e41                	addi	t3,t3,16
  100458:	16d5                	addi	a3,a3,-11
  10045a:	f8b2                	fsw	fa2,112(sp)
  10045c:	e74691bf e90c6ec4 	0xe90c6ec4e74691bf
  100464:	ed7876a3          	0xed7876a3
  100468:	2e51                	jal	1007fc <data+0x7fc>
  10046a:	0c6a04db          	0xc6a04db
  10046e:	d020ea97          	auipc	s5,0xd020e
  100472:	a4be1baf          	0xa4be1baf
  100476:	e6fc                	fsw	fa5,76(a3)
  100478:	094d                	addi	s2,s2,19
  10047a:	f498                	fsw	fa4,40(s1)
  10047c:	45fc                	lw	a5,76(a1)
  10047e:	0762                	slli	a4,a4,0x18
  100480:	477f                	0x477f
  100482:	b758e253          	0xb758e253
  100486:	39fc1653          	0x39fc1653
  10048a:	e55a                	fsw	fs6,136(sp)
  10048c:	cea8                	sw	a0,88(a3)
  10048e:	1d54                	addi	a3,sp,692
  100490:	fd8426f7          	0xfd8426f7
  100494:	9b25                	andi	a4,a4,-23
  100496:	1b35                	addi	s6,s6,-19
  100498:	32fd                	jal	ffe86 <__stack_size+0xfee86>
  10049a:	f2e6                	fsw	fs9,100(sp)
  10049c:	5145                	li	sp,-15
  10049e:	e2b6e37b          	0xe2b6e37b
  1004a2:	fed0                	fsw	fa2,60(a3)
  1004a4:	d5e5                	beqz	a1,10048c <data+0x48c>
  1004a6:	0734                	addi	a3,sp,904
  1004a8:	1c370b27          	0x1c370b27
  1004ac:	5aa5                	li	s5,-23
  1004ae:	f665                	bnez	a2,100496 <data+0x496>
  1004b0:	5e80                	lw	s0,56(a3)
  1004b2:	1cff                	0x1cff
  1004b4:	a43d                	j	1006e2 <data+0x6e2>
  1004b6:	a6e1f1db          	0xa6e1f1db
  1004ba:	0e7d                	addi	t3,t3,31
  1004bc:	f48565ab          	0xf48565ab
  1004c0:	370e                	fld	fa4,224(sp)
  1004c2:	f798                	fsw	fa4,40(a5)
  1004c4:	c2fc                	sw	a5,68(a3)
  1004c6:	f711                	bnez	a4,1003d2 <data+0x3d2>
  1004c8:	9699                	srai	a3,a3,0x26
  1004ca:	1a6d                	addi	s4,s4,-5
  1004cc:	fe2cddcf          	fnmadd.q	fs11,fs9,ft2,ft11,unknown
  1004d0:	a3ed                	j	100aba <data+0xaba>
  1004d2:	d701ef83          	0xd701ef83
  1004d6:	d803e4cf          	fnmadd.s	fs1,ft7,ft0,fs11,unknown
  1004da:	f531                	bnez	a0,100426 <data+0x426>
  1004dc:	8bca                	mv	s7,s2
  1004de:	175d                	addi	a4,a4,-9
  1004e0:	fa25                	bnez	a2,100450 <data+0x450>
  1004e2:	f0bc                	fsw	fa5,96(s1)
  1004e4:	fd4c                	fsw	fa1,60(a0)
  1004e6:	c124f47b          	0xc124f47b
  1004ea:	68dd056f          	jal	a0,1d1376 <_sp+0xcf376>
  1004ee:	f09f 497b fa79      	0xfa79497bf09f
  1004f4:	90fe                	add	ra,ra,t6
  1004f6:	0e35                	addi	t3,t3,13
  1004f8:	fa65                	bnez	a2,1004e8 <data+0x4e8>
  1004fa:	e480                	fsw	fs0,8(s1)
  1004fc:	1035c2d7          	0x1035c2d7
  100500:	848a                	mv	s1,sp
  100502:	16d2                	slli	a3,a3,0x34
  100504:	cb05                	beqz	a4,100534 <data+0x534>
  100506:	1c5f 7152 09bf      	0x9bf71521c5f
  10050c:	023a064f          	fnmadd.d	fa2,fs4,ft3,ft0,rne
  100510:	ea1998e3          	bne	s3,ra,1003c0 <data+0x3c0>
  100514:	2ec5                	jal	100904 <data+0x904>
  100516:	1734                	addi	a3,sp,936
  100518:	3899                	jal	ffd6e <__stack_size+0xfed6e>
  10051a:	1b85                	addi	s7,s7,-31
  10051c:	edc95c73          	csrrwi	s8,0xedc,18
  100520:	15d2                	slli	a1,a1,0x34
  100522:	e548                	fsw	fa0,12(a0)
  100524:	6609                	lui	a2,0x2
  100526:	0a34                	addi	a3,sp,280
  100528:	3ce4                	fld	fs1,248(s1)
  10052a:	00ec                	addi	a1,sp,76
  10052c:	1117c587          	flq	fa1,273(a5)
  100530:	e3ed                	bnez	a5,100612 <data+0x612>
  100532:	0ca2                	slli	s9,s9,0x8
  100534:	7039                	c.lui	zero,0xfffee
  100536:	faaa                	fsw	fa0,116(sp)
  100538:	c834                	sw	a3,80(s0)
  10053a:	0bc801f3          	0xbc801f3
  10053e:	1738                	addi	a4,sp,936
  100540:	b076                	fsd	ft9,32(sp)
  100542:	fc81                	bnez	s1,10045a <data+0x45a>
  100544:	060b0043          	fmadd.q	ft0,fs6,ft0,ft0,rne
  100548:	5676                	lw	a2,124(sp)
  10054a:	f556                	fsw	fs5,168(sp)
  10054c:	184d70e7          	0x184d70e7
  100550:	0fe0                	addi	s0,sp,988
  100552:	e3d6                	fsw	fs5,196(sp)
  100554:	46fd                	li	a3,31
  100556:	1c42                	slli	s8,s8,0x30
  100558:	fdf37e23          	0xfdf37e23
  10055c:	5762                	lw	a4,56(sp)
  10055e:	71f2fb2f          	0x71f2fb2f
  100562:	e9cd                	bnez	a1,100614 <data+0x614>
  100564:	f5d8                	fsw	fa4,44(a1)
  100566:	ed71                	bnez	a0,100642 <data+0x642>
  100568:	9894                	0x9894
  10056a:	8cb50e6f          	jal	t3,50e34 <__stack_size+0x4fe34>
  10056e:	12b4                	addi	a3,sp,360
  100570:	b2cd                	j	fff52 <__stack_size+0xfef52>
  100572:	12b5                	addi	t0,t0,-19
  100574:	ecd4979b          	0xecd4979b
  100578:	b7d2                	fsd	fs4,488(sp)
  10057a:	c2deff77          	0xc2deff77
  10057e:	f3a2                	fsw	fs0,228(sp)
  100580:	055b5fcb          	0x55b5fcb
  100584:	d43d                	beqz	s0,1004f2 <data+0x4f2>
  100586:	0ad0                	addi	a2,sp,340
  100588:	32b1                	jal	ffed4 <__stack_size+0xfeed4>
  10058a:	1fc11c03          	lh	s8,508(sp)
  10058e:	0cee                	slli	s9,s9,0x1b
  100590:	6ca9                	lui	s9,0xa
  100592:	ffa2                	fsw	fs0,252(sp)
  100594:	7df1                	lui	s11,0xffffc
  100596:	1958                	addi	a4,sp,180
  100598:	207a                	fld	ft0,408(sp)
  10059a:	ed29                	bnez	a0,1005f4 <data+0x5f4>
  10059c:	e702                	fsw	ft0,140(sp)
  10059e:	fe8d                	bnez	a3,1004d8 <data+0x4d8>
  1005a0:	00a2                	slli	ra,ra,0x8
  1005a2:	60a4edcf          	fnmadd.s	fs11,fs1,fa0,fa2,unknown
  1005a6:	f43e                	fsw	fa5,40(sp)
  1005a8:	102d                	c.nop	-21
  1005aa:	f4ec                	fsw	fa1,108(s1)
  1005ac:	a482                	fsd	ft0,72(sp)
  1005ae:	b5261abb          	0xb5261abb
  1005b2:	621e1aa7          	0x621e1aa7
  1005b6:	0422                	slli	s0,s0,0x8
  1005b8:	ebda                	fsw	fs6,212(sp)
  1005ba:	fa45                	bnez	a2,10056a <data+0x56a>
  1005bc:	9cf6                	add	s9,s9,t4
  1005be:	1164                	addi	s1,sp,172
  1005c0:	90d0                	0x90d0
  1005c2:	90cf0fd3          	0x90cf0fd3
  1005c6:	1a7f                	0x1a7f
  1005c8:	0d86                	slli	s11,s11,0x1
  1005ca:	ef1e                	fsw	ft7,156(sp)
  1005cc:	39ba                	fld	fs3,424(sp)
  1005ce:	1c16                	slli	s8,s8,0x25
  1005d0:	e5670c47          	0xe5670c47
  1005d4:	a1c2                	fsd	fa6,192(sp)
  1005d6:	e312                	fsw	ft4,132(sp)
  1005d8:	c79a                	sw	t1,204(sp)
  1005da:	fa65                	bnez	a2,1005ca <data+0x5ca>
  1005dc:	74c9                	lui	s1,0xffff2
  1005de:	1405                	addi	s0,s0,-31
  1005e0:	411c                	lw	a5,0(a0)
  1005e2:	7243174b          	fnmsub.d	fa4,ft6,ft4,fa4,rtz
  1005e6:	e2ae                	fsw	fa1,68(sp)
  1005e8:	bc74                	fsd	fa3,248(s0)
  1005ea:	ee30                	fsw	fa2,88(a2)
  1005ec:	f9d6e9a3          	0xf9d6e9a3
  1005f0:	91ca                	add	gp,gp,s2
  1005f2:	fb6e                	fsw	fs11,180(sp)
  1005f4:	f1bc                	fsw	fa5,96(a1)
  1005f6:	0751                	addi	a4,a4,20
  1005f8:	ac25                	j	100830 <data+0x830>
  1005fa:	0964                	addi	s1,sp,156
  1005fc:	bfce                	fsd	fs3,504(sp)
  1005fe:	bb140a7b          	0xbb140a7b
  100602:	f778                	fsw	fa4,108(a4)
  100604:	6d09                	lui	s10,0x2
  100606:	1bdd                	addi	s7,s7,-9
  100608:	437d                	li	t1,31
  10060a:	eac9                	bnez	a3,10069c <data+0x69c>
  10060c:	d8d2                	sw	s4,112(sp)
  10060e:	0335                	addi	t1,t1,13
  100610:	8ee5                	and	a3,a3,s1
  100612:	1ba1                	addi	s7,s7,-24
  100614:	c136                	sw	a3,128(sp)
  100616:	ee2b01bb          	0xee2b01bb
  10061a:	13aa                	slli	t2,t2,0x2a
  10061c:	1a7df1bf e25988df 	0xe25988df1a7df1bf
  100624:	88bd                	andi	s1,s1,15
  100626:	1d6c                	addi	a1,sp,700
  100628:	b68c                	fsd	fa1,40(a3)
  10062a:	1139                	addi	sp,sp,-18
  10062c:	e6c57373          	csrrci	t1,0xe6c,10
  100630:	1608                	addi	a0,sp,800
  100632:	0448                	addi	a0,sp,516
  100634:	e50028af          	amomaxu.w.aq	a7,a6,(zero)
  100638:	379e                	fld	fa5,480(sp)
  10063a:	1b71                	addi	s6,s6,-4
  10063c:	5955                	li	s2,-11
  10063e:	0779                	addi	a4,a4,30
  100640:	8275                	srli	a2,a2,0x1d
  100642:	0e0c                	addi	a1,sp,784
  100644:	417a                	lw	sp,156(sp)
  100646:	fdc6                	fsw	fa7,248(sp)
  100648:	b03d                	j	ffe76 <__stack_size+0xfee76>
  10064a:	1ed40c97          	auipc	s9,0x1ed40
  10064e:	f286                	fsw	ft1,100(sp)
  100650:	eb81b89b          	0xeb81b89b
  100654:	ee8d60d7          	0xee8d60d7
  100658:	d3a1                	beqz	a5,100598 <data+0x598>
  10065a:	b61d0d33          	0xb61d0d33
  10065e:	1422                	slli	s0,s0,0x28
  100660:	3688                	fld	fa0,40(a3)
  100662:	03d6                	slli	t2,t2,0x15
  100664:	c731                	beqz	a4,1006b0 <data+0x6b0>
  100666:	0ffd                	addi	t6,t6,31
  100668:	036a                	slli	t1,t1,0x1a
  10066a:	e585                	bnez	a1,100692 <data+0x692>
  10066c:	d9b6                	sw	a3,240(sp)
  10066e:	06c9                	addi	a3,a3,18
  100670:	7a84                	flw	fs1,48(a3)
  100672:	efbd                	bnez	a5,1006f0 <data+0x6f0>
  100674:	c4c5                	beqz	s1,10071c <data+0x71c>
  100676:	08fd                	addi	a7,a7,31
  100678:	265c                	fld	fa5,136(a2)
  10067a:	0731                	addi	a4,a4,12
  10067c:	c81e                	sw	t2,16(sp)
  10067e:	18ac                	addi	a1,sp,120
  100680:	f49fb56f          	jal	a0,fc5c8 <__stack_size+0xfb5c8>
  100684:	0be4fd6f          	jal	s10,14f742 <_sp+0x4d742>
  100688:	e2f0e05b          	0xe2f0e05b
  10068c:	bdad                	j	100506 <data+0x506>
  10068e:	fb94                	fsw	fa3,48(a5)
  100690:	4088                	lw	a0,0(s1)
  100692:	1ca6                	slli	s9,s9,0x29
  100694:	fb4c                	fsw	fa1,52(a4)
  100696:	045d                	addi	s0,s0,23
  100698:	99ee                	add	s3,s3,s11
  10069a:	1549                	addi	a0,a0,-14
  10069c:	f2203647          	fmsub.d	fa2,ft0,ft2,ft10,rup
  1006a0:	62f6                	flw	ft5,92(sp)
  1006a2:	1254                	addi	a3,sp,292
  1006a4:	f870                	fsw	fa2,116(s0)
  1006a6:	ee40                	fsw	fs0,28(a2)
  1006a8:	047ddecb          	0x47ddecb
  1006ac:	fc483cbf 1bf693e1 	0x1bf693e1fc483cbf
  1006b4:	4cec                	lw	a1,92(s1)
  1006b6:	004d                	c.nop	19
  1006b8:	06d69def          	jal	s11,169f24 <_sp+0x67f24>
  1006bc:	0dac                	addi	a1,sp,728
  1006be:	16f8                	addi	a4,sp,876
  1006c0:	d8d2                	sw	s4,112(sp)
  1006c2:	eb1a                	fsw	ft6,148(sp)
  1006c4:	e9e6                	fsw	fs9,208(sp)
  1006c6:	1c28                	addi	a0,sp,568
  1006c8:	f621                	bnez	a2,100610 <data+0x610>
  1006ca:	e259e8b7          	lui	a7,0xe259e
  1006ce:	00b1                	addi	ra,ra,12
  1006d0:	306d                	jal	fff7a <__stack_size+0xfef7a>
  1006d2:	12a6                	slli	t0,t0,0x29
  1006d4:	e7e823e3          	0xe7e823e3
  1006d8:	5654                	lw	a3,44(a2)
  1006da:	08b0                	addi	a2,sp,88
  1006dc:	f1d2a59b          	0xf1d2a59b
  1006e0:	e581                	bnez	a1,1006e8 <data+0x6e8>
  1006e2:	0ee4                	addi	s1,sp,860
  1006e4:	b889                	j	fff36 <__stack_size+0xfef36>
  1006e6:	2e1ee3bb          	0x2e1ee3bb
  1006ea:	fe38                	fsw	fa4,120(a2)
  1006ec:	ae65                	j	100aa4 <data+0xaa4>
  1006ee:	ed68                	fsw	fa0,92(a0)
  1006f0:	7a69                	lui	s4,0xffffa
  1006f2:	5b08081b          	0x5b08081b
  1006f6:	0c6c                	addi	a1,sp,540
  1006f8:	8389                	srli	a5,a5,0x2
  1006fa:	b9d4e377          	0xb9d4e377
  1006fe:	167a                	slli	a2,a2,0x3e
  100700:	85dd                	srai	a1,a1,0x17
  100702:	1d24                	addi	s1,sp,696
  100704:	a02c                	fsd	fa1,64(s0)
  100706:	1780                	addi	s0,sp,992
  100708:	8945                	andi	a0,a0,17
  10070a:	f12a                	fsw	fa0,160(sp)
  10070c:	f76e8227          	0xf76e8227
  100710:	fec6                	fsw	fa7,124(sp)
  100712:	1599                	addi	a1,a1,-26
  100714:	826c                	0x826c
  100716:	1c74                	addi	a3,sp,572
  100718:	58b8                	lw	a4,112(s1)
  10071a:	094d                	addi	s2,s2,19
  10071c:	18b65003          	lhu	zero,395(a2) # 218b <__stack_size+0x118b>
  100720:	ce20                	sw	s0,88(a2)
  100722:	f62d                	bnez	a2,10068c <data+0x68c>
  100724:	b982                	fsd	ft0,240(sp)
  100726:	f806                	fsw	ft1,48(sp)
  100728:	6eec                	flw	fa1,92(a3)
  10072a:	408d0fc7          	fmsub.s	ft11,fs10,fs0,fs0,rne
  10072e:	0034                	addi	a3,sp,8
  100730:	f4bb1aab          	0xf4bb1aab
  100734:	09dc                	addi	a5,sp,212
  100736:	f0f2                	fsw	ft8,96(sp)
  100738:	049e                	slli	s1,s1,0x7
  10073a:	98dd12eb          	0x98dd12eb
  10073e:	53310323          	sb	s3,1318(sp)
  100742:	fc96                	fsw	ft5,120(sp)
  100744:	7b9d                	lui	s7,0xfffe7
  100746:	f085                	bnez	s1,100666 <data+0x666>
  100748:	457c                	lw	a5,76(a0)
  10074a:	1008                	addi	a0,sp,32
  10074c:	faca52bf 185265d1 	0x185265d1faca52bf
  100754:	16d512c7          	fmsub.q	ft5,fa0,fa3,ft2,rtz
  100758:	cd44                	sw	s1,28(a0)
  10075a:	f556                	fsw	fs5,168(sp)
  10075c:	d669                	beqz	a2,100726 <data+0x726>
  10075e:	19d4                	addi	a3,sp,244
  100760:	f3c8817b          	0xf3c8817b
  100764:	15f585c7          	0x15f585c7
  100768:	276d                	jal	100f12 <data+0xf12>
  10076a:	2c1b1d8f          	0x2c1b1d8f
  10076e:	b652fbe3          	bleu	t0,t0,1002e4 <data+0x2e4>
  100772:	14ba                	slli	s1,s1,0x2e
  100774:	dbe9                	beqz	a5,100746 <data+0x746>
  100776:	fd52                	fsw	fs4,184(sp)
  100778:	6d21                	lui	s10,0x8
  10077a:	1152                	slli	sp,sp,0x34
  10077c:	fb0e3b87          	fld	fs7,-80(t3)
  100780:	4462                	lw	s0,24(sp)
  100782:	574df857          	0x574df857
  100786:	f029                	bnez	s0,1006c8 <data+0x6c8>
  100788:	e3f6                	fsw	ft9,196(sp)
  10078a:	0bbc                	addi	a5,sp,472
  10078c:	8945                	andi	a0,a0,17
  10078e:	e55f bd7f f730      	0xf730bd7fe55f
  100794:	42b2                	lw	t0,12(sp)
  100796:	0449                	addi	s0,s0,18
  100798:	8aaa                	mv	s5,a0
  10079a:	e555                	bnez	a0,100846 <data+0x846>
  10079c:	8cf0                	0x8cf0
  10079e:	eb5a                	fsw	fs6,148(sp)
  1007a0:	3e6a                	fld	ft8,184(sp)
  1007a2:	047c                	addi	a5,sp,524
  1007a4:	e6e9                	bnez	a3,10086e <data+0x86e>
  1007a6:	049a                	slli	s1,s1,0x6
  1007a8:	05f5                	addi	a1,a1,29
  1007aa:	020a                	slli	tp,tp,0x2
  1007ac:	926a                	add	tp,tp,s10
  1007ae:	e2ee                	fsw	fs11,68(sp)
  1007b0:	143e                	slli	s0,s0,0x2f
  1007b2:	38490be7          	jalr	s7,900(s2)
  1007b6:	f3a6                	fsw	fs1,228(sp)
  1007b8:	79ee                	flw	fs3,248(sp)
  1007ba:	72edfd2b          	0x72edfd2b
  1007be:	f83d                	bnez	s0,100734 <data+0x734>
  1007c0:	e90678af          	0xe90678af
  1007c4:	7560                	flw	fs0,108(a0)
  1007c6:	9ca9013b          	0x9ca9013b
  1007ca:	edc8                	fsw	fa0,28(a1)
  1007cc:	eb0d853b          	0xeb0d853b
  1007d0:	ab46                	fsd	fa7,400(sp)
  1007d2:	00e0                	addi	s0,sp,76
  1007d4:	2552                	fld	fa0,272(sp)
  1007d6:	03a0                	addi	s0,sp,456
  1007d8:	efb6                	fsw	fa3,220(sp)
  1007da:	017d                	addi	sp,sp,31
  1007dc:	ae35                	j	100b18 <data+0xb18>
  1007de:	ea5d                	bnez	a2,100894 <data+0x894>
  1007e0:	d5fd                	beqz	a1,1007ce <data+0x7ce>
  1007e2:	fb9d                	bnez	a5,100718 <data+0x718>
  1007e4:	3782                	fld	fa5,32(sp)
  1007e6:	edad                	bnez	a1,100860 <data+0x860>
  1007e8:	b434                	fsd	fa3,104(s0)
  1007ea:	0185                	addi	gp,gp,1
  1007ec:	f800faeb          	0xf800faeb
  1007f0:	0c78                	addi	a4,sp,540
  1007f2:	0704                	addi	s1,sp,896
  1007f4:	27a1                	jal	100f3c <data+0xf3c>
  1007f6:	f3cd                	bnez	a5,100798 <data+0x798>
  1007f8:	d4b0                	sw	a2,104(s1)
  1007fa:	fc2d                	bnez	s0,100774 <data+0x774>
  1007fc:	e8a4                	fsw	fs1,80(s1)
  1007fe:	0399                	addi	t2,t2,6
  100800:	9929                	andi	a0,a0,-22
  100802:	bd8c1117          	auipc	sp,0xbd8c1
  100806:	08cc                	addi	a1,sp,84
  100808:	a5ca                	fsd	fs2,200(sp)
  10080a:	ac61febf d4c0eae9 	0xd4c0eae9ac61febf
  100812:	0b8dfb07          	0xb8dfb07
  100816:	ec6d                	bnez	s0,100910 <data+0x910>
  100818:	a4ce                	fsd	fs3,72(sp)
  10081a:	eada                	fsw	fs6,84(sp)
  10081c:	2a88                	fld	fa0,16(a3)
  10081e:	f489                	bnez	s1,100728 <data+0x728>
  100820:	f414                	fsw	fa3,40(s0)
  100822:	09ac                	addi	a1,sp,216
  100824:	9062                	c.add	zero,s8
  100826:	be23f357          	0xbe23f357
  10082a:	e3d8                	fsw	fa4,4(a5)
  10082c:	d55f 0682 9843      	0x98430682d55f
  100832:	f2b0                	fsw	fa2,96(a3)
  100834:	f0a6486b          	0xf0a6486b
  100838:	bc45                	j	1002e8 <data+0x2e8>
  10083a:	45600fb7          	lui	t6,0x45600
  10083e:	f946                	fsw	fa7,176(sp)
  100840:	ce76                	sw	t4,28(sp)
  100842:	11e4ed57          	0x11e4ed57
  100846:	f725                	bnez	a4,1007ae <data+0x7ae>
  100848:	f407ae27          	fsw	ft0,-164(a5)
  10084c:	23ac                	fld	fa1,64(a5)
  10084e:	e58e                	fsw	ft3,200(sp)
  100850:	21df 0049 3391      	0x3391004921df
  100856:	09f9                	addi	s3,s3,30
  100858:	09b0                	addi	a2,sp,216
  10085a:	0ec8                	addi	a0,sp,852
  10085c:	d34c                	sw	a1,36(a4)
  10085e:	cd5b113b          	0xcd5b113b
  100862:	c2d9e96f          	jal	s2,9f48e <__stack_size+0x9e48e>
  100866:	ff74                	fsw	fa3,124(a4)
  100868:	20ec                	fld	fa1,192(s1)
  10086a:	1e481ccf          	fnmadd.q	fs9,fa6,ft4,ft3,rtz
  10086e:	1ca9                	addi	s9,s9,-22
  100870:	431d                	li	t1,7
  100872:	50411b0b          	0x50411b0b
  100876:	ef2c                	fsw	fa1,88(a4)
  100878:	f5167f8b          	0xf5167f8b
  10087c:	a376                	fsd	ft9,384(sp)
  10087e:	e3ad                	bnez	a5,1008e0 <data+0x8e0>
  100880:	106c8fbf 11135446 	0x11135446106c8fbf
  100888:	0bafa57b          	0xbafa57b
  10088c:	8ed6                	mv	t4,s5
  10088e:	fb5c                	fsw	fa5,52(a4)
  100890:	51a2                	lw	gp,40(sp)
  100892:	257d0887          	0x257d0887
  100896:	def0e2cb          	fnmsub.q	ft5,ft1,fa5,fs11,unknown
  10089a:	0d540f4f          	0xd540f4f
  10089e:	0524                	addi	s1,sp,648
  1008a0:	be2c                	fsd	fa1,120(a2)
  1008a2:	fa7e                	fsw	ft11,52(sp)
  1008a4:	f8d1                	bnez	s1,100838 <data+0x838>
  1008a6:	eb28                	fsw	fa0,80(a4)
  1008a8:	2365                	jal	100e50 <data+0xe50>
  1008aa:	0925                	addi	s2,s2,9
  1008ac:	bbae                	fsd	fa1,496(sp)
  1008ae:	09b1                	addi	s3,s3,12
  1008b0:	fc900f0b          	0xfc900f0b
  1008b4:	015309af          	0x15309af
  1008b8:	8ae1                	andi	a3,a3,24
  1008ba:	ebf6                	fsw	ft9,212(sp)
  1008bc:	ea36                	fsw	fa3,20(sp)
  1008be:	f671fc1b          	0xf671fc1b
  1008c2:	0110                	addi	a2,sp,128
  1008c4:	d935                	beqz	a0,100838 <data+0x838>
  1008c6:	1854                	addi	a3,sp,52
  1008c8:	b286                	fsd	ft1,352(sp)
  1008ca:	1036                	c.slli	zero,0x2d
  1008cc:	f306                	fsw	ft1,164(sp)
  1008ce:	60da0eab          	0x60da0eab
  1008d2:	faa1                	bnez	a3,100822 <data+0x822>
  1008d4:	f6b5218f          	0xf6b5218f
  1008d8:	0338                	addi	a4,sp,392
  1008da:	e4de                	fsw	fs7,72(sp)
  1008dc:	90b8                	0x90b8
  1008de:	0b9e                	slli	s7,s7,0x7
  1008e0:	5b80                	lw	s0,48(a5)
  1008e2:	74d6f273          	csrrci	tp,0x74d,13
  1008e6:	1504                	addi	s1,sp,672
  1008e8:	98bd                	andi	s1,s1,-17
  1008ea:	fd3e                	fsw	fa5,184(sp)
  1008ec:	f39ed1cf          	fnmadd.d	ft3,ft9,fs9,ft10,unknown
  1008f0:	2636                	fld	fa2,328(sp)
  1008f2:	0552                	slli	a0,a0,0x14
  1008f4:	0d64                	addi	s1,sp,668
  1008f6:	1bb8                	addi	a4,sp,504
  1008f8:	2a0a                	fld	fs4,128(sp)
  1008fa:	1259                	addi	tp,tp,-10
  1008fc:	2486                	fld	fs1,64(sp)
  1008fe:	f5411427          	0xf5411427
  100902:	49bb0eb3          	0x49bb0eb3
  100906:	92c60df7          	0x92c60df7
  10090a:	f7b1f093          	andi	ra,gp,-133
  10090e:	f219                	bnez	a2,100814 <data+0x814>
  100910:	b78a                	fsd	ft2,488(sp)
  100912:	cacde577          	0xcacde577
  100916:	fba8                	fsw	fa0,112(a5)
  100918:	e76e5193          	0xe76e5193
  10091c:	9b86                	add	s7,s7,ra
  10091e:	160e                	slli	a2,a2,0x23
  100920:	fe8613a7          	0xfe8613a7
  100924:	08261f2f          	0x8261f2f
  100928:	86dc                	0x86dc
  10092a:	1951                	addi	s2,s2,-12
  10092c:	1f4e                	slli	t5,t5,0x33
  10092e:	fd88                	fsw	fa0,56(a1)
  100930:	8d4c                	0x8d4c
  100932:	60130c43          	fmadd.s	fs8,ft6,ft1,fa2,rne
  100936:	f67e                	fsw	ft11,44(sp)
  100938:	1a05                	addi	s4,s4,-31
  10093a:	066a                	slli	a2,a2,0x1a
  10093c:	57f0                	lw	a2,108(a5)
  10093e:	fd39                	bnez	a0,10089c <data+0x89c>
  100940:	352d                	jal	10076a <data+0x76a>
  100942:	10c1                	addi	ra,ra,-16
  100944:	e7733c23          	0xe7733c23
  100948:	fc5c                	fsw	fa5,60(s0)
  10094a:	f462                	fsw	fs8,40(sp)
  10094c:	09e6d70f          	0x9e6d70f
  100950:	1866ecd7          	0x1866ecd7
  100954:	0f23c9fb          	0xf23c9fb
  100958:	8332                	mv	t1,a2
  10095a:	eace                	fsw	fs3,84(sp)
  10095c:	aca9                	j	100bb6 <data+0xbb6>
  10095e:	0088                	addi	a0,sp,64
  100960:	8c88                	0x8c88
  100962:	111e                	slli	sp,sp,0x27
  100964:	f8ae                	fsw	fa1,112(sp)
  100966:	b84c053b          	0xb84c053b
  10096a:	f6aa                	fsw	fa0,108(sp)
  10096c:	42ba                	lw	t0,140(sp)
  10096e:	035d                	addi	t1,t1,23
  100970:	3882                	fld	fa7,32(sp)
  100972:	086c                	addi	a1,sp,28
  100974:	4365                	li	t1,25
  100976:	04b2                	slli	s1,s1,0xc
  100978:	0b26d6a3          	0xb26d6a3
  10097c:	8944                	0x8944
  10097e:	7ee1ee07          	0x7ee1ee07
  100982:	32c10637          	lui	a2,0x32c10
  100986:	f272                	fsw	ft8,36(sp)
  100988:	a3b9                	j	100ed6 <data+0xed6>
  10098a:	fc30                	fsw	fa2,120(s0)
  10098c:	3558                	fld	fa4,168(a0)
  10098e:	1019                	c.nop	-26
  100990:	83ad                	srli	a5,a5,0xb
  100992:	04e4                	addi	s1,sp,588
  100994:	9294                	0x9294
  100996:	0ec8                	addi	a0,sp,852
  100998:	1b360be3          	beq	a2,s3,10134e <_end+0x34e>
  10099c:	9eb4                	0x9eb4
  10099e:	0599                	addi	a1,a1,6
  1009a0:	6078                	flw	fa4,68(s0)
  1009a2:	0776                	slli	a4,a4,0x1d
  1009a4:	ee9e                	fsw	ft7,92(sp)
  1009a6:	ede1                	bnez	a1,100a7e <data+0xa7e>
  1009a8:	06a747f3          	0x6a747f3
  1009ac:	8ca8                	0x8ca8
  1009ae:	048d                	addi	s1,s1,3
  1009b0:	be2c                	fsd	fa1,120(a2)
  1009b2:	ef05                	bnez	a4,1009ea <data+0x9ea>
  1009b4:	ee71                	bnez	a2,100a90 <data+0xa90>
  1009b6:	f890                	fsw	fa2,48(s1)
  1009b8:	95b4                	0x95b4
  1009ba:	1d3e                	slli	s10,s10,0x2f
  1009bc:	0765628f          	0x765628f
  1009c0:	afaa                	fsd	fa0,472(sp)
  1009c2:	b410185b          	0xb410185b
  1009c6:	e744                	fsw	fs1,12(a4)
  1009c8:	773a                	flw	fa4,172(sp)
  1009ca:	0281                	addi	t0,t0,0
  1009cc:	19a2                	slli	s3,s3,0x28
  1009ce:	a9dcf407          	0xa9dcf407
  1009d2:	ec08                	fsw	fa0,24(s0)
  1009d4:	0bbd                	addi	s7,s7,15
  1009d6:	bd6ae4ef          	jal	s1,aedac <__stack_size+0xaddac>
  1009da:	e62a                	fsw	fa0,12(sp)
  1009dc:	ebea                	fsw	fs10,212(sp)
  1009de:	02d8                	addi	a4,sp,324
  1009e0:	17b8                	addi	a4,sp,1000
  1009e2:	0dc6                	slli	s11,s11,0x11
  1009e4:	8e7a                	mv	t3,t5
  1009e6:	e9bc                	fsw	fa5,80(a1)
  1009e8:	7721                	lui	a4,0xfffe8
  1009ea:	f2a0                	fsw	fs0,96(a3)
  1009ec:	97a9                	srai	a5,a5,0x2a
  1009ee:	da2ee5bf ce04f45b 	0xce04f45bda2ee5bf
  1009f6:	fb52                	fsw	fs4,180(sp)
  1009f8:	9844                	0x9844
  1009fa:	a1320acf          	fnmadd.s	fs5,ft4,fs3,fs4,rne
  1009fe:	0e5e                	slli	t3,t3,0x17
  100a00:	1572939b          	0x1572939b
  100a04:	c264                	sw	s1,68(a2)
  100a06:	dc72ee87          	0xdc72ee87
  100a0a:	e864                	fsw	fs1,84(s0)
  100a0c:	fa5ff34f          	fnmadd.d	ft6,ft11,ft5,ft11
  100a10:	b7ad                	j	10097a <data+0x97a>
  100a12:	f629                	bnez	a2,10095c <data+0x95c>
  100a14:	13889207          	0x13889207
  100a18:	fbce65e7          	0xfbce65e7
  100a1c:	91f5                	srli	a1,a1,0x3d
  100a1e:	fe40040b          	0xfe40040b
  100a22:	16c1                	addi	a3,a3,-16
  100a24:	d942                	sw	a6,176(sp)
  100a26:	17e6                	slli	a5,a5,0x39
  100a28:	ad3a                	fsd	fa4,152(sp)
  100a2a:	fcaa                	fsw	fa0,120(sp)
  100a2c:	fbcf46ab          	0xfbcf46ab
  100a30:	5d5a                	lw	s10,180(sp)
  100a32:	ae9b13c7          	fmsub.q	ft7,fs6,fs1,fs5,rtz
  100a36:	3e57fca3          	0x3e57fca3
  100a3a:	f621                	bnez	a2,100982 <data+0x982>
  100a3c:	e18a                	fsw	ft2,192(sp)
  100a3e:	f12a                	fsw	fa0,160(sp)
  100a40:	baca                	fsd	fs2,368(sp)
  100a42:	00dc                	addi	a5,sp,68
  100a44:	6126                	flw	ft2,72(sp)
  100a46:	e775                	bnez	a4,100b32 <data+0xb32>
  100a48:	a0e4                	fsd	fs1,192(s1)
  100a4a:	0c0c                	addi	a1,sp,528
  100a4c:	0d97ffeb          	0xd97ffeb
  100a50:	3506                	fld	fa0,96(sp)
  100a52:	0218                	addi	a4,sp,256
  100a54:	0104                	addi	s1,sp,128
  100a56:	b65815b7          	lui	a1,0xb6581
  100a5a:	12e1                	addi	t0,t0,-8
  100a5c:	20c8                	fld	fa0,128(s1)
  100a5e:	bad5ff53          	0xbad5ff53
  100a62:	a7bdfbe7          	0xa7bdfbe7
  100a66:	f27e                	fsw	ft11,36(sp)
  100a68:	634e                	flw	ft6,208(sp)
  100a6a:	2f99f2d3          	0x2f99f2d3
  100a6e:	406df203          	0x406df203
  100a72:	0959                	addi	s2,s2,22
  100a74:	615e                	flw	ft2,212(sp)
  100a76:	0a55                	addi	s4,s4,21
  100a78:	eeb6                	fsw	fa3,92(sp)
  100a7a:	1b09                	addi	s6,s6,-30
  100a7c:	5239                	li	tp,-18
  100a7e:	0f9a                	slli	t6,t6,0x6
  100a80:	03a2                	slli	t2,t2,0x8
  100a82:	039d                	addi	t2,t2,7
  100a84:	29b4                	fld	fa3,80(a1)
  100a86:	0bc2                	slli	s7,s7,0x10
  100a88:	bc92                	fsd	ft4,120(sp)
  100a8a:	f0e0                	fsw	fs0,100(s1)
  100a8c:	bf50                	fsd	fa2,184(a4)
  100a8e:	1448                	addi	a0,sp,548
  100a90:	98f0                	0x98f0
  100a92:	1cba                	slli	s9,s9,0x2e
  100a94:	1395                	addi	t2,t2,-27
  100a96:	0959                	addi	s2,s2,22
  100a98:	6ba5                	lui	s7,0x9
  100a9a:	12a0                	addi	s0,sp,360
  100a9c:	e561f703          	0xe561f703
  100aa0:	2a19                	jal	100bb6 <data+0xbb6>
  100aa2:	14c9                	addi	s1,s1,-14
  100aa4:	b436                	fsd	fa3,40(sp)
  100aa6:	ec29                	bnez	s0,100b00 <data+0xb00>
  100aa8:	7f89                	lui	t6,0xfffe2
  100aaa:	06fe                	slli	a3,a3,0x1f
  100aac:	2d19                	jal	1010c2 <_end+0xc2>
  100aae:	034d                	addi	t1,t1,19
  100ab0:	9726                	add	a4,a4,s1
  100ab2:	fabe                	fsw	fa5,116(sp)
  100ab4:	1b792ac3          	fmadd.d	fs5,fs2,fs7,ft3,rdn
  100ab8:	f80e                	fsw	ft3,48(sp)
  100aba:	f4e1                	bnez	s1,100a82 <data+0xa82>
  100abc:	042eafd3          	0x42eafd3
  100ac0:	8721                	srai	a4,a4,0x8
  100ac2:	bec60b27          	0xbec60b27
  100ac6:	df9b1903          	lh	s2,-519(s6)
  100aca:	7c07e2d3          	0x7c07e2d3
  100ace:	00ea                	slli	ra,ra,0x1a
  100ad0:	1df6                	slli	s11,s11,0x3d
  100ad2:	f79e                	fsw	ft7,236(sp)
  100ad4:	16b8                	addi	a4,sp,872
  100ad6:	e8fc                	fsw	fa5,84(s1)
  100ad8:	2e04                	fld	fs1,24(a2)
  100ada:	3374094f          	fnmadd.d	fs2,fs0,fs7,ft6,rne
  100ade:	07b5                	addi	a5,a5,13
  100ae0:	fa74                	fsw	fa3,116(a2)
  100ae2:	ec45                	bnez	s0,100b9a <data+0xb9a>
  100ae4:	f8893c4b          	fnmsub.s	fs8,fs2,fs0,ft11,rup
  100ae8:	b60a                	fsd	ft2,296(sp)
  100aea:	ec49                	bnez	s0,100b84 <data+0xb84>
  100aec:	7048                	flw	fa0,36(s0)
  100aee:	186e                	slli	a6,a6,0x3b
  100af0:	b470                	fsd	fa2,232(s0)
  100af2:	17a5                	addi	a5,a5,-23
  100af4:	e855                	bnez	s0,100ba8 <data+0xba8>
  100af6:	0111                	addi	sp,sp,4
  100af8:	2855                	jal	100bac <data+0xbac>
  100afa:	e959                	bnez	a0,100b90 <data+0xb90>
  100afc:	0c48                	addi	a0,sp,532
  100afe:	0644                	addi	s1,sp,772
  100b00:	3b7f                	0x3b7f
  100b02:	02da                	slli	t0,t0,0x16
  100b04:	e7e0                	fsw	fs0,76(a5)
  100b06:	4460e347          	0x4460e347
  100b0a:	426e024f          	fnmadd.d	ft4,ft8,ft6,fs0,rne
  100b0e:	fcf5ec8f          	0xfcf5ec8f
  100b12:	f7aa                	fsw	fa0,236(sp)
  100b14:	602a                	flw	ft0,136(sp)
  100b16:	19b5                	addi	s3,s3,-19
  100b18:	28a9                	jal	100b72 <data+0xb72>
  100b1a:	ec49                	bnez	s0,100bb4 <data+0xbb4>
  100b1c:	d3f9                	beqz	a5,100ae2 <data+0xae2>
  100b1e:	0411                	addi	s0,s0,4
  100b20:	ae66                	fsd	fs9,280(sp)
  100b22:	ed0a                	fsw	ft2,152(sp)
  100b24:	912e                	add	sp,sp,a1
  100b26:	50cff383          	0x50cff383
  100b2a:	1548                	addi	a0,sp,676
  100b2c:	d064                	sw	s1,100(s0)
  100b2e:	fe6e                	fsw	fs11,60(sp)
  100b30:	c50d                	beqz	a0,100b5a <data+0xb5a>
  100b32:	23bf013b          	0x23bf013b
  100b36:	f264                	fsw	fs1,100(a2)
  100b38:	0c82                	c.slli64	s9
  100b3a:	1cea                	slli	s9,s9,0x3a
  100b3c:	a27a                	fsd	ft10,256(sp)
  100b3e:	4933eb23          	0x4933eb23
  100b42:	f2a0                	fsw	fs0,96(a3)
  100b44:	a139                	j	100f52 <data+0xf52>
  100b46:	0b15                	addi	s6,s6,5
  100b48:	aee0                	fsd	fs0,216(a3)
  100b4a:	013e                	slli	sp,sp,0xf
  100b4c:	7e20                	flw	fs0,120(a2)
  100b4e:	0f12                	slli	t5,t5,0x4
  100b50:	02d8052b          	0x2d8052b
  100b54:	99c1                	andi	a1,a1,-16
  100b56:	160a                	slli	a2,a2,0x22
  100b58:	9190                	0x9190
  100b5a:	ebd1                	bnez	a5,100bee <data+0xbee>
  100b5c:	fb47356b          	0xfb47356b
  100b60:	1edc                	addi	a5,sp,884
  100b62:	8c440e5b          	0x8c440e5b
  100b66:	287ee493          	ori	s1,t4,647
  100b6a:	06d0                	addi	a2,sp,836
  100b6c:	3a10                	fld	fa2,48(a2)
  100b6e:	fad8                	fsw	fa4,52(a3)
  100b70:	734a                	flw	ft6,176(sp)
  100b72:	ec7a                	fsw	ft10,24(sp)
  100b74:	34b6                	fld	fs1,360(sp)
  100b76:	c4d6e873          	csrrsi	a6,0xc4d,13
  100b7a:	02d6                	slli	t0,t0,0x15
  100b7c:	d772                	sw	t3,172(sp)
  100b7e:	0061                	c.nop	24
  100b80:	e38e                	fsw	ft3,196(sp)
  100b82:	fb61                	bnez	a4,100b52 <data+0xb52>
  100b84:	0e74                	addi	a3,sp,796
  100b86:	fe3c                	fsw	fa5,120(a2)
  100b88:	8458                	0x8458
  100b8a:	fd40                	fsw	fs0,60(a0)
  100b8c:	693c                	flw	fa5,80(a0)
  100b8e:	1015                	c.nop	-27
  100b90:	fcc9                	bnez	s1,100b2a <data+0xb2a>
  100b92:	fd89                	bnez	a1,100aac <data+0xaac>
  100b94:	ad1d                	j	1011ca <_end+0x1ca>
  100b96:	0574                	addi	a3,sp,652
  100b98:	e5f1cb33          	0xe5f1cb33
  100b9c:	d449                	beqz	s0,100b26 <data+0xb26>
  100b9e:	ed8a                	fsw	ft2,216(sp)
  100ba0:	ecea                	fsw	fs10,88(sp)
  100ba2:	e7b0                	fsw	fa2,72(a5)
  100ba4:	7f02                	flw	ft10,32(sp)
  100ba6:	e312                	fsw	ft4,132(sp)
  100ba8:	0de4b90f          	0xde4b90f
  100bac:	0bac9357          	0xbac9357
  100bb0:	c8b0                	sw	a2,80(s1)
  100bb2:	f921                	bnez	a0,100b02 <data+0xb02>
  100bb4:	ee65a593          	slti	a1,a1,-282
  100bb8:	5390                	lw	a2,32(a5)
  100bba:	0b6d                	addi	s6,s6,27
  100bbc:	bf7f                	0xbf7f
  100bbe:	1fde16fb          	0x1fde16fb
  100bc2:	0036                	c.slli	zero,0xd
  100bc4:	ef00357b          	0xef00357b
  100bc8:	74f2                	flw	fs1,60(sp)
  100bca:	1820                	addi	s0,sp,56
  100bcc:	5c68                	lw	a0,124(s0)
  100bce:	ef5e                	fsw	fs7,156(sp)
  100bd0:	3e56                	fld	ft8,368(sp)
  100bd2:	f411                	bnez	s0,100ade <data+0xade>
  100bd4:	6002                	flw	ft0,0(sp)
  100bd6:	fc81                	bnez	s1,100aee <data+0xaee>
  100bd8:	8c86                	mv	s9,ra
  100bda:	e3ba                	fsw	fa4,196(sp)
  100bdc:	8f00                	0x8f00
  100bde:	1d61                	addi	s10,s10,-8
  100be0:	272c                	fld	fa1,72(a4)
  100be2:	08c5                	addi	a7,a7,17
  100be4:	0b2d3b27          	fsd	fs2,182(s10) # 80b6 <__stack_size+0x70b6>
  100be8:	5af9                	li	s5,-2
  100bea:	00f5                	addi	ra,ra,29
  100bec:	6842                	flw	fa6,16(sp)
  100bee:	12ba                	slli	t0,t0,0x2e
  100bf0:	250d                	jal	101212 <_end+0x212>
  100bf2:	0258                	addi	a4,sp,260
  100bf4:	f63d8d43          	fmadd.q	fs10,fs11,ft3,ft10,rne
  100bf8:	ff1d                	bnez	a4,100b36 <data+0xb36>
  100bfa:	e2cd                	bnez	a3,100c9c <data+0xc9c>
  100bfc:	e37a2d93          	slti	s11,s4,-457
  100c00:	d330                	sw	a2,96(a4)
  100c02:	e6c2                	fsw	fa6,76(sp)
  100c04:	8490                	0x8490
  100c06:	1fcce307          	0x1fcce307
  100c0a:	2a6a168f          	0x2a6a168f
  100c0e:	e97e                	fsw	ft11,144(sp)
  100c10:	bc58                	fsd	fa4,184(s0)
  100c12:	1adb1343          	fmadd.d	ft6,fs6,fa3,ft3,rtz
  100c16:	d1cf00a3          	sb	t3,-767(t5)
  100c1a:	ee98                	fsw	fa4,24(a3)
  100c1c:	ec81                	bnez	s1,100c34 <data+0xc34>
  100c1e:	0cec                	addi	a1,sp,604
  100c20:	ec6b74d7          	0xec6b74d7
  100c24:	7f2a                	flw	ft10,168(sp)
  100c26:	fbb4                	fsw	fa3,112(a5)
  100c28:	0a50a4f7          	0xa50a4f7
  100c2c:	0ac0                	addi	s0,sp,340
  100c2e:	f06c                	fsw	fa1,100(s0)
  100c30:	f6a64e4f          	fnmadd.q	ft8,fa2,fa0,ft10,rmm
  100c34:	11b1d28b          	0x11b1d28b
  100c38:	4d3d                	li	s10,15
  100c3a:	eb8a                	fsw	ft2,212(sp)
  100c3c:	42fe                	lw	t0,220(sp)
  100c3e:	eb6c                	fsw	fa1,84(a4)
  100c40:	bee4                	fsd	fs1,248(a3)
  100c42:	0041                	c.nop	16
  100c44:	2bd2                	fld	fs7,272(sp)
  100c46:	a090fda7          	0xa090fda7
  100c4a:	f0b9                	bnez	s1,100b90 <data+0xb90>
  100c4c:	5e14                	lw	a3,56(a2)
  100c4e:	d34a112f          	0xd34a112f
  100c52:	038a                	slli	t2,t2,0x2
  100c54:	f713f2eb          	0xf713f2eb
  100c58:	115ae54b          	fnmsub.s	fa0,fs5,fs5,ft2,unknown
  100c5c:	ede5                	bnez	a1,100d54 <data+0xd54>
  100c5e:	fe7e                	fsw	ft11,60(sp)
  100c60:	ff2e                	fsw	fa1,188(sp)
  100c62:	ff41                	bnez	a4,100bfa <data+0xbfa>
  100c64:	8789                	srai	a5,a5,0x2
  100c66:	189d                	addi	a7,a7,-25
  100c68:	b072                	fsd	ft8,32(sp)
  100c6a:	ea68                	fsw	fa0,84(a2)
  100c6c:	04c9c8e7          	0x4c9c8e7
  100c70:	f430                	fsw	fa2,104(s0)
  100c72:	fefd                	bnez	a3,100c70 <data+0xc70>
  100c74:	1228                	addi	a0,sp,296
  100c76:	f2fc                	fsw	fa5,100(a3)
  100c78:	45fe                	lw	a1,220(sp)
  100c7a:	1a75                	addi	s4,s4,-3
  100c7c:	c97e                	sw	t6,144(sp)
  100c7e:	af7618d7          	0xaf7618d7
  100c82:	0645                	addi	a2,a2,17
  100c84:	5b31                	li	s6,-20
  100c86:	c8191a83          	lh	s5,-895(s2)
  100c8a:	5f69fd27          	0x5f69fd27
  100c8e:	1428                	addi	a0,sp,552
  100c90:	8314                	0x8314
  100c92:	4247f1c3          	fmadd.d	ft3,fa5,ft4,fs0
  100c96:	ec9d                	bnez	s1,100cd4 <data+0xcd4>
  100c98:	1074                	addi	a3,sp,44
  100c9a:	2c5e095b          	0x2c5e095b
  100c9e:	18ea                	slli	a7,a7,0x3a
  100ca0:	179a                	slli	a5,a5,0x26
  100ca2:	19e1                	addi	s3,s3,-8
  100ca4:	f172                	fsw	ft8,160(sp)
  100ca6:	0310                	addi	a2,sp,384
  100ca8:	6e8e                	flw	ft9,192(sp)
  100caa:	02d4                	addi	a3,sp,324
  100cac:	602d                	c.lui	zero,0xb
  100cae:	097d                	addi	s2,s2,31
  100cb0:	eabdfd83          	0xeabdfd83
  100cb4:	5919                	li	s2,-26
  100cb6:	0d06                	slli	s10,s10,0x1
  100cb8:	fc39d57b          	0xfc39d57b
  100cbc:	bb62                	fsd	fs8,432(sp)
  100cbe:	f715                	bnez	a4,100bea <data+0xbea>
  100cc0:	0b410f73          	0xb410f73
  100cc4:	4f8d                	li	t6,3
  100cc6:	fc36                	fsw	fa3,56(sp)
  100cc8:	40c4                	lw	s1,4(s1)
  100cca:	1a99                	addi	s5,s5,-26
  100ccc:	ffb4                	fsw	fa3,120(a5)
  100cce:	19ce                	slli	s3,s3,0x33
  100cd0:	f563d04b          	0xf563d04b
  100cd4:	fa953c13          	sltiu	s8,a0,-87
  100cd8:	e7b25967          	0xe7b25967
  100cdc:	f77b60ef          	jal	ra,b7c52 <__stack_size+0xb6c52>
  100ce0:	0342                	slli	t1,t1,0x10
  100ce2:	1284                	addi	s1,sp,352
  100ce4:	ebccd203          	lhu	tp,-324(s9) # 1ee40506 <_sp+0x1ed3e506>
  100ce8:	0ce5                	addi	s9,s9,25
  100cea:	10a9                	addi	ra,ra,-22
  100cec:	e4222af3          	csrrs	s5,0xe42,tp
  100cf0:	fc4d                	bnez	s0,100caa <data+0xcaa>
  100cf2:	ef68                	fsw	fa0,92(a4)
  100cf4:	6ad8                	flw	fa4,20(a3)
  100cf6:	0efe                	slli	t4,t4,0x1f
  100cf8:	0439                	addi	s0,s0,14
  100cfa:	08fa                	slli	a7,a7,0x1e
  100cfc:	55c4                	lw	s1,44(a1)
  100cfe:	065a                	slli	a2,a2,0x16
  100d00:	183c                	addi	a5,sp,56
  100d02:	50d715f7          	0x50d715f7
  100d06:	4b01e8a7          	0x4b01e8a7
  100d0a:	ff7c                	fsw	fa5,124(a4)
  100d0c:	8ed2                	mv	t4,s4
  100d0e:	f246                	fsw	fa7,36(sp)
  100d10:	56b5                	li	a3,-19
  100d12:	0332                	slli	t1,t1,0xc
  100d14:	0b76                	slli	s6,s6,0x1d
  100d16:	fb42                	fsw	fa6,180(sp)
  100d18:	dcc4                	sw	s1,60(s1)
  100d1a:	f261                	bnez	a2,100cda <data+0xcda>
  100d1c:	9e32                	add	t3,t3,a2
  100d1e:	0c58                	addi	a4,sp,532
  100d20:	14aa                	slli	s1,s1,0x2a
  100d22:	61ab0b83          	lb	s7,1562(s6)
  100d26:	f389                	bnez	a5,100c28 <data+0xc28>
  100d28:	18bc                	addi	a5,sp,120
  100d2a:	0124                	addi	s1,sp,136
  100d2c:	e0ed                	bnez	s1,100e0e <data+0xe0e>
  100d2e:	027f                	0x27f
  100d30:	f41faa3f 158edc36 	0x158edc36f41faa3f
  100d38:	9fd0                	0x9fd0
  100d3a:	f6ac                	fsw	fa1,104(a3)
  100d3c:	251d                	jal	101362 <_end+0x362>
  100d3e:	1b34                	addi	a3,sp,440
  100d40:	ffc8dbab          	0xffc8dbab
  100d44:	95e8                	0x95e8
  100d46:	792cfbe7          	0x792cfbe7
  100d4a:	0c7f                	0xc7f
  100d4c:	06eaab2f          	amoadd.w.aqrl	s6,a4,(s5)
  100d50:	f279                	bnez	a2,100d16 <data+0xd16>
  100d52:	e905                	bnez	a0,100d82 <data+0xd82>
  100d54:	11538097          	auipc	ra,0x11538
  100d58:	34c0                	fld	fs0,168(s1)
  100d5a:	05d2                	slli	a1,a1,0x14
  100d5c:	3eaa                	fld	ft9,168(sp)
  100d5e:	1596                	slli	a1,a1,0x25
  100d60:	b005                	j	100580 <data+0x580>
  100d62:	9cb6f187          	0x9cb6f187
  100d66:	0b9d                	addi	s7,s7,7
  100d68:	687e                	flw	fa6,220(sp)
  100d6a:	c13b0997          	auipc	s3,0xc13b0
  100d6e:	f635                	bnez	a2,100cda <data+0xcda>
  100d70:	59fd                	li	s3,-1
  100d72:	fb0e                	fsw	ft3,180(sp)
  100d74:	89fe                	mv	s3,t6
  100d76:	fde6                	fsw	fs9,248(sp)
  100d78:	702e                	flw	ft0,232(sp)
  100d7a:	e7a5                	bnez	a5,100de2 <data+0xde2>
  100d7c:	ca89                	beqz	a3,100d8e <data+0xd8e>
  100d7e:	1b1c                	addi	a5,sp,432
  100d80:	6b61                	lui	s6,0x18
  100d82:	fdc9ed17          	auipc	s10,0xfdc9e
  100d86:	b21af96f          	jal	s2,b08a6 <__stack_size+0xaf8a6>
  100d8a:	0d7f                	0xd7f
  100d8c:	a9dc                	fsd	fa5,144(a1)
  100d8e:	044a                	slli	s0,s0,0x12
  100d90:	ff031e17          	auipc	t3,0xff031
  100d94:	0a88                	addi	a0,sp,336
  100d96:	18a9                	addi	a7,a7,-22
  100d98:	25d8                	fld	fa4,136(a1)
  100d9a:	b0cde4bb          	0xb0cde4bb
  100d9e:	aef90807          	0xaef90807
  100da2:	0926                	slli	s2,s2,0x9
  100da4:	f7266f07          	0xf7266f07
  100da8:	6e66                	flw	ft8,88(sp)
  100daa:	f48d                	bnez	s1,100cd4 <data+0xcd4>
  100dac:	0138                	addi	a4,sp,136
  100dae:	0131                	addi	sp,sp,12
  100db0:	3089                	jal	1005f2 <data+0x5f2>
  100db2:	f7fa                	fsw	ft10,236(sp)
  100db4:	05ee                	slli	a1,a1,0x1b
  100db6:	01fa                	slli	gp,gp,0x1e
  100db8:	3d06                	fld	fs10,96(sp)
  100dba:	e5a1                	bnez	a1,100e02 <data+0xe02>
  100dbc:	ea727c13          	andi	s8,tp,-345
  100dc0:	e58f412b          	0xe58f412b
  100dc4:	0c753f1b          	0xc753f1b
  100dc8:	4de1                	li	s11,24
  100dca:	ff8af18f          	0xff8af18f
  100dce:	698ee693          	ori	a3,t4,1688
  100dd2:	1175                	addi	sp,sp,-3
  100dd4:	e9eaa5a7          	fsw	ft10,-373(s5) # d030e2f9 <_vram_base+0x5040e2f9>
  100dd8:	c8d8                	sw	a4,20(s1)
  100dda:	044d                	addi	s0,s0,19
  100ddc:	2f9d                	jal	101552 <_end+0x552>
  100dde:	a0900877          	0xa0900877
  100de2:	152e                	slli	a0,a0,0x2b
  100de4:	8fa8                	0x8fa8
  100de6:	3c43f843          	0x3c43f843
  100dea:	495b02a3          	sb	s5,1157(s6) # 18485 <__stack_size+0x17485>
  100dee:	e319                	bnez	a4,100df4 <data+0xdf4>
  100df0:	e23d                	bnez	a2,100e56 <data+0xe56>
  100df2:	17ed                	addi	a5,a5,-5
  100df4:	4581                	li	a1,0
  100df6:	e85d                	bnez	s0,100eac <data+0xeac>
  100df8:	6808                	flw	fa0,16(s0)
  100dfa:	e84aed77          	0xe84aed77
  100dfe:	11d5                	addi	gp,gp,-11
  100e00:	85ff                	0x85ff
  100e02:	6d83eed3          	0x6d83eed3
  100e06:	e27f                	0xe27f
  100e08:	d199                	beqz	a1,100d0e <data+0xd0e>
  100e0a:	05fd                	addi	a1,a1,31
  100e0c:	c2ba                	sw	a4,68(sp)
  100e0e:	ec60                	fsw	fs0,92(s0)
  100e10:	f963176f          	jal	a4,325a6 <__stack_size+0x315a6>
  100e14:	0cb85eb3          	0xcb85eb3
  100e18:	69d2                	flw	fs3,20(sp)
  100e1a:	0b75                	addi	s6,s6,29
  100e1c:	03a0                	addi	s0,sp,456
  100e1e:	f0ff                	0xf0ff
  100e20:	ae0c                	fsd	fa1,24(a2)
  100e22:	f07a                	fsw	ft10,32(sp)
  100e24:	ea444773          	0xea444773
  100e28:	b45a                	fsd	fs6,40(sp)
  100e2a:	18351313          	0x18351313
  100e2e:	fa02                	fsw	ft0,52(sp)
  100e30:	92c2                	add	t0,t0,a6
  100e32:	056d                	addi	a0,a0,27
  100e34:	1a49                	addi	s4,s4,-14
  100e36:	a9db10ab          	0xa9db10ab
  100e3a:	ed09                	bnez	a0,100e54 <data+0xe54>
  100e3c:	7820                	flw	fs0,112(s0)
  100e3e:	bfab1b87          	0xbfab1b87
  100e42:	192e                	slli	s2,s2,0x2b
  100e44:	798a                	flw	fs3,160(sp)
  100e46:	fbd4                	fsw	fa3,52(a5)
  100e48:	f5612da3          	sw	s6,-165(sp) # bd9c175d <_vram_base+0x3dac175d>
  100e4c:	4b05                	li	s6,1
  100e4e:	1a04                	addi	s1,sp,304
  100e50:	25b1                	jal	10149c <_end+0x49c>
  100e52:	fc58                	fsw	fa4,60(s0)
  100e54:	6481                	0x6481
  100e56:	efe1                	bnez	a5,100f2e <data+0xf2e>
  100e58:	7a9c                	flw	fa5,48(a3)
  100e5a:	f18a                	fsw	ft2,224(sp)
  100e5c:	5ad5                	li	s5,-11
  100e5e:	0378                	addi	a4,sp,396
  100e60:	e34a                	fsw	fs2,132(sp)
  100e62:	8abc0523          	sb	a1,-1878(s8)
  100e66:	eba4                	fsw	fs1,80(a5)
  100e68:	4364                	lw	s1,68(a4)
  100e6a:	b968fc33          	0xb968fc33
  100e6e:	f2da                	fsw	fs6,100(sp)
  100e70:	812c                	0x812c
  100e72:	e075ef6f          	jal	t5,5fc78 <__stack_size+0x5ec78>
  100e76:	f01d                	bnez	s0,100d9c <data+0xd9c>
  100e78:	0c15                	addi	s8,s8,5
  100e7a:	5401f05b          	0x5401f05b
  100e7e:	ebba                	fsw	fa4,212(sp)
  100e80:	19f2                	slli	s3,s3,0x3c
  100e82:	0ce9                	addi	s9,s9,26
  100e84:	1972                	slli	s2,s2,0x3c
  100e86:	8234eeb3          	0x8234eeb3
  100e8a:	6e100133          	0x6e100133
  100e8e:	0eee                	slli	t4,t4,0x1b
  100e90:	627c                	flw	fa5,68(a2)
  100e92:	ffe6                	fsw	fs9,252(sp)
  100e94:	6b39                	lui	s6,0xe
  100e96:	f0f4                	fsw	fa3,100(s1)
  100e98:	aac2                	fsd	fa6,336(sp)
  100e9a:	334dedc3          	fmadd.d	fs11,fs11,fs4,ft6,unknown
  100e9e:	1bde                	slli	s7,s7,0x37
  100ea0:	279c                	fld	fa5,8(a5)
  100ea2:	e586                	fsw	ft1,200(sp)
  100ea4:	dc24                	sw	s1,120(s0)
  100ea6:	0bc4                	addi	s1,sp,468
  100ea8:	9926                	add	s2,s2,s1
  100eaa:	f26a                	fsw	fs10,36(sp)
  100eac:	f38a                	fsw	ft2,228(sp)
  100eae:	1d8c                	addi	a1,sp,752
  100eb0:	899f 1800 20e8      	0x20e81800899f
  100eb6:	10dc                	addi	a5,sp,100
  100eb8:	0e6394fb          	0xe6394fb
  100ebc:	0df0                	addi	a2,sp,732
  100ebe:	ed82                	fsw	ft0,216(sp)
  100ec0:	ff5e62db          	0xff5e62db
  100ec4:	f7a26d53          	0xf7a26d53
  100ec8:	0eefb79b          	0xeefb79b
  100ecc:	2ba2                	fld	fs7,8(sp)
  100ece:	f366                	fsw	fs9,164(sp)
  100ed0:	8f4e                	mv	t5,s3
  100ed2:	f936                	fsw	fa3,176(sp)
  100ed4:	2fa9                	jal	10162e <_end+0x62e>
  100ed6:	5370e98f          	0x5370e98f
  100eda:	e655                	bnez	a2,100f86 <data+0xf86>
  100edc:	814a                	mv	sp,s2
  100ede:	e56d                	bnez	a0,100fc8 <data+0xfc8>
  100ee0:	12e5a497          	auipc	s1,0x12e5a
  100ee4:	6554                	flw	fa3,12(a0)
  100ee6:	eec1                	bnez	a3,100f7e <data+0xf7e>
  100ee8:	eda0                	fsw	fs0,88(a1)
  100eea:	15b9                	addi	a1,a1,-18
  100eec:	83c0                	0x83c0
  100eee:	e458                	fsw	fa4,12(s0)
  100ef0:	4809                	li	a6,2
  100ef2:	ee810a57          	0xee810a57
  100ef6:	06e0                	addi	s0,sp,844
  100ef8:	1330                	addi	a2,sp,424
  100efa:	0c9a                	slli	s9,s9,0x6
  100efc:	1b44                	addi	s1,sp,436
  100efe:	0c0d                	addi	s8,s8,3
  100f00:	15692b2b          	0x15692b2b
  100f04:	2aec                	fld	fa1,208(a3)
  100f06:	15ff                	0x15ff
  100f08:	fc9c820f          	0xfc9c820f
  100f0c:	c2a8                	sw	a0,64(a3)
  100f0e:	04f0                	addi	a2,sp,588
  100f10:	9885                	andi	s1,s1,-31
  100f12:	f950                	fsw	fa2,52(a0)
  100f14:	2050                	fld	fa2,128(s0)
  100f16:	f248eb87          	0xf248eb87
  100f1a:	86750f7b          	0x86750f7b
  100f1e:	e5d9                	bnez	a1,100fac <data+0xfac>
  100f20:	d97f                	0xd97f
  100f22:	b5cb1d23          	sh	t3,-1190(s6) # db5a <__stack_size+0xcb5a>
  100f26:	f48c                	fsw	fa1,40(s1)
  100f28:	3e50                	fld	fa2,184(a2)
  100f2a:	f6ee                	fsw	fs11,108(sp)
  100f2c:	ca06                	sw	ra,20(sp)
  100f2e:	fb8e                	fsw	ft3,244(sp)
  100f30:	b1de                	fsd	fs7,224(sp)
  100f32:	069c                	addi	a5,sp,832
  100f34:	3408                	fld	fa0,40(s0)
  100f36:	1318                	addi	a4,sp,416
  100f38:	e85d2e67          	0xe85d2e67
  100f3c:	b148                	fsd	fa0,160(a0)
  100f3e:	4de0ea3b          	0x4de0ea3b
  100f42:	e608                	fsw	fa0,8(a2)
  100f44:	759c                	flw	fa5,40(a1)
  100f46:	0e32                	slli	t3,t3,0xc
  100f48:	cec4                	sw	s1,28(a3)
  100f4a:	f469                	bnez	s0,100f14 <data+0xf14>
  100f4c:	e2f44693          	xori	a3,s0,-465
  100f50:	4626                	lw	a2,72(sp)
  100f52:	0f46ee23          	0xf46ee23
  100f56:	1a42                	slli	s4,s4,0x30
  100f58:	0582                	c.slli64	a1
  100f5a:	fb42                	fsw	fa6,180(sp)
  100f5c:	a5b9                	j	1015aa <_end+0x5aa>
  100f5e:	12b4                	addi	a3,sp,360
  100f60:	875d                	srai	a4,a4,0x17
  100f62:	7b0d1c0f          	0x7b0d1c0f
  100f66:	0939                	addi	s2,s2,14
  100f68:	b84d                	j	10081a <data+0x81a>
  100f6a:	00d0e2e3          	bltu	ra,a3,10176e <_end+0x76e>
  100f6e:	921dee27          	0x921dee27
  100f72:	04681173          	csrrw	sp,0x46,a6
  100f76:	e315                	bnez	a4,100f9a <data+0xf9a>
  100f78:	2fc0                	fld	fs0,152(a5)
  100f7a:	fc50                	fsw	fa2,60(s0)
  100f7c:	d359                	beqz	a4,100f02 <data+0xf02>
  100f7e:	12d5                	addi	t0,t0,-11
  100f80:	f201b877          	0xf201b877
  100f84:	95cd                	srai	a1,a1,0x33
  100f86:	12a9                	addi	t0,t0,-22
  100f88:	e9d5                	bnez	a1,10103c <_end+0x3c>
  100f8a:	e44e                	fsw	fs3,8(sp)
  100f8c:	0561eda7          	0x561eda7
  100f90:	c5f0                	sw	a2,76(a1)
  100f92:	f386                	fsw	ft1,228(sp)
  100f94:	d11e                	sw	t2,160(sp)
  100f96:	f241                	bnez	a2,100f16 <data+0xf16>
  100f98:	962e                	add	a2,a2,a1
  100f9a:	1d3d                	addi	s10,s10,-17
  100f9c:	81a8                	0x81a8
  100f9e:	1662                	slli	a2,a2,0x38
  100fa0:	6471                	lui	s0,0x1c
  100fa2:	06a6                	slli	a3,a3,0x9
  100fa4:	e589                	bnez	a1,100fae <data+0xfae>
  100fa6:	168a                	slli	a3,a3,0x22
  100fa8:	fbfe48c3          	fmadd.d	fa7,ft8,ft11,ft11,rmm
  100fac:	3be4                	fld	fs1,240(a5)
  100fae:	0ada                	slli	s5,s5,0x16
  100fb0:	e2c4                	fsw	fs1,4(a3)
  100fb2:	f48a                	fsw	ft2,104(sp)
  100fb4:	2902                	fld	fs2,0(sp)
  100fb6:	faa2                	fsw	fs0,116(sp)
  100fb8:	91ac                	0x91ac
  100fba:	0aab10bb          	0xaab10bb
  100fbe:	fd2c                	fsw	fa1,120(a0)
  100fc0:	349f 00af 3804      	0x380400af349f
  100fc6:	ee49                	bnez	a2,101060 <_end+0x60>
  100fc8:	5d22                	lw	s10,40(sp)
  100fca:	f7b5                	bnez	a5,100f36 <data+0xf36>
  100fcc:	57bd                	li	a5,-17
  100fce:	04a9                	addi	s1,s1,10
  100fd0:	80a6                	mv	ra,s1
  100fd2:	080a                	slli	a6,a6,0x2
  100fd4:	0548                	addi	a0,sp,644
  100fd6:	f91b1757          	0xf91b1757
  100fda:	f182                	fsw	ft0,224(sp)
  100fdc:	0ae73ecb          	fnmsub.d	ft9,fa4,fa4,ft1,rup
  100fe0:	3d48                	fld	fa0,184(a0)
  100fe2:	f36a                	fsw	fs10,164(sp)
  100fe4:	44cd                	li	s1,19
  100fe6:	f11d                	bnez	a0,100f0c <data+0xf0c>
  100fe8:	fcdd                	bnez	s1,100fa6 <data+0xfa6>
  100fea:	e5f8                	fsw	fa4,76(a1)
  100fec:	0911d3b3          	0x911d3b3
  100ff0:	d6b9                	beqz	a3,100f3e <data+0xf3e>
  100ff2:	ed4d                	bnez	a0,1010ac <_end+0xac>
  100ff4:	faf96b63          	bltu	s2,a5,1007aa <data+0x7aa>
  100ff8:	4bf6                	lw	s7,92(sp)
  100ffa:	0890                	addi	a2,sp,80
  100ffc:	0fdc9923          	sh	t4,242(s9)

セクション .stack の逆アセンブル:

00101000 <_heap_end>:
	...

セクション .uncached_RAM の逆アセンブル:

7ff00000 <_vram_base>:
	...

セクション .stab の逆アセンブル:

00000000 <.stab>:
   0:	0001                	nop
   2:	0000                	unimp
   4:	0000                	unimp
   6:	0029                	c.nop	10
   8:	0038                	addi	a4,sp,8
   a:	0000                	unimp
   c:	0000000b          	0xb
  10:	0064                	addi	s1,sp,12
  12:	0000                	unimp
  14:	00a8                	addi	a0,sp,72
  16:	0000                	unimp
  18:	0001                	nop
  1a:	0000                	unimp
  1c:	0064                	addi	s1,sp,12
  1e:	0000                	unimp
  20:	00a8                	addi	a0,sp,72
  22:	0000                	unimp
  24:	0000                	unimp
  26:	0000                	unimp
  28:	0044                	addi	s1,sp,4
  2a:	0020                	addi	s0,sp,8
	...
  34:	0044                	addi	s1,sp,4
  36:	0021                	c.nop	8
  38:	0004                	0x4
  3a:	0000                	unimp
  3c:	0000                	unimp
  3e:	0000                	unimp
  40:	0044                	addi	s1,sp,4
  42:	0022                	c.slli	zero,0x8
  44:	0008                	0x8
  46:	0000                	unimp
  48:	0000                	unimp
  4a:	0000                	unimp
  4c:	0044                	addi	s1,sp,4
  4e:	000c0023          	sb	zero,0(s8)
  52:	0000                	unimp
  54:	0000                	unimp
  56:	0000                	unimp
  58:	0044                	addi	s1,sp,4
  5a:	0024                	addi	s1,sp,8
  5c:	0010                	0x10
  5e:	0000                	unimp
  60:	0000                	unimp
  62:	0000                	unimp
  64:	0044                	addi	s1,sp,4
  66:	0025                	c.nop	9
  68:	0014                	0x14
  6a:	0000                	unimp
  6c:	0000                	unimp
  6e:	0000                	unimp
  70:	0044                	addi	s1,sp,4
  72:	0026                	c.slli	zero,0x9
  74:	0018                	0x18
  76:	0000                	unimp
  78:	0000                	unimp
  7a:	0000                	unimp
  7c:	0044                	addi	s1,sp,4
  7e:	001c0027          	0x1c0027
  82:	0000                	unimp
  84:	0000                	unimp
  86:	0000                	unimp
  88:	0044                	addi	s1,sp,4
  8a:	0028                	addi	a0,sp,8
  8c:	0020                	addi	s0,sp,8
  8e:	0000                	unimp
  90:	0000                	unimp
  92:	0000                	unimp
  94:	0044                	addi	s1,sp,4
  96:	0029                	c.nop	10
  98:	0024                	addi	s1,sp,8
  9a:	0000                	unimp
  9c:	0000                	unimp
  9e:	0000                	unimp
  a0:	0044                	addi	s1,sp,4
  a2:	002a                	c.slli	zero,0xa
  a4:	0028                	addi	a0,sp,8
  a6:	0000                	unimp
  a8:	0000                	unimp
  aa:	0000                	unimp
  ac:	0044                	addi	s1,sp,4
  ae:	002c002b          	0x2c002b
  b2:	0000                	unimp
  b4:	0000                	unimp
  b6:	0000                	unimp
  b8:	0044                	addi	s1,sp,4
  ba:	002c                	addi	a1,sp,8
  bc:	0030                	addi	a2,sp,8
  be:	0000                	unimp
  c0:	0000                	unimp
  c2:	0000                	unimp
  c4:	0044                	addi	s1,sp,4
  c6:	002d                	c.nop	11
  c8:	0034                	addi	a3,sp,8
  ca:	0000                	unimp
  cc:	0000                	unimp
  ce:	0000                	unimp
  d0:	0044                	addi	s1,sp,4
  d2:	002e                	c.slli	zero,0xb
  d4:	0038                	addi	a4,sp,8
  d6:	0000                	unimp
  d8:	0000                	unimp
  da:	0000                	unimp
  dc:	0044                	addi	s1,sp,4
  de:	003c002f          	0x3c002f
  e2:	0000                	unimp
  e4:	0000                	unimp
  e6:	0000                	unimp
  e8:	0044                	addi	s1,sp,4
  ea:	0030                	addi	a2,sp,8
  ec:	0040                	addi	s0,sp,4
  ee:	0000                	unimp
  f0:	0000                	unimp
  f2:	0000                	unimp
  f4:	0044                	addi	s1,sp,4
  f6:	0031                	c.nop	12
  f8:	0044                	addi	s1,sp,4
  fa:	0000                	unimp
  fc:	0000                	unimp
  fe:	0000                	unimp
 100:	0044                	addi	s1,sp,4
 102:	0032                	c.slli	zero,0xc
 104:	0048                	addi	a0,sp,4
 106:	0000                	unimp
 108:	0000                	unimp
 10a:	0000                	unimp
 10c:	0044                	addi	s1,sp,4
 10e:	004c0033          	add	zero,s8,tp
 112:	0000                	unimp
 114:	0000                	unimp
 116:	0000                	unimp
 118:	0044                	addi	s1,sp,4
 11a:	0034                	addi	a3,sp,8
 11c:	0050                	addi	a2,sp,4
 11e:	0000                	unimp
 120:	0000                	unimp
 122:	0000                	unimp
 124:	0044                	addi	s1,sp,4
 126:	0035                	c.nop	13
 128:	0054                	addi	a3,sp,4
 12a:	0000                	unimp
 12c:	0000                	unimp
 12e:	0000                	unimp
 130:	0044                	addi	s1,sp,4
 132:	0036                	c.slli	zero,0xd
 134:	0058                	addi	a4,sp,4
 136:	0000                	unimp
 138:	0000                	unimp
 13a:	0000                	unimp
 13c:	0044                	addi	s1,sp,4
 13e:	005c0037          	lui	zero,0x5c0
 142:	0000                	unimp
 144:	0000                	unimp
 146:	0000                	unimp
 148:	0044                	addi	s1,sp,4
 14a:	0038                	addi	a4,sp,8
 14c:	0060                	addi	s0,sp,12
 14e:	0000                	unimp
 150:	0000                	unimp
 152:	0000                	unimp
 154:	0044                	addi	s1,sp,4
 156:	0039                	c.nop	14
 158:	0064                	addi	s1,sp,12
 15a:	0000                	unimp
 15c:	0000                	unimp
 15e:	0000                	unimp
 160:	0044                	addi	s1,sp,4
 162:	003a                	c.slli	zero,0xe
 164:	0068                	addi	a0,sp,12
 166:	0000                	unimp
 168:	0000                	unimp
 16a:	0000                	unimp
 16c:	0044                	addi	s1,sp,4
 16e:	006c003b          	0x6c003b
 172:	0000                	unimp
 174:	0000                	unimp
 176:	0000                	unimp
 178:	0044                	addi	s1,sp,4
 17a:	003c                	addi	a5,sp,8
 17c:	0070                	addi	a2,sp,12
 17e:	0000                	unimp
 180:	0000                	unimp
 182:	0000                	unimp
 184:	0044                	addi	s1,sp,4
 186:	003d                	c.nop	15
 188:	0074                	addi	a3,sp,12
 18a:	0000                	unimp
 18c:	0000                	unimp
 18e:	0000                	unimp
 190:	0044                	addi	s1,sp,4
 192:	003e                	c.slli	zero,0xf
 194:	0078                	addi	a4,sp,12
 196:	0000                	unimp
 198:	0000                	unimp
 19a:	0000                	unimp
 19c:	0044                	addi	s1,sp,4
 19e:	004d                	c.nop	19
 1a0:	007c                	addi	a5,sp,12
 1a2:	0000                	unimp
 1a4:	0000                	unimp
 1a6:	0000                	unimp
 1a8:	0044                	addi	s1,sp,4
 1aa:	0084004f          	fnmadd.s	ft0,fs0,fs0,ft0,rne
 1ae:	0000                	unimp
 1b0:	0000                	unimp
 1b2:	0000                	unimp
 1b4:	0044                	addi	s1,sp,4
 1b6:	008c0057          	0x8c0057
 1ba:	0000                	unimp
 1bc:	0000                	unimp
 1be:	0000                	unimp
 1c0:	0044                	addi	s1,sp,4
 1c2:	0058                	addi	a4,sp,4
 1c4:	0090                	addi	a2,sp,64
 1c6:	0000                	unimp
 1c8:	0000                	unimp
 1ca:	0000                	unimp
 1cc:	0044                	addi	s1,sp,4
 1ce:	0059                	c.nop	22
 1d0:	0094                	addi	a3,sp,64
 1d2:	0000                	unimp
 1d4:	0000                	unimp
 1d6:	0000                	unimp
 1d8:	0044                	addi	s1,sp,4
 1da:	009c005b          	0x9c005b
 1de:	0000                	unimp
 1e0:	0000                	unimp
 1e2:	0000                	unimp
 1e4:	0044                	addi	s1,sp,4
 1e6:	005c                	addi	a5,sp,4
 1e8:	00a0                	addi	s0,sp,72
 1ea:	0000                	unimp
 1ec:	0000                	unimp
 1ee:	0000                	unimp
 1f0:	0044                	addi	s1,sp,4
 1f2:	005d                	c.nop	23
 1f4:	00a4                	addi	s1,sp,72
	...

セクション .comment の逆アセンブル:

00000000 <.comment>:
   0:	3a434347          	fmsub.d	ft6,ft6,ft4,ft7,rmm
   4:	2820                	fld	fs0,80(s0)
   6:	29554e47          	fmsub.s	ft8,fa0,fs5,ft5,rmm
   a:	3820                	fld	fs0,112(s0)
   c:	322e                	fld	ft4,232(sp)
   e:	302e                	fld	ft0,232(sp)
	...

セクション .stabstr の逆アセンブル:

00000000 <.stabstr>:
   0:	7300                	flw	fs0,32(a4)
   2:	6174                	flw	fa3,68(a0)
   4:	7472                	flw	fs0,60(sp)
   6:	7075                	c.lui	zero,0xffffd
   8:	732e                	flw	ft6,232(sp)
   a:	2f00                	fld	fs0,24(a4)
   c:	632f7473          	csrrci	s0,0x632,30
  10:	3032                	fld	ft0,296(sp)
  12:	3432                	fld	fs0,296(sp)
  14:	3234632f          	0x3234632f
  18:	3436                	fld	fs0,360(sp)
  1a:	6b696a2f          	0x6b696a2f
  1e:	2f6e656b          	0x2f6e656b
  22:	4952                	lw	s2,20(sp)
  24:	722f4353          	0x722f4353
  28:	7369                	lui	t1,0xffffa
  2a:	6e2d7663          	bleu	sp,s10,716 <main+0x57a>
  2e:	2f70                	fld	fa2,216(a4)
  30:	706d6173          	csrrsi	sp,0x706,26
  34:	656c                	flw	fa1,76(a0)
  36:	          	0x2f
