Copyright 1986-2022 Xilinx, Inc. All Rights Reserved.
------------------------------------------------------------------------------------
| Tool Version : Vivado v.2022.2 (lin64) Build 3671981 Fri Oct 14 04:59:54 MDT 2022
| Date         : Mon May 25 09:50:09 2026
| Host         : st145 running 64-bit Ubuntu 22.04.1 LTS
| Command      : report_control_sets -verbose -file riscv_control_sets_placed.rpt
| Design       : riscv
| Device       : xc7a100t
------------------------------------------------------------------------------------

Control Set Information

Table of Contents
-----------------
1. Summary
2. Histogram
3. Flip-Flop Distribution
4. Detailed Control Set Information

1. Summary
----------

+----------------------------------------------------------+-------+
|                          Status                          | Count |
+----------------------------------------------------------+-------+
| Total control sets                                       |   519 |
|    Minimum number of control sets                        |   519 |
|    Addition due to synthesis replication                 |     0 |
|    Addition due to physical synthesis replication        |     0 |
| Unused register locations in slices containing registers |    11 |
+----------------------------------------------------------+-------+
* Control sets can be merged at opt_design using control_set_merge or merge_equivalent_drivers
** Run report_qor_suggestions for automated merging and remapping suggestions


2. Histogram
------------

+--------------------+-------+
|       Fanout       | Count |
+--------------------+-------+
| Total control sets |   519 |
| >= 0 to < 4        |     0 |
| >= 4 to < 6        |     1 |
| >= 6 to < 8        |     0 |
| >= 8 to < 10       |     0 |
| >= 10 to < 12      |     0 |
| >= 12 to < 14      |     0 |
| >= 14 to < 16      |     0 |
| >= 16              |   518 |
+--------------------+-------+
* Control sets can be remapped at either synth_design or opt_design


3. Flip-Flop Distribution
-------------------------

+--------------+-----------------------+------------------------+-----------------+--------------+
| Clock Enable | Synchronous Set/Reset | Asynchronous Set/Reset | Total Registers | Total Slices |
+--------------+-----------------------+------------------------+-----------------+--------------+
| No           | No                    | No                     |              32 |           27 |
| No           | No                    | Yes                    |               0 |            0 |
| No           | Yes                   | No                     |             535 |          239 |
| Yes          | No                    | No                     |               0 |            0 |
| Yes          | No                    | Yes                    |               0 |            0 |
| Yes          | Yes                   | No                     |             126 |           41 |
+--------------+-----------------------+------------------------+-----------------+--------------+


4. Detailed Control Set Information
-----------------------------------

+----------------+----------------------------------------+----------------------+------------------+----------------+--------------+
|  Clock Signal  |              Enable Signal             |   Set/Reset Signal   | Slice Load Count | Bel Load Count | Bels / Slice |
+----------------+----------------------------------------+----------------------+------------------+----------------+--------------+
|  CLK_IBUF_BUFG |                                        | ID_EX_D_RD           |                1 |              5 |         5.00 |
|  CLK_IBUF_BUFG | dmem/mem_reg_20480_20735_24_24_i_1_n_0 |                      |                8 |             32 |         4.00 |
|  CLK_IBUF_BUFG | dmem/mem_reg_21248_21503_24_24_i_1_n_0 |                      |                8 |             32 |         4.00 |
|  CLK_IBUF_BUFG | dmem/mem_reg_20480_20735_8_8_i_1_n_0   |                      |                8 |             32 |         4.00 |
|  CLK_IBUF_BUFG | dmem/mem_reg_2048_2303_0_0_i_1_n_0     |                      |                8 |             32 |         4.00 |
|  CLK_IBUF_BUFG | dmem/mem_reg_2048_2303_24_24_i_1_n_0   |                      |                8 |             32 |         4.00 |
|  CLK_IBUF_BUFG | dmem/mem_reg_2048_2303_8_8_i_1_n_0     |                      |                8 |             32 |         4.00 |
|  CLK_IBUF_BUFG | dmem/mem_reg_20736_20991_0_0_i_1_n_0   |                      |                8 |             32 |         4.00 |
|  CLK_IBUF_BUFG | dmem/mem_reg_20736_20991_16_16_i_1_n_0 |                      |                8 |             32 |         4.00 |
|  CLK_IBUF_BUFG | dmem/mem_reg_20736_20991_24_24_i_1_n_0 |                      |                8 |             32 |         4.00 |
|  CLK_IBUF_BUFG | dmem/mem_reg_20736_20991_8_8_i_1_n_0   |                      |                8 |             32 |         4.00 |
|  CLK_IBUF_BUFG | dmem/mem_reg_20992_21247_0_0_i_1_n_0   |                      |                8 |             32 |         4.00 |
|  CLK_IBUF_BUFG | dmem/mem_reg_20992_21247_16_16_i_1_n_0 |                      |                8 |             32 |         4.00 |
|  CLK_IBUF_BUFG | dmem/mem_reg_20992_21247_24_24_i_1_n_0 |                      |                8 |             32 |         4.00 |
|  CLK_IBUF_BUFG | dmem/mem_reg_20992_21247_8_8_i_1_n_0   |                      |                8 |             32 |         4.00 |
|  CLK_IBUF_BUFG | dmem/mem_reg_21248_21503_0_0_i_1_n_0   |                      |                8 |             32 |         4.00 |
|  CLK_IBUF_BUFG | dmem/mem_reg_21248_21503_16_16_i_1_n_0 |                      |                8 |             32 |         4.00 |
|  CLK_IBUF_BUFG | dmem/mem_reg_25856_26111_8_8_i_1_n_0   |                      |                8 |             32 |         4.00 |
|  CLK_IBUF_BUFG | dmem/mem_reg_20480_20735_16_16_i_1_n_0 |                      |                8 |             32 |         4.00 |
|  CLK_IBUF_BUFG | dmem/mem_reg_20480_20735_0_0_i_1_n_0   |                      |                8 |             32 |         4.00 |
|  CLK_IBUF_BUFG | dmem/mem_reg_20224_20479_8_8_i_1_n_0   |                      |                8 |             32 |         4.00 |
|  CLK_IBUF_BUFG | dmem/mem_reg_20224_20479_24_24_i_1_n_0 |                      |                8 |             32 |         4.00 |
|  CLK_IBUF_BUFG | dmem/mem_reg_20224_20479_16_16_i_1_n_0 |                      |                8 |             32 |         4.00 |
|  CLK_IBUF_BUFG | dmem/mem_reg_20224_20479_0_0_i_1_n_0   |                      |                8 |             32 |         4.00 |
|  CLK_IBUF_BUFG | dmem/mem_reg_19968_20223_8_8_i_1_n_0   |                      |                8 |             32 |         4.00 |
|  CLK_IBUF_BUFG | dmem/mem_reg_19968_20223_24_24_i_1_n_0 |                      |                8 |             32 |         4.00 |
|  CLK_IBUF_BUFG | dmem/mem_reg_19968_20223_16_16_i_1_n_0 |                      |                8 |             32 |         4.00 |
|  CLK_IBUF_BUFG | dmem/mem_reg_19968_20223_0_0_i_1_n_0   |                      |                8 |             32 |         4.00 |
|  CLK_IBUF_BUFG | dmem/mem_reg_26368_26623_24_24_i_1_n_0 |                      |                8 |             32 |         4.00 |
|  CLK_IBUF_BUFG | dmem/mem_reg_26368_26623_16_16_i_1_n_0 |                      |                8 |             32 |         4.00 |
|  CLK_IBUF_BUFG | dmem/mem_reg_26368_26623_0_0_i_1_n_0   |                      |                8 |             32 |         4.00 |
|  CLK_IBUF_BUFG | dmem/mem_reg_26112_26367_16_16_i_1_n_0 |                      |                8 |             32 |         4.00 |
|  CLK_IBUF_BUFG | dmem/mem_reg_26112_26367_0_0_i_1_n_0   |                      |                8 |             32 |         4.00 |
|  CLK_IBUF_BUFG | dmem/mem_reg_6144_6399_16_16_i_1_n_0   |                      |                8 |             32 |         4.00 |
|  CLK_IBUF_BUFG | dmem/mem_reg_22528_22783_0_0_i_1_n_0   |                      |                8 |             32 |         4.00 |
|  CLK_IBUF_BUFG | dmem/mem_reg_6144_6399_24_24_i_1_n_0   |                      |                8 |             32 |         4.00 |
|  CLK_IBUF_BUFG | dmem/mem_reg_6144_6399_0_0_i_1_n_0     |                      |                8 |             32 |         4.00 |
|  CLK_IBUF_BUFG | dmem/mem_reg_5888_6143_8_8_i_1_n_0     |                      |                8 |             32 |         4.00 |
|  CLK_IBUF_BUFG | dmem/mem_reg_32000_32255_8_8_i_1_n_0   |                      |                8 |             32 |         4.00 |
|  CLK_IBUF_BUFG | dmem/mem_reg_32000_32255_24_24_i_1_n_0 |                      |                8 |             32 |         4.00 |
|  CLK_IBUF_BUFG | dmem/mem_reg_32000_32255_16_16_i_1_n_0 |                      |                8 |             32 |         4.00 |
|  CLK_IBUF_BUFG | dmem/mem_reg_32000_32255_0_0_i_1_n_0   |                      |                8 |             32 |         4.00 |
|  CLK_IBUF_BUFG | dmem/mem_reg_31744_31999_8_8_i_1_n_0   |                      |                8 |             32 |         4.00 |
|  CLK_IBUF_BUFG | dmem/mem_reg_0_255_0_0_i_2_n_0         |                      |                8 |             32 |         4.00 |
|  CLK_IBUF_BUFG | dmem/mem_reg_19456_19711_24_24_i_1_n_0 |                      |                8 |             32 |         4.00 |
|  CLK_IBUF_BUFG | dmem/mem_reg_22784_23039_16_16_i_1_n_0 |                      |                8 |             32 |         4.00 |
|  CLK_IBUF_BUFG | dmem/mem_reg_22784_23039_0_0_i_1_n_0   |                      |                8 |             32 |         4.00 |
|  CLK_IBUF_BUFG | dmem/mem_reg_22528_22783_8_8_i_1_n_0   |                      |                8 |             32 |         4.00 |
|  CLK_IBUF_BUFG | dmem/mem_reg_22528_22783_24_24_i_1_n_0 |                      |                8 |             32 |         4.00 |
|  CLK_IBUF_BUFG | dmem/mem_reg_22528_22783_16_16_i_1_n_0 |                      |                8 |             32 |         4.00 |
|  CLK_IBUF_BUFG | dmem/mem_reg_21504_21759_0_0_i_1_n_0   |                      |                8 |             32 |         4.00 |
|  CLK_IBUF_BUFG | dmem/mem_reg_22272_22527_8_8_i_1_n_0   |                      |                8 |             32 |         4.00 |
|  CLK_IBUF_BUFG | dmem/mem_reg_22272_22527_24_24_i_1_n_0 |                      |                8 |             32 |         4.00 |
|  CLK_IBUF_BUFG | dmem/mem_reg_22272_22527_16_16_i_1_n_0 |                      |                8 |             32 |         4.00 |
|  CLK_IBUF_BUFG | dmem/mem_reg_22272_22527_0_0_i_1_n_0   |                      |                8 |             32 |         4.00 |
|  CLK_IBUF_BUFG | dmem/mem_reg_22016_22271_8_8_i_1_n_0   |                      |                8 |             32 |         4.00 |
|  CLK_IBUF_BUFG | dmem/mem_reg_22016_22271_24_24_i_1_n_0 |                      |                8 |             32 |         4.00 |
|  CLK_IBUF_BUFG | dmem/mem_reg_22016_22271_16_16_i_1_n_0 |                      |                8 |             32 |         4.00 |
|  CLK_IBUF_BUFG | dmem/mem_reg_22016_22271_0_0_i_1_n_0   |                      |                8 |             32 |         4.00 |
|  CLK_IBUF_BUFG | dmem/mem_reg_21760_22015_8_8_i_1_n_0   |                      |                8 |             32 |         4.00 |
|  CLK_IBUF_BUFG | dmem/mem_reg_21760_22015_24_24_i_1_n_0 |                      |                8 |             32 |         4.00 |
|  CLK_IBUF_BUFG | dmem/mem_reg_21760_22015_16_16_i_1_n_0 |                      |                8 |             32 |         4.00 |
|  CLK_IBUF_BUFG | dmem/mem_reg_21760_22015_0_0_i_1_n_0   |                      |                8 |             32 |         4.00 |
|  CLK_IBUF_BUFG | dmem/mem_reg_21504_21759_8_8_i_1_n_0   |                      |                8 |             32 |         4.00 |
|  CLK_IBUF_BUFG | dmem/mem_reg_21504_21759_24_24_i_1_n_0 |                      |                8 |             32 |         4.00 |
|  CLK_IBUF_BUFG | dmem/mem_reg_21504_21759_16_16_i_1_n_0 |                      |                8 |             32 |         4.00 |
|  CLK_IBUF_BUFG | dmem/mem_reg_13568_13823_16_16_i_1_n_0 |                      |                8 |             32 |         4.00 |
|  CLK_IBUF_BUFG | dmem/mem_reg_15104_15359_8_8_i_1_n_0   |                      |                8 |             32 |         4.00 |
|  CLK_IBUF_BUFG | dmem/mem_reg_14848_15103_8_8_i_1_n_0   |                      |                8 |             32 |         4.00 |
|  CLK_IBUF_BUFG | dmem/mem_reg_14592_14847_24_24_i_1_n_0 |                      |                8 |             32 |         4.00 |
|  CLK_IBUF_BUFG | dmem/mem_reg_14592_14847_16_16_i_1_n_0 |                      |                8 |             32 |         4.00 |
|  CLK_IBUF_BUFG | dmem/mem_reg_14592_14847_0_0_i_1_n_0   |                      |                8 |             32 |         4.00 |
|  CLK_IBUF_BUFG | dmem/mem_reg_14336_14591_16_16_i_1_n_0 |                      |                8 |             32 |         4.00 |
|  CLK_IBUF_BUFG | dmem/mem_reg_14080_14335_24_24_i_1_n_0 |                      |                8 |             32 |         4.00 |
|  CLK_IBUF_BUFG | dmem/mem_reg_14080_14335_16_16_i_1_n_0 |                      |                8 |             32 |         4.00 |
|  CLK_IBUF_BUFG | dmem/mem_reg_14080_14335_0_0_i_1_n_0   |                      |                8 |             32 |         4.00 |
|  CLK_IBUF_BUFG | dmem/mem_reg_13824_14079_8_8_i_1_n_0   |                      |                8 |             32 |         4.00 |
|  CLK_IBUF_BUFG | dmem/mem_reg_13824_14079_24_24_i_1_n_0 |                      |                8 |             32 |         4.00 |
|  CLK_IBUF_BUFG | dmem/mem_reg_13824_14079_16_16_i_1_n_0 |                      |                8 |             32 |         4.00 |
|  CLK_IBUF_BUFG | dmem/mem_reg_13824_14079_0_0_i_1_n_0   |                      |                8 |             32 |         4.00 |
|  CLK_IBUF_BUFG | dmem/mem_reg_13568_13823_8_8_i_1_n_0   |                      |                8 |             32 |         4.00 |
|  CLK_IBUF_BUFG | dmem/mem_reg_13568_13823_24_24_i_1_n_0 |                      |                8 |             32 |         4.00 |
|  CLK_IBUF_BUFG | dmem/mem_reg_15360_15615_0_0_i_1_n_0   |                      |                8 |             32 |         4.00 |
|  CLK_IBUF_BUFG | dmem/mem_reg_13312_13567_24_24_i_1_n_0 |                      |                8 |             32 |         4.00 |
|  CLK_IBUF_BUFG | dmem/mem_reg_13056_13311_24_24_i_1_n_0 |                      |                8 |             32 |         4.00 |
|  CLK_IBUF_BUFG | dmem/mem_reg_1280_1535_16_16_i_1_n_0   |                      |                8 |             32 |         4.00 |
|  CLK_IBUF_BUFG | dmem/mem_reg_12800_13055_24_24_i_1_n_0 |                      |                8 |             32 |         4.00 |
|  CLK_IBUF_BUFG | dmem/mem_reg_12544_12799_8_8_i_1_n_0   |                      |                8 |             32 |         4.00 |
|  CLK_IBUF_BUFG | dmem/mem_reg_12288_12543_8_8_i_1_n_0   |                      |                8 |             32 |         4.00 |
|  CLK_IBUF_BUFG | dmem/mem_reg_12032_12287_16_16_i_1_n_0 |                      |                8 |             32 |         4.00 |
|  CLK_IBUF_BUFG | dmem/mem_reg_12032_12287_0_0_i_1_n_0   |                      |                8 |             32 |         4.00 |
|  CLK_IBUF_BUFG | dmem/mem_reg_11776_12031_24_24_i_1_n_0 |                      |                8 |             32 |         4.00 |
|  CLK_IBUF_BUFG | dmem/mem_reg_11776_12031_0_0_i_1_n_0   |                      |                8 |             32 |         4.00 |
|  CLK_IBUF_BUFG | dmem/mem_reg_11520_11775_8_8_i_1_n_0   |                      |                8 |             32 |         4.00 |
|  CLK_IBUF_BUFG | dmem/mem_reg_11520_11775_24_24_i_1_n_0 |                      |                8 |             32 |         4.00 |
|  CLK_IBUF_BUFG | dmem/mem_reg_11520_11775_0_0_i_1_n_0   |                      |                8 |             32 |         4.00 |
|  CLK_IBUF_BUFG | dmem/mem_reg_11008_11263_0_0_i_1_n_0   |                      |                8 |             32 |         4.00 |
|  CLK_IBUF_BUFG | dmem/mem_reg_10752_11007_8_8_i_1_n_0   |                      |                8 |             32 |         4.00 |
|  CLK_IBUF_BUFG | dmem/mem_reg_16896_17151_16_16_i_1_n_0 |                      |                8 |             32 |         4.00 |
|  CLK_IBUF_BUFG | dmem/mem_reg_25856_26111_0_0_i_1_n_0   |                      |                8 |             32 |         4.00 |
|  CLK_IBUF_BUFG | dmem/mem_reg_256_511_8_8_i_1_n_0       |                      |                8 |             32 |         4.00 |
|  CLK_IBUF_BUFG | dmem/mem_reg_256_511_24_24_i_1_n_0     |                      |                8 |             32 |         4.00 |
|  CLK_IBUF_BUFG | dmem/mem_reg_256_511_16_16_i_1_n_0     |                      |                8 |             32 |         4.00 |
|  CLK_IBUF_BUFG | dmem/mem_reg_256_511_0_0_i_1_n_0       |                      |                8 |             32 |         4.00 |
|  CLK_IBUF_BUFG | dmem/mem_reg_2560_2815_8_8_i_1_n_0     |                      |                8 |             32 |         4.00 |
|  CLK_IBUF_BUFG | dmem/mem_reg_2560_2815_24_24_i_1_n_0   |                      |                8 |             32 |         4.00 |
|  CLK_IBUF_BUFG | dmem/mem_reg_2560_2815_16_16_i_1_n_0   |                      |                8 |             32 |         4.00 |
|  CLK_IBUF_BUFG | dmem/mem_reg_2560_2815_0_0_i_1_n_0     |                      |                8 |             32 |         4.00 |
|  CLK_IBUF_BUFG | dmem/mem_reg_25600_25855_8_8_i_1_n_0   |                      |                8 |             32 |         4.00 |
|  CLK_IBUF_BUFG | dmem/mem_reg_30720_30975_16_16_i_1_n_0 |                      |                8 |             32 |         4.00 |
|  CLK_IBUF_BUFG | dmem/mem_reg_26880_27135_24_24_i_1_n_0 |                      |                8 |             32 |         4.00 |
|  CLK_IBUF_BUFG | dmem/mem_reg_27648_27903_0_0_i_1_n_0   |                      |                8 |             32 |         4.00 |
|  CLK_IBUF_BUFG | dmem/mem_reg_28416_28671_16_16_i_1_n_0 |                      |                8 |             32 |         4.00 |
|  CLK_IBUF_BUFG | dmem/mem_reg_26880_27135_8_8_i_1_n_0   |                      |                8 |             32 |         4.00 |
|  CLK_IBUF_BUFG | dmem/mem_reg_25856_26111_24_24_i_1_n_0 |                      |                8 |             32 |         4.00 |
|  CLK_IBUF_BUFG | dmem/mem_reg_16896_17151_0_0_i_1_n_0   |                      |                8 |             32 |         4.00 |
|  CLK_IBUF_BUFG | dmem/mem_reg_16384_16639_16_16_i_2_n_0 |                      |                8 |             32 |         4.00 |
|  CLK_IBUF_BUFG | dmem/mem_reg_17152_17407_8_8_i_1_n_0   |                      |                8 |             32 |         4.00 |
|  CLK_IBUF_BUFG | dmem/mem_reg_2816_3071_16_16_i_1_n_0   |                      |                8 |             32 |         4.00 |
|  CLK_IBUF_BUFG | dmem/mem_reg_28160_28415_8_8_i_1_n_0   |                      |                8 |             32 |         4.00 |
|  CLK_IBUF_BUFG | dmem/mem_reg_27648_27903_16_16_i_1_n_0 |                      |                8 |             32 |         4.00 |
|  CLK_IBUF_BUFG | dmem/mem_reg_27392_27647_24_24_i_1_n_0 |                      |                8 |             32 |         4.00 |
|  CLK_IBUF_BUFG | dmem/mem_reg_27392_27647_16_16_i_1_n_0 |                      |                8 |             32 |         4.00 |
|  CLK_IBUF_BUFG | dmem/mem_reg_27392_27647_0_0_i_1_n_0   |                      |                8 |             32 |         4.00 |
|  CLK_IBUF_BUFG | dmem/mem_reg_27136_27391_8_8_i_1_n_0   |                      |                8 |             32 |         4.00 |
|  CLK_IBUF_BUFG | dmem/mem_reg_1536_1791_24_24_i_1_n_0   |                      |                8 |             32 |         4.00 |
|  CLK_IBUF_BUFG | dmem/mem_reg_1536_1791_16_16_i_1_n_0   |                      |                8 |             32 |         4.00 |
|  CLK_IBUF_BUFG | dmem/mem_reg_1536_1791_0_0_i_1_n_0     |                      |                8 |             32 |         4.00 |
|  CLK_IBUF_BUFG | dmem/mem_reg_15360_15615_8_8_i_1_n_0   |                      |                8 |             32 |         4.00 |
|  CLK_IBUF_BUFG | dmem/mem_reg_15360_15615_24_24_i_1_n_0 |                      |                8 |             32 |         4.00 |
|  CLK_IBUF_BUFG | dmem/mem_reg_24064_24319_0_0_i_1_n_0   |                      |                8 |             32 |         4.00 |
|  CLK_IBUF_BUFG | dmem/mem_reg_23296_23551_16_16_i_1_n_0 |                      |                8 |             32 |         4.00 |
|  CLK_IBUF_BUFG | dmem/mem_reg_23296_23551_8_8_i_1_n_0   |                      |                8 |             32 |         4.00 |
|  CLK_IBUF_BUFG | dmem/mem_reg_23552_23807_0_0_i_1_n_0   |                      |                8 |             32 |         4.00 |
|  CLK_IBUF_BUFG | dmem/mem_reg_23552_23807_16_16_i_1_n_0 |                      |                8 |             32 |         4.00 |
|  CLK_IBUF_BUFG | dmem/mem_reg_23552_23807_24_24_i_1_n_0 |                      |                8 |             32 |         4.00 |
|  CLK_IBUF_BUFG | dmem/mem_reg_23808_24063_16_16_i_1_n_0 |                      |                8 |             32 |         4.00 |
|  CLK_IBUF_BUFG | dmem/mem_reg_23808_24063_24_24_i_1_n_0 |                      |                8 |             32 |         4.00 |
|  CLK_IBUF_BUFG | dmem/mem_reg_23808_24063_8_8_i_1_n_0   |                      |                8 |             32 |         4.00 |
|  CLK_IBUF_BUFG | dmem/mem_reg_23296_23551_0_0_i_1_n_0   |                      |                8 |             32 |         4.00 |
|  CLK_IBUF_BUFG | dmem/mem_reg_24064_24319_16_16_i_1_n_0 |                      |                8 |             32 |         4.00 |
|  CLK_IBUF_BUFG | dmem/mem_reg_24064_24319_8_8_i_1_n_0   |                      |                8 |             32 |         4.00 |
|  CLK_IBUF_BUFG | dmem/mem_reg_24320_24575_16_16_i_1_n_0 |                      |                8 |             32 |         4.00 |
|  CLK_IBUF_BUFG | dmem/mem_reg_24320_24575_24_24_i_1_n_0 |                      |                8 |             32 |         4.00 |
|  CLK_IBUF_BUFG | dmem/mem_reg_24320_24575_8_8_i_1_n_0   |                      |                8 |             32 |         4.00 |
|  CLK_IBUF_BUFG | dmem/mem_reg_24576_24831_0_0_i_2_n_0   |                      |                8 |             32 |         4.00 |
|  CLK_IBUF_BUFG | dmem/mem_reg_24576_24831_16_16_i_2_n_0 |                      |                8 |             32 |         4.00 |
|  CLK_IBUF_BUFG | dmem/mem_reg_24576_24831_24_24_i_2_n_0 |                      |                8 |             32 |         4.00 |
|  CLK_IBUF_BUFG | dmem/mem_reg_2304_2559_8_8_i_1_n_0     |                      |                8 |             32 |         4.00 |
|  CLK_IBUF_BUFG | dmem/mem_reg_2304_2559_24_24_i_1_n_0   |                      |                8 |             32 |         4.00 |
|  CLK_IBUF_BUFG | dmem/mem_reg_2304_2559_16_16_i_1_n_0   |                      |                8 |             32 |         4.00 |
|  CLK_IBUF_BUFG | dmem/mem_reg_2304_2559_0_0_i_1_n_0     |                      |                8 |             32 |         4.00 |
|  CLK_IBUF_BUFG | dmem/mem_reg_23040_23295_8_8_i_1_n_0   |                      |                8 |             32 |         4.00 |
|  CLK_IBUF_BUFG | dmem/mem_reg_23040_23295_24_24_i_1_n_0 |                      |                8 |             32 |         4.00 |
|  CLK_IBUF_BUFG | dmem/mem_reg_23040_23295_16_16_i_1_n_0 |                      |                8 |             32 |         4.00 |
|  CLK_IBUF_BUFG | dmem/mem_reg_23040_23295_0_0_i_1_n_0   |                      |                8 |             32 |         4.00 |
|  CLK_IBUF_BUFG | dmem/mem_reg_22784_23039_8_8_i_1_n_0   |                      |                8 |             32 |         4.00 |
|  CLK_IBUF_BUFG | dmem/mem_reg_19200_19455_0_0_i_1_n_0   |                      |                8 |             32 |         4.00 |
|  CLK_IBUF_BUFG | dmem/mem_reg_18944_19199_24_24_i_1_n_0 |                      |                8 |             32 |         4.00 |
|  CLK_IBUF_BUFG | dmem/mem_reg_18944_19199_16_16_i_1_n_0 |                      |                8 |             32 |         4.00 |
|  CLK_IBUF_BUFG | dmem/mem_reg_16640_16895_24_24_i_1_n_0 |                      |                8 |             32 |         4.00 |
|  CLK_IBUF_BUFG | dmem/mem_reg_16640_16895_16_16_i_1_n_0 |                      |                8 |             32 |         4.00 |
|  CLK_IBUF_BUFG | dmem/mem_reg_16384_16639_8_8_i_2_n_0   |                      |                8 |             32 |         4.00 |
|  CLK_IBUF_BUFG | dmem/mem_reg_17152_17407_16_16_i_1_n_0 |                      |                8 |             32 |         4.00 |
|  iDATAO        |                                        |                      |               27 |             32 |         1.19 |
|  CLK_IBUF_BUFG | IF_ID_IR[31]_i_2_n_0                   | RST                  |               16 |             32 |         2.00 |
|  CLK_IBUF_BUFG | dmem/mem_reg_25344_25599_0_0_i_1_n_0   |                      |                8 |             32 |         4.00 |
|  CLK_IBUF_BUFG | dmem/mem_reg_24064_24319_24_24_i_1_n_0 |                      |                8 |             32 |         4.00 |
|  CLK_IBUF_BUFG | dmem/mem_reg_27136_27391_16_16_i_1_n_0 |                      |                8 |             32 |         4.00 |
|  CLK_IBUF_BUFG | dmem/mem_reg_16640_16895_8_8_i_1_n_0   |                      |                8 |             32 |         4.00 |
|  CLK_IBUF_BUFG | dmem/mem_reg_16384_16639_24_24_i_2_n_0 |                      |                8 |             32 |         4.00 |
|  CLK_IBUF_BUFG | dmem/mem_reg_23296_23551_24_24_i_1_n_0 |                      |                8 |             32 |         4.00 |
|  CLK_IBUF_BUFG | dmem/mem_reg_19200_19455_24_24_i_1_n_0 |                      |                8 |             32 |         4.00 |
|  CLK_IBUF_BUFG | dmem/mem_reg_18944_19199_8_8_i_1_n_0   |                      |                8 |             32 |         4.00 |
|  CLK_IBUF_BUFG | dmem/mem_reg_30720_30975_24_24_i_1_n_0 |                      |                8 |             32 |         4.00 |
|  CLK_IBUF_BUFG | dmem/mem_reg_26624_26879_24_24_i_1_n_0 |                      |                8 |             32 |         4.00 |
|  CLK_IBUF_BUFG | dmem/mem_reg_26624_26879_0_0_i_1_n_0   |                      |                8 |             32 |         4.00 |
|  CLK_IBUF_BUFG | dmem/mem_reg_26368_26623_8_8_i_1_n_0   |                      |                8 |             32 |         4.00 |
|  CLK_IBUF_BUFG | dmem/mem_reg_17152_17407_24_24_i_1_n_0 |                      |                8 |             32 |         4.00 |
|  CLK_IBUF_BUFG | dmem/mem_reg_25344_25599_16_16_i_1_n_0 |                      |                8 |             32 |         4.00 |
|  CLK_IBUF_BUFG | dmem/mem_reg_28672_28927_0_0_i_1_n_0   |                      |                8 |             32 |         4.00 |
|  CLK_IBUF_BUFG | dmem/mem_reg_28416_28671_8_8_i_1_n_0   |                      |                8 |             32 |         4.00 |
|  CLK_IBUF_BUFG | dmem/mem_reg_28416_28671_24_24_i_1_n_0 |                      |                8 |             32 |         4.00 |
|  CLK_IBUF_BUFG | dmem/mem_reg_27904_28159_16_16_i_1_n_0 |                      |                8 |             32 |         4.00 |
|  CLK_IBUF_BUFG | dmem/mem_reg_17408_17663_8_8_i_1_n_0   |                      |                8 |             32 |         4.00 |
|  CLK_IBUF_BUFG | dmem/mem_reg_25600_25855_24_24_i_1_n_0 |                      |                8 |             32 |         4.00 |
|  CLK_IBUF_BUFG | dmem/mem_reg_25600_25855_16_16_i_1_n_0 |                      |                8 |             32 |         4.00 |
|  CLK_IBUF_BUFG | dmem/mem_reg_25600_25855_0_0_i_1_n_0   |                      |                8 |             32 |         4.00 |
|  CLK_IBUF_BUFG | dmem/mem_reg_25344_25599_24_24_i_1_n_0 |                      |                8 |             32 |         4.00 |
|  CLK_IBUF_BUFG | dmem/mem_reg_25088_25343_8_8_i_1_n_0   |                      |                8 |             32 |         4.00 |
|  CLK_IBUF_BUFG | dmem/mem_reg_25088_25343_24_24_i_1_n_0 |                      |                8 |             32 |         4.00 |
|  CLK_IBUF_BUFG | dmem/mem_reg_25088_25343_0_0_i_1_n_0   |                      |                8 |             32 |         4.00 |
|  CLK_IBUF_BUFG | dmem/mem_reg_24832_25087_8_8_i_1_n_0   |                      |                8 |             32 |         4.00 |
|  CLK_IBUF_BUFG | dmem/mem_reg_24832_25087_24_24_i_1_n_0 |                      |                8 |             32 |         4.00 |
|  CLK_IBUF_BUFG | dmem/mem_reg_24832_25087_0_0_i_1_n_0   |                      |                8 |             32 |         4.00 |
|  CLK_IBUF_BUFG | dmem/mem_reg_7424_7679_0_0_i_1_n_0     |                      |                8 |             32 |         4.00 |
|  CLK_IBUF_BUFG | dmem/mem_reg_8192_8447_0_0_i_2_n_0     |                      |                8 |             32 |         4.00 |
|  CLK_IBUF_BUFG | dmem/mem_reg_7936_8191_8_8_i_1_n_0     |                      |                8 |             32 |         4.00 |
|  CLK_IBUF_BUFG | dmem/mem_reg_7936_8191_16_16_i_1_n_0   |                      |                8 |             32 |         4.00 |
|  CLK_IBUF_BUFG | dmem/mem_reg_7936_8191_0_0_i_1_n_0     |                      |                8 |             32 |         4.00 |
|  CLK_IBUF_BUFG | dmem/mem_reg_768_1023_8_8_i_1_n_0      |                      |                8 |             32 |         4.00 |
|  CLK_IBUF_BUFG | dmem/mem_reg_768_1023_24_24_i_1_n_0    |                      |                8 |             32 |         4.00 |
|  CLK_IBUF_BUFG | dmem/mem_reg_768_1023_16_16_i_1_n_0    |                      |                8 |             32 |         4.00 |
|  CLK_IBUF_BUFG | dmem/mem_reg_768_1023_0_0_i_1_n_0      |                      |                8 |             32 |         4.00 |
|  CLK_IBUF_BUFG | dmem/mem_reg_7680_7935_8_8_i_1_n_0     |                      |                8 |             32 |         4.00 |
|  CLK_IBUF_BUFG | dmem/mem_reg_7680_7935_24_24_i_1_n_0   |                      |                8 |             32 |         4.00 |
|  CLK_IBUF_BUFG | dmem/mem_reg_7680_7935_16_16_i_1_n_0   |                      |                8 |             32 |         4.00 |
|  CLK_IBUF_BUFG | dmem/mem_reg_7680_7935_0_0_i_1_n_0     |                      |                8 |             32 |         4.00 |
|  CLK_IBUF_BUFG | dmem/mem_reg_7424_7679_8_8_i_1_n_0     |                      |                8 |             32 |         4.00 |
|  CLK_IBUF_BUFG | dmem/mem_reg_7424_7679_24_24_i_1_n_0   |                      |                8 |             32 |         4.00 |
|  CLK_IBUF_BUFG | dmem/mem_reg_7424_7679_16_16_i_1_n_0   |                      |                8 |             32 |         4.00 |
|  CLK_IBUF_BUFG | dmem/mem_reg_8192_8447_16_16_i_2_n_0   |                      |                8 |             32 |         4.00 |
|  CLK_IBUF_BUFG | dmem/mem_reg_7168_7423_8_8_i_1_n_0     |                      |                8 |             32 |         4.00 |
|  CLK_IBUF_BUFG | dmem/mem_reg_7168_7423_24_24_i_1_n_0   |                      |                8 |             32 |         4.00 |
|  CLK_IBUF_BUFG | dmem/mem_reg_7168_7423_16_16_i_1_n_0   |                      |                8 |             32 |         4.00 |
|  CLK_IBUF_BUFG | dmem/mem_reg_7168_7423_0_0_i_1_n_0     |                      |                8 |             32 |         4.00 |
|  CLK_IBUF_BUFG | dmem/mem_reg_6912_7167_8_8_i_1_n_0     |                      |                8 |             32 |         4.00 |
|  CLK_IBUF_BUFG | dmem/mem_reg_6912_7167_16_16_i_1_n_0   |                      |                8 |             32 |         4.00 |
|  CLK_IBUF_BUFG | dmem/mem_reg_6912_7167_0_0_i_1_n_0     |                      |                8 |             32 |         4.00 |
|  CLK_IBUF_BUFG | dmem/mem_reg_6656_6911_8_8_i_1_n_0     |                      |                8 |             32 |         4.00 |
|  CLK_IBUF_BUFG | dmem/mem_reg_6656_6911_24_24_i_1_n_0   |                      |                8 |             32 |         4.00 |
|  CLK_IBUF_BUFG | dmem/mem_reg_6656_6911_16_16_i_1_n_0   |                      |                8 |             32 |         4.00 |
|  CLK_IBUF_BUFG | dmem/mem_reg_6656_6911_0_0_i_1_n_0     |                      |                8 |             32 |         4.00 |
|  CLK_IBUF_BUFG | dmem/mem_reg_6400_6655_8_8_i_1_n_0     |                      |                8 |             32 |         4.00 |
|  CLK_IBUF_BUFG | dmem/mem_reg_6400_6655_24_24_i_1_n_0   |                      |                8 |             32 |         4.00 |
|  CLK_IBUF_BUFG | dmem/mem_reg_6400_6655_0_0_i_1_n_0     |                      |                8 |             32 |         4.00 |
|  CLK_IBUF_BUFG | dmem/mem_reg_6144_6399_8_8_i_1_n_0     |                      |                8 |             32 |         4.00 |
|  CLK_IBUF_BUFG | dmem/mem_reg_9216_9471_24_24_i_1_n_0   |                      |                8 |             32 |         4.00 |
|  CLK_IBUF_BUFG | dmem/mem_reg_23808_24063_0_0_i_1_n_0   |                      |                8 |             32 |         4.00 |
|  CLK_IBUF_BUFG | dmem/mem_reg_23552_23807_8_8_i_1_n_0   |                      |                8 |             32 |         4.00 |
|  CLK_IBUF_BUFG | dmem/mem_reg_9984_10239_8_8_i_1_n_0    |                      |                8 |             32 |         4.00 |
|  CLK_IBUF_BUFG | dmem/mem_reg_9984_10239_24_24_i_1_n_0  |                      |                8 |             32 |         4.00 |
|  CLK_IBUF_BUFG | dmem/mem_reg_9984_10239_16_16_i_1_n_0  |                      |                8 |             32 |         4.00 |
|  CLK_IBUF_BUFG | dmem/mem_reg_9984_10239_0_0_i_1_n_0    |                      |                8 |             32 |         4.00 |
|  CLK_IBUF_BUFG | dmem/mem_reg_9728_9983_8_8_i_1_n_0     |                      |                8 |             32 |         4.00 |
|  CLK_IBUF_BUFG | dmem/mem_reg_9728_9983_24_24_i_1_n_0   |                      |                8 |             32 |         4.00 |
|  CLK_IBUF_BUFG | dmem/mem_reg_9728_9983_16_16_i_1_n_0   |                      |                8 |             32 |         4.00 |
|  CLK_IBUF_BUFG | dmem/mem_reg_9728_9983_0_0_i_1_n_0     |                      |                8 |             32 |         4.00 |
|  CLK_IBUF_BUFG | dmem/mem_reg_9472_9727_8_8_i_1_n_0     |                      |                8 |             32 |         4.00 |
|  CLK_IBUF_BUFG | dmem/mem_reg_9472_9727_24_24_i_1_n_0   |                      |                8 |             32 |         4.00 |
|  CLK_IBUF_BUFG | dmem/mem_reg_9472_9727_16_16_i_1_n_0   |                      |                8 |             32 |         4.00 |
|  CLK_IBUF_BUFG | dmem/mem_reg_9472_9727_0_0_i_1_n_0     |                      |                8 |             32 |         4.00 |
|  CLK_IBUF_BUFG | dmem/mem_reg_9216_9471_8_8_i_1_n_0     |                      |                8 |             32 |         4.00 |
|  CLK_IBUF_BUFG | dmem/mem_reg_10752_11007_0_0_i_1_n_0   |                      |                8 |             32 |         4.00 |
|  CLK_IBUF_BUFG | dmem/mem_reg_9216_9471_16_16_i_1_n_0   |                      |                8 |             32 |         4.00 |
|  CLK_IBUF_BUFG | dmem/mem_reg_9216_9471_0_0_i_1_n_0     |                      |                8 |             32 |         4.00 |
|  CLK_IBUF_BUFG | dmem/mem_reg_8960_9215_8_8_i_1_n_0     |                      |                8 |             32 |         4.00 |
|  CLK_IBUF_BUFG | dmem/mem_reg_8960_9215_24_24_i_1_n_0   |                      |                8 |             32 |         4.00 |
|  CLK_IBUF_BUFG | dmem/mem_reg_8960_9215_16_16_i_1_n_0   |                      |                8 |             32 |         4.00 |
|  CLK_IBUF_BUFG | dmem/mem_reg_8960_9215_0_0_i_1_n_0     |                      |                8 |             32 |         4.00 |
|  CLK_IBUF_BUFG | dmem/mem_reg_8704_8959_8_8_i_1_n_0     |                      |                8 |             32 |         4.00 |
|  CLK_IBUF_BUFG | dmem/mem_reg_8704_8959_24_24_i_1_n_0   |                      |                8 |             32 |         4.00 |
|  CLK_IBUF_BUFG | dmem/mem_reg_8704_8959_16_16_i_1_n_0   |                      |                8 |             32 |         4.00 |
|  CLK_IBUF_BUFG | dmem/mem_reg_8704_8959_0_0_i_1_n_0     |                      |                8 |             32 |         4.00 |
|  CLK_IBUF_BUFG | dmem/mem_reg_8448_8703_8_8_i_1_n_0     |                      |                8 |             32 |         4.00 |
|  CLK_IBUF_BUFG | dmem/mem_reg_8448_8703_24_24_i_1_n_0   |                      |                8 |             32 |         4.00 |
|  CLK_IBUF_BUFG | dmem/mem_reg_8448_8703_16_16_i_1_n_0   |                      |                8 |             32 |         4.00 |
|  CLK_IBUF_BUFG | dmem/mem_reg_8448_8703_0_0_i_1_n_0     |                      |                8 |             32 |         4.00 |
|  CLK_IBUF_BUFG | dmem/mem_reg_8192_8447_24_24_i_2_n_0   |                      |                8 |             32 |         4.00 |
|  CLK_IBUF_BUFG | dmem/mem_reg_27904_28159_24_24_i_1_n_0 |                      |                8 |             32 |         4.00 |
|  CLK_IBUF_BUFG | dmem/mem_reg_11008_11263_24_24_i_1_n_0 |                      |                8 |             32 |         4.00 |
|  CLK_IBUF_BUFG | dmem/mem_reg_11008_11263_16_16_i_1_n_0 |                      |                8 |             32 |         4.00 |
|  CLK_IBUF_BUFG | dmem/mem_reg_10752_11007_24_24_i_1_n_0 |                      |                8 |             32 |         4.00 |
|  CLK_IBUF_BUFG | dmem/mem_reg_10752_11007_16_16_i_1_n_0 |                      |                8 |             32 |         4.00 |
|  CLK_IBUF_BUFG | dmem/mem_reg_10496_10751_24_24_i_1_n_0 |                      |                8 |             32 |         4.00 |
|  CLK_IBUF_BUFG | dmem/mem_reg_10496_10751_16_16_i_1_n_0 |                      |                8 |             32 |         4.00 |
|  CLK_IBUF_BUFG | dmem/mem_reg_10496_10751_0_0_i_1_n_0   |                      |                8 |             32 |         4.00 |
|  CLK_IBUF_BUFG | dmem/mem_reg_1024_1279_8_8_i_1_n_0     |                      |                8 |             32 |         4.00 |
|  CLK_IBUF_BUFG | dmem/mem_reg_10240_10495_16_16_i_1_n_0 |                      |                8 |             32 |         4.00 |
|  CLK_IBUF_BUFG | dmem/mem_reg_0_255_8_8_i_2_n_0         |                      |                8 |             32 |         4.00 |
|  CLK_IBUF_BUFG | dmem/mem_reg_18688_18943_0_0_i_1_n_0   |                      |                8 |             32 |         4.00 |
|  CLK_IBUF_BUFG | dmem/mem_reg_18432_18687_8_8_i_1_n_0   |                      |                8 |             32 |         4.00 |
|  CLK_IBUF_BUFG | dmem/mem_reg_31232_31487_16_16_i_1_n_0 |                      |                8 |             32 |         4.00 |
|  CLK_IBUF_BUFG | dmem/mem_reg_31232_31487_0_0_i_1_n_0   |                      |                8 |             32 |         4.00 |
|  CLK_IBUF_BUFG | dmem/mem_reg_30976_31231_8_8_i_1_n_0   |                      |                8 |             32 |         4.00 |
|  CLK_IBUF_BUFG | dmem/mem_reg_12288_12543_24_24_i_1_n_0 |                      |                8 |             32 |         4.00 |
|  CLK_IBUF_BUFG | dmem/mem_reg_27904_28159_0_0_i_1_n_0   |                      |                8 |             32 |         4.00 |
|  CLK_IBUF_BUFG | dmem/mem_reg_27648_27903_8_8_i_1_n_0   |                      |                8 |             32 |         4.00 |
|  CLK_IBUF_BUFG | dmem/mem_reg_27648_27903_24_24_i_1_n_0 |                      |                8 |             32 |         4.00 |
|  CLK_IBUF_BUFG | dmem/mem_reg_18944_19199_0_0_i_1_n_0   |                      |                8 |             32 |         4.00 |
|  CLK_IBUF_BUFG | dmem/mem_reg_26112_26367_8_8_i_1_n_0   |                      |                8 |             32 |         4.00 |
|  CLK_IBUF_BUFG | dmem/mem_reg_26112_26367_24_24_i_1_n_0 |                      |                8 |             32 |         4.00 |
|  CLK_IBUF_BUFG | dmem/mem_reg_25856_26111_16_16_i_1_n_0 |                      |                8 |             32 |         4.00 |
|  CLK_IBUF_BUFG | dmem/mem_reg_25088_25343_16_16_i_1_n_0 |                      |                8 |             32 |         4.00 |
|  CLK_IBUF_BUFG | dmem/mem_reg_24576_24831_8_8_i_2_n_0   |                      |                8 |             32 |         4.00 |
|  CLK_IBUF_BUFG | dmem/mem_reg_24320_24575_0_0_i_1_n_0   |                      |                8 |             32 |         4.00 |
|  CLK_IBUF_BUFG | dmem/mem_reg_16896_17151_24_24_i_1_n_0 |                      |                8 |             32 |         4.00 |
|  CLK_IBUF_BUFG | dmem/mem_reg_19200_19455_8_8_i_1_n_0   |                      |                8 |             32 |         4.00 |
|  CLK_IBUF_BUFG | dmem/mem_reg_28928_29183_24_24_i_1_n_0 |                      |                8 |             32 |         4.00 |
|  CLK_IBUF_BUFG | dmem/mem_reg_26880_27135_0_0_i_1_n_0   |                      |                8 |             32 |         4.00 |
|  CLK_IBUF_BUFG | dmem/mem_reg_26624_26879_8_8_i_1_n_0   |                      |                8 |             32 |         4.00 |
|  CLK_IBUF_BUFG | dmem/mem_reg_14336_14591_24_24_i_1_n_0 |                      |                8 |             32 |         4.00 |
|  CLK_IBUF_BUFG | dmem/mem_reg_26880_27135_16_16_i_1_n_0 |                      |                8 |             32 |         4.00 |
|  CLK_IBUF_BUFG | dmem/mem_reg_29184_29439_8_8_i_1_n_0   |                      |                8 |             32 |         4.00 |
|  CLK_IBUF_BUFG | dmem/mem_reg_29440_29695_16_16_i_1_n_0 |                      |                8 |             32 |         4.00 |
|  CLK_IBUF_BUFG | dmem/mem_reg_29440_29695_24_24_i_1_n_0 |                      |                8 |             32 |         4.00 |
|  CLK_IBUF_BUFG | dmem/mem_reg_15872_16127_16_16_i_1_n_0 |                      |                8 |             32 |         4.00 |
|  CLK_IBUF_BUFG | dmem/mem_reg_15872_16127_0_0_i_1_n_0   |                      |                8 |             32 |         4.00 |
|  CLK_IBUF_BUFG | dmem/mem_reg_15360_15615_16_16_i_1_n_0 |                      |                8 |             32 |         4.00 |
|  CLK_IBUF_BUFG | dmem/mem_reg_15104_15359_24_24_i_1_n_0 |                      |                8 |             32 |         4.00 |
|  CLK_IBUF_BUFG | dmem/mem_reg_15104_15359_16_16_i_1_n_0 |                      |                8 |             32 |         4.00 |
|  CLK_IBUF_BUFG | dmem/mem_reg_15104_15359_0_0_i_1_n_0   |                      |                8 |             32 |         4.00 |
|  CLK_IBUF_BUFG | dmem/mem_reg_14848_15103_24_24_i_1_n_0 |                      |                8 |             32 |         4.00 |
|  CLK_IBUF_BUFG | dmem/mem_reg_14848_15103_16_16_i_1_n_0 |                      |                8 |             32 |         4.00 |
|  CLK_IBUF_BUFG | dmem/mem_reg_14848_15103_0_0_i_1_n_0   |                      |                8 |             32 |         4.00 |
|  CLK_IBUF_BUFG | dmem/mem_reg_14592_14847_8_8_i_1_n_0   |                      |                8 |             32 |         4.00 |
|  CLK_IBUF_BUFG | dmem/mem_reg_14336_14591_8_8_i_1_n_0   |                      |                8 |             32 |         4.00 |
|  CLK_IBUF_BUFG | dmem/mem_reg_18688_18943_24_24_i_1_n_0 |                      |                8 |             32 |         4.00 |
|  CLK_IBUF_BUFG | dmem/mem_reg_14336_14591_0_0_i_1_n_0   |                      |                8 |             32 |         4.00 |
|  CLK_IBUF_BUFG | dmem/mem_reg_14080_14335_8_8_i_1_n_0   |                      |                8 |             32 |         4.00 |
|  CLK_IBUF_BUFG | dmem/mem_reg_13568_13823_0_0_i_1_n_0   |                      |                8 |             32 |         4.00 |
|  CLK_IBUF_BUFG | dmem/mem_reg_13312_13567_8_8_i_1_n_0   |                      |                8 |             32 |         4.00 |
|  CLK_IBUF_BUFG | dmem/mem_reg_13312_13567_16_16_i_1_n_0 |                      |                8 |             32 |         4.00 |
|  CLK_IBUF_BUFG | dmem/mem_reg_13312_13567_0_0_i_1_n_0   |                      |                8 |             32 |         4.00 |
|  CLK_IBUF_BUFG | dmem/mem_reg_13056_13311_8_8_i_1_n_0   |                      |                8 |             32 |         4.00 |
|  CLK_IBUF_BUFG | dmem/mem_reg_13056_13311_16_16_i_1_n_0 |                      |                8 |             32 |         4.00 |
|  CLK_IBUF_BUFG | dmem/mem_reg_13056_13311_0_0_i_1_n_0   |                      |                8 |             32 |         4.00 |
|  CLK_IBUF_BUFG | dmem/mem_reg_1280_1535_8_8_i_1_n_0     |                      |                8 |             32 |         4.00 |
|  CLK_IBUF_BUFG | dmem/mem_reg_1280_1535_24_24_i_1_n_0   |                      |                8 |             32 |         4.00 |
|  CLK_IBUF_BUFG | dmem/mem_reg_12800_13055_0_0_i_1_n_0   |                      |                8 |             32 |         4.00 |
|  CLK_IBUF_BUFG | dmem/mem_reg_12544_12799_24_24_i_1_n_0 |                      |                8 |             32 |         4.00 |
|  CLK_IBUF_BUFG | dmem/mem_reg_12544_12799_16_16_i_1_n_0 |                      |                8 |             32 |         4.00 |
|  CLK_IBUF_BUFG | dmem/mem_reg_12544_12799_0_0_i_1_n_0   |                      |                8 |             32 |         4.00 |
|  CLK_IBUF_BUFG | dmem/mem_reg_17664_17919_8_8_i_1_n_0   |                      |                8 |             32 |         4.00 |
|  CLK_IBUF_BUFG | dmem/mem_reg_27136_27391_0_0_i_1_n_0   |                      |                8 |             32 |         4.00 |
|  CLK_IBUF_BUFG | dmem/mem_reg_18432_18687_16_16_i_1_n_0 |                      |                8 |             32 |         4.00 |
|  CLK_IBUF_BUFG | dmem/mem_reg_18432_18687_0_0_i_1_n_0   |                      |                8 |             32 |         4.00 |
|  CLK_IBUF_BUFG | dmem/mem_reg_18176_18431_8_8_i_1_n_0   |                      |                8 |             32 |         4.00 |
|  CLK_IBUF_BUFG | dmem/mem_reg_18176_18431_24_24_i_1_n_0 |                      |                8 |             32 |         4.00 |
|  CLK_IBUF_BUFG | dmem/mem_reg_18176_18431_16_16_i_1_n_0 |                      |                8 |             32 |         4.00 |
|  CLK_IBUF_BUFG | dmem/mem_reg_18176_18431_0_0_i_1_n_0   |                      |                8 |             32 |         4.00 |
|  CLK_IBUF_BUFG | dmem/mem_reg_1792_2047_8_8_i_1_n_0     |                      |                8 |             32 |         4.00 |
|  CLK_IBUF_BUFG | dmem/mem_reg_1792_2047_24_24_i_1_n_0   |                      |                8 |             32 |         4.00 |
|  CLK_IBUF_BUFG | dmem/mem_reg_1792_2047_16_16_i_1_n_0   |                      |                8 |             32 |         4.00 |
|  CLK_IBUF_BUFG | dmem/mem_reg_17920_18175_8_8_i_1_n_0   |                      |                8 |             32 |         4.00 |
|  CLK_IBUF_BUFG | dmem/mem_reg_1792_2047_0_0_i_1_n_0     |                      |                8 |             32 |         4.00 |
|  CLK_IBUF_BUFG | dmem/mem_reg_17920_18175_24_24_i_1_n_0 |                      |                8 |             32 |         4.00 |
|  CLK_IBUF_BUFG | dmem/mem_reg_17920_18175_16_16_i_1_n_0 |                      |                8 |             32 |         4.00 |
|  CLK_IBUF_BUFG | dmem/mem_reg_17920_18175_0_0_i_1_n_0   |                      |                8 |             32 |         4.00 |
|  CLK_IBUF_BUFG | dmem/mem_reg_28672_28927_16_16_i_1_n_0 |                      |                8 |             32 |         4.00 |
|  CLK_IBUF_BUFG | dmem/mem_reg_17664_17919_24_24_i_1_n_0 |                      |                8 |             32 |         4.00 |
|  CLK_IBUF_BUFG | dmem/mem_reg_31232_31487_24_24_i_1_n_0 |                      |                8 |             32 |         4.00 |
|  CLK_IBUF_BUFG | dmem/mem_reg_29696_29951_0_0_i_1_n_0   |                      |                8 |             32 |         4.00 |
|  CLK_IBUF_BUFG | dmem/mem_reg_29440_29695_8_8_i_1_n_0   |                      |                8 |             32 |         4.00 |
|  CLK_IBUF_BUFG | dmem/mem_reg_29184_29439_24_24_i_1_n_0 |                      |                8 |             32 |         4.00 |
|  CLK_IBUF_BUFG | dmem/mem_reg_29184_29439_16_16_i_1_n_0 |                      |                8 |             32 |         4.00 |
|  CLK_IBUF_BUFG | dmem/mem_reg_29184_29439_0_0_i_1_n_0   |                      |                8 |             32 |         4.00 |
|  CLK_IBUF_BUFG | dmem/mem_reg_28928_29183_8_8_i_1_n_0   |                      |                8 |             32 |         4.00 |
|  CLK_IBUF_BUFG | dmem/mem_reg_28160_28415_24_24_i_1_n_0 |                      |                8 |             32 |         4.00 |
|  CLK_IBUF_BUFG | dmem/mem_reg_17408_17663_0_0_i_1_n_0   |                      |                8 |             32 |         4.00 |
|  CLK_IBUF_BUFG | dmem/mem_reg_30976_31231_16_16_i_1_n_0 |                      |                8 |             32 |         4.00 |
|  CLK_IBUF_BUFG | dmem/mem_reg_3072_3327_8_8_i_1_n_0     |                      |                8 |             32 |         4.00 |
|  CLK_IBUF_BUFG | dmem/mem_reg_3072_3327_16_16_i_1_n_0   |                      |                8 |             32 |         4.00 |
|  CLK_IBUF_BUFG | dmem/mem_reg_16384_16639_0_0_i_2_n_0   |                      |                8 |             32 |         4.00 |
|  CLK_IBUF_BUFG | dmem/mem_reg_16128_16383_8_8_i_1_n_0   |                      |                8 |             32 |         4.00 |
|  CLK_IBUF_BUFG | dmem/mem_reg_29952_30207_0_0_i_1_n_0   |                      |                8 |             32 |         4.00 |
|  CLK_IBUF_BUFG | dmem/mem_reg_18688_18943_16_16_i_1_n_0 |                      |                8 |             32 |         4.00 |
|  CLK_IBUF_BUFG | dmem/mem_reg_17152_17407_0_0_i_1_n_0   |                      |                8 |             32 |         4.00 |
|  CLK_IBUF_BUFG | dmem/mem_reg_16896_17151_8_8_i_1_n_0   |                      |                8 |             32 |         4.00 |
|  CLK_IBUF_BUFG | dmem/mem_reg_30720_30975_0_0_i_1_n_0   |                      |                8 |             32 |         4.00 |
|  CLK_IBUF_BUFG | dmem/mem_reg_30464_30719_8_8_i_1_n_0   |                      |                8 |             32 |         4.00 |
|  CLK_IBUF_BUFG | dmem/mem_reg_30464_30719_24_24_i_1_n_0 |                      |                8 |             32 |         4.00 |
|  CLK_IBUF_BUFG | dmem/mem_reg_30464_30719_16_16_i_1_n_0 |                      |                8 |             32 |         4.00 |
|  CLK_IBUF_BUFG | dmem/mem_reg_30464_30719_0_0_i_1_n_0   |                      |                8 |             32 |         4.00 |
|  CLK_IBUF_BUFG | dmem/mem_reg_30208_30463_8_8_i_1_n_0   |                      |                8 |             32 |         4.00 |
|  CLK_IBUF_BUFG | dmem/mem_reg_30208_30463_24_24_i_1_n_0 |                      |                8 |             32 |         4.00 |
|  CLK_IBUF_BUFG | dmem/mem_reg_30208_30463_16_16_i_1_n_0 |                      |                8 |             32 |         4.00 |
|  CLK_IBUF_BUFG | dmem/mem_reg_30208_30463_0_0_i_1_n_0   |                      |                8 |             32 |         4.00 |
|  CLK_IBUF_BUFG | dmem/mem_reg_29952_30207_8_8_i_1_n_0   |                      |                8 |             32 |         4.00 |
|  CLK_IBUF_BUFG | dmem/mem_reg_29952_30207_24_24_i_1_n_0 |                      |                8 |             32 |         4.00 |
|  CLK_IBUF_BUFG | dmem/mem_reg_29952_30207_16_16_i_1_n_0 |                      |                8 |             32 |         4.00 |
|  CLK_IBUF_BUFG | dmem/mem_reg_1024_1279_24_24_i_1_n_0   |                      |                8 |             32 |         4.00 |
|  CLK_IBUF_BUFG | dmem/mem_reg_29696_29951_8_8_i_1_n_0   |                      |                8 |             32 |         4.00 |
|  CLK_IBUF_BUFG | dmem/mem_reg_29696_29951_24_24_i_1_n_0 |                      |                8 |             32 |         4.00 |
|  CLK_IBUF_BUFG | dmem/mem_reg_29696_29951_16_16_i_1_n_0 |                      |                8 |             32 |         4.00 |
|  CLK_IBUF_BUFG | dmem/mem_reg_2816_3071_24_24_i_1_n_0   |                      |                8 |             32 |         4.00 |
|  CLK_IBUF_BUFG | dmem/mem_reg_27136_27391_24_24_i_1_n_0 |                      |                8 |             32 |         4.00 |
|  CLK_IBUF_BUFG | dmem/mem_reg_16640_16895_0_0_i_1_n_0   |                      |                8 |             32 |         4.00 |
|  CLK_IBUF_BUFG | dmem/mem_reg_28416_28671_0_0_i_1_n_0   |                      |                8 |             32 |         4.00 |
|  CLK_IBUF_BUFG | dmem/mem_reg_17664_17919_16_16_i_1_n_0 |                      |                8 |             32 |         4.00 |
|  CLK_IBUF_BUFG | dmem/mem_reg_17664_17919_0_0_i_1_n_0   |                      |                8 |             32 |         4.00 |
|  CLK_IBUF_BUFG | dmem/mem_reg_25344_25599_8_8_i_1_n_0   |                      |                8 |             32 |         4.00 |
|  CLK_IBUF_BUFG | dmem/mem_reg_24832_25087_16_16_i_1_n_0 |                      |                8 |             32 |         4.00 |
|  CLK_IBUF_BUFG | dmem/mem_reg_19456_19711_16_16_i_1_n_0 |                      |                8 |             32 |         4.00 |
|  CLK_IBUF_BUFG | dmem/mem_reg_19456_19711_0_0_i_1_n_0   |                      |                8 |             32 |         4.00 |
|  CLK_IBUF_BUFG | dmem/mem_reg_19200_19455_16_16_i_1_n_0 |                      |                8 |             32 |         4.00 |
|  CLK_IBUF_BUFG | dmem/mem_reg_18432_18687_24_24_i_1_n_0 |                      |                8 |             32 |         4.00 |
|  CLK_IBUF_BUFG | dmem/mem_reg_3328_3583_24_24_i_1_n_0   |                      |                8 |             32 |         4.00 |
|  CLK_IBUF_BUFG | dmem/mem_reg_4352_4607_24_24_i_1_n_0   |                      |                8 |             32 |         4.00 |
|  CLK_IBUF_BUFG | dmem/mem_reg_4352_4607_16_16_i_1_n_0   |                      |                8 |             32 |         4.00 |
|  CLK_IBUF_BUFG | dmem/mem_reg_4096_4351_8_8_i_1_n_0     |                      |                8 |             32 |         4.00 |
|  CLK_IBUF_BUFG | dmem/mem_reg_4096_4351_24_24_i_1_n_0   |                      |                8 |             32 |         4.00 |
|  CLK_IBUF_BUFG | dmem/mem_reg_4096_4351_16_16_i_1_n_0   |                      |                8 |             32 |         4.00 |
|  CLK_IBUF_BUFG | dmem/mem_reg_4096_4351_0_0_i_1_n_0     |                      |                8 |             32 |         4.00 |
|  CLK_IBUF_BUFG | dmem/mem_reg_3840_4095_8_8_i_1_n_0     |                      |                8 |             32 |         4.00 |
|  CLK_IBUF_BUFG | dmem/mem_reg_3840_4095_24_24_i_1_n_0   |                      |                8 |             32 |         4.00 |
|  CLK_IBUF_BUFG | dmem/mem_reg_3840_4095_16_16_i_1_n_0   |                      |                8 |             32 |         4.00 |
|  CLK_IBUF_BUFG | dmem/mem_reg_3840_4095_0_0_i_1_n_0     |                      |                8 |             32 |         4.00 |
|  CLK_IBUF_BUFG | dmem/mem_reg_3584_3839_8_8_i_1_n_0     |                      |                8 |             32 |         4.00 |
|  CLK_IBUF_BUFG | dmem/mem_reg_3584_3839_24_24_i_1_n_0   |                      |                8 |             32 |         4.00 |
|  CLK_IBUF_BUFG | dmem/mem_reg_3584_3839_16_16_i_1_n_0   |                      |                8 |             32 |         4.00 |
|  CLK_IBUF_BUFG | dmem/mem_reg_3584_3839_0_0_i_1_n_0     |                      |                8 |             32 |         4.00 |
|  CLK_IBUF_BUFG | dmem/mem_reg_3328_3583_8_8_i_1_n_0     |                      |                8 |             32 |         4.00 |
|  CLK_IBUF_BUFG | dmem/mem_reg_4608_4863_0_0_i_1_n_0     |                      |                8 |             32 |         4.00 |
|  CLK_IBUF_BUFG | dmem/mem_reg_3328_3583_16_16_i_1_n_0   |                      |                8 |             32 |         4.00 |
|  CLK_IBUF_BUFG | dmem/mem_reg_3328_3583_0_0_i_1_n_0     |                      |                8 |             32 |         4.00 |
|  CLK_IBUF_BUFG | dmem/mem_reg_32512_32767_8_8_i_1_n_0   |                      |                8 |             32 |         4.00 |
|  CLK_IBUF_BUFG | dmem/mem_reg_32512_32767_24_24_i_1_n_0 |                      |                8 |             32 |         4.00 |
|  CLK_IBUF_BUFG | dmem/mem_reg_32512_32767_16_16_i_1_n_0 |                      |                8 |             32 |         4.00 |
|  CLK_IBUF_BUFG | dmem/mem_reg_32512_32767_0_0_i_1_n_0   |                      |                8 |             32 |         4.00 |
|  CLK_IBUF_BUFG | dmem/mem_reg_32256_32511_8_8_i_1_n_0   |                      |                8 |             32 |         4.00 |
|  CLK_IBUF_BUFG | dmem/mem_reg_32256_32511_24_24_i_1_n_0 |                      |                8 |             32 |         4.00 |
|  CLK_IBUF_BUFG | dmem/mem_reg_32256_32511_16_16_i_1_n_0 |                      |                8 |             32 |         4.00 |
|  CLK_IBUF_BUFG | dmem/mem_reg_28928_29183_16_16_i_1_n_0 |                      |                8 |             32 |         4.00 |
|  CLK_IBUF_BUFG | dmem/mem_reg_28928_29183_0_0_i_1_n_0   |                      |                8 |             32 |         4.00 |
|  CLK_IBUF_BUFG | dmem/mem_reg_28672_28927_8_8_i_1_n_0   |                      |                8 |             32 |         4.00 |
|  CLK_IBUF_BUFG | dmem/mem_reg_1280_1535_0_0_i_1_n_0     |                      |                8 |             32 |         4.00 |
|  CLK_IBUF_BUFG | dmem/mem_reg_12800_13055_8_8_i_1_n_0   |                      |                8 |             32 |         4.00 |
|  CLK_IBUF_BUFG | dmem/mem_reg_12800_13055_16_16_i_1_n_0 |                      |                8 |             32 |         4.00 |
|  CLK_IBUF_BUFG | dmem/mem_reg_5376_5631_16_16_i_1_n_0   |                      |                8 |             32 |         4.00 |
|  CLK_IBUF_BUFG | dmem/mem_reg_10496_10751_8_8_i_1_n_0   |                      |                8 |             32 |         4.00 |
|  CLK_IBUF_BUFG | dmem/mem_reg_1024_1279_0_0_i_1_n_0     |                      |                8 |             32 |         4.00 |
|  CLK_IBUF_BUFG | dmem/mem_reg_10240_10495_24_24_i_1_n_0 |                      |                8 |             32 |         4.00 |
|  CLK_IBUF_BUFG | dmem/mem_reg_10240_10495_0_0_i_1_n_0   |                      |                8 |             32 |         4.00 |
|  CLK_IBUF_BUFG | dmem/mem_reg_19712_19967_24_24_i_1_n_0 |                      |                8 |             32 |         4.00 |
|  CLK_IBUF_BUFG | dmem/mem_reg_19712_19967_16_16_i_1_n_0 |                      |                8 |             32 |         4.00 |
|  CLK_IBUF_BUFG | dmem/mem_reg_19712_19967_0_0_i_1_n_0   |                      |                8 |             32 |         4.00 |
|  CLK_IBUF_BUFG | dmem/mem_reg_19456_19711_8_8_i_1_n_0   |                      |                8 |             32 |         4.00 |
|  CLK_IBUF_BUFG | dmem/mem_reg_5888_6143_24_24_i_1_n_0   |                      |                8 |             32 |         4.00 |
|  CLK_IBUF_BUFG | dmem/mem_reg_5888_6143_0_0_i_1_n_0     |                      |                8 |             32 |         4.00 |
|  CLK_IBUF_BUFG | dmem/mem_reg_5632_5887_8_8_i_1_n_0     |                      |                8 |             32 |         4.00 |
|  CLK_IBUF_BUFG | dmem/mem_reg_5632_5887_24_24_i_1_n_0   |                      |                8 |             32 |         4.00 |
|  CLK_IBUF_BUFG | dmem/mem_reg_5632_5887_16_16_i_1_n_0   |                      |                8 |             32 |         4.00 |
|  CLK_IBUF_BUFG | dmem/mem_reg_5632_5887_0_0_i_1_n_0     |                      |                8 |             32 |         4.00 |
|  CLK_IBUF_BUFG | dmem/mem_reg_5376_5631_24_24_i_1_n_0   |                      |                8 |             32 |         4.00 |
|  CLK_IBUF_BUFG | dmem/mem_reg_2816_3071_8_8_i_1_n_0     |                      |                8 |             32 |         4.00 |
|  CLK_IBUF_BUFG | dmem/mem_reg_5376_5631_0_0_i_1_n_0     |                      |                8 |             32 |         4.00 |
|  CLK_IBUF_BUFG | dmem/mem_reg_512_767_8_8_i_1_n_0       |                      |                8 |             32 |         4.00 |
|  CLK_IBUF_BUFG | dmem/mem_reg_512_767_24_24_i_1_n_0     |                      |                8 |             32 |         4.00 |
|  CLK_IBUF_BUFG | dmem/mem_reg_512_767_16_16_i_1_n_0     |                      |                8 |             32 |         4.00 |
|  CLK_IBUF_BUFG | dmem/mem_reg_512_767_0_0_i_1_n_0       |                      |                8 |             32 |         4.00 |
|  CLK_IBUF_BUFG | dmem/mem_reg_5120_5375_8_8_i_1_n_0     |                      |                8 |             32 |         4.00 |
|  CLK_IBUF_BUFG | dmem/mem_reg_5120_5375_24_24_i_1_n_0   |                      |                8 |             32 |         4.00 |
|  CLK_IBUF_BUFG | dmem/mem_reg_5120_5375_0_0_i_1_n_0     |                      |                8 |             32 |         4.00 |
|  CLK_IBUF_BUFG | dmem/mem_reg_4864_5119_8_8_i_1_n_0     |                      |                8 |             32 |         4.00 |
|  CLK_IBUF_BUFG | dmem/mem_reg_4864_5119_24_24_i_1_n_0   |                      |                8 |             32 |         4.00 |
|  CLK_IBUF_BUFG | dmem/mem_reg_4864_5119_16_16_i_1_n_0   |                      |                8 |             32 |         4.00 |
|  CLK_IBUF_BUFG | dmem/mem_reg_4864_5119_0_0_i_1_n_0     |                      |                8 |             32 |         4.00 |
|  CLK_IBUF_BUFG | dmem/mem_reg_4608_4863_8_8_i_1_n_0     |                      |                8 |             32 |         4.00 |
|  CLK_IBUF_BUFG | dmem/mem_reg_4608_4863_24_24_i_1_n_0   |                      |                8 |             32 |         4.00 |
|  CLK_IBUF_BUFG | dmem/mem_reg_4608_4863_16_16_i_1_n_0   |                      |                8 |             32 |         4.00 |
|  CLK_IBUF_BUFG | dmem/mem_reg_5888_6143_16_16_i_1_n_0   |                      |                8 |             32 |         4.00 |
|  CLK_IBUF_BUFG | dmem/mem_reg_27904_28159_8_8_i_1_n_0   |                      |                8 |             32 |         4.00 |
|  CLK_IBUF_BUFG | dmem/mem_reg_27392_27647_8_8_i_1_n_0   |                      |                8 |             32 |         4.00 |
|  CLK_IBUF_BUFG | dmem/mem_reg_18688_18943_8_8_i_1_n_0   |                      |                8 |             32 |         4.00 |
|  CLK_IBUF_BUFG | dmem/mem_reg_17408_17663_24_24_i_1_n_0 |                      |                8 |             32 |         4.00 |
|  CLK_IBUF_BUFG | dmem/mem_reg_17408_17663_16_16_i_1_n_0 |                      |                8 |             32 |         4.00 |
|  CLK_IBUF_BUFG | dmem/mem_reg_0_255_24_24_i_2_n_0       |                      |                8 |             32 |         4.00 |
|  CLK_IBUF_BUFG | dmem/mem_reg_0_255_16_16_i_2_n_0       |                      |                8 |             32 |         4.00 |
|  CLK_IBUF_BUFG | dmem/mem_reg_31744_31999_24_24_i_1_n_0 |                      |                8 |             32 |         4.00 |
|  CLK_IBUF_BUFG | dmem/mem_reg_31744_31999_0_0_i_1_n_0   |                      |                8 |             32 |         4.00 |
|  CLK_IBUF_BUFG | dmem/mem_reg_31488_31743_8_8_i_1_n_0   |                      |                8 |             32 |         4.00 |
|  CLK_IBUF_BUFG | dmem/mem_reg_31488_31743_24_24_i_1_n_0 |                      |                8 |             32 |         4.00 |
|  CLK_IBUF_BUFG | dmem/mem_reg_22784_23039_24_24_i_1_n_0 |                      |                8 |             32 |         4.00 |
|  CLK_IBUF_BUFG | dmem/mem_reg_21248_21503_8_8_i_1_n_0   |                      |                8 |             32 |         4.00 |
|  CLK_IBUF_BUFG | dmem/mem_reg_2048_2303_16_16_i_1_n_0   |                      |                8 |             32 |         4.00 |
|  CLK_IBUF_BUFG | dmem/mem_reg_19712_19967_8_8_i_1_n_0   |                      |                8 |             32 |         4.00 |
|  CLK_IBUF_BUFG | dmem/mem_reg_12288_12543_0_0_i_1_n_0   |                      |                8 |             32 |         4.00 |
|  CLK_IBUF_BUFG | dmem/mem_reg_5376_5631_8_8_i_1_n_0     |                      |                8 |             32 |         4.00 |
|  CLK_IBUF_BUFG | dmem/mem_reg_5120_5375_16_16_i_1_n_0   |                      |                8 |             32 |         4.00 |
|  CLK_IBUF_BUFG | dmem/mem_reg_4352_4607_8_8_i_1_n_0     |                      |                8 |             32 |         4.00 |
|  CLK_IBUF_BUFG | dmem/mem_reg_4352_4607_0_0_i_1_n_0     |                      |                8 |             32 |         4.00 |
|  CLK_IBUF_BUFG | dmem/mem_reg_32256_32511_0_0_i_1_n_0   |                      |                8 |             32 |         4.00 |
|  CLK_IBUF_BUFG | dmem/mem_reg_31488_31743_16_16_i_1_n_0 |                      |                8 |             32 |         4.00 |
|  CLK_IBUF_BUFG | dmem/mem_reg_2816_3071_0_0_i_1_n_0     |                      |                8 |             32 |         4.00 |
|  CLK_IBUF_BUFG | dmem/mem_reg_8192_8447_8_8_i_2_n_0     |                      |                8 |             32 |         4.00 |
|  CLK_IBUF_BUFG | dmem/mem_reg_7936_8191_24_24_i_1_n_0   |                      |                8 |             32 |         4.00 |
|  CLK_IBUF_BUFG | dmem/mem_reg_6912_7167_24_24_i_1_n_0   |                      |                8 |             32 |         4.00 |
|  CLK_IBUF_BUFG | dmem/mem_reg_6400_6655_16_16_i_1_n_0   |                      |                8 |             32 |         4.00 |
|  CLK_IBUF_BUFG | dmem/mem_reg_31488_31743_0_0_i_1_n_0   |                      |                8 |             32 |         4.00 |
|  CLK_IBUF_BUFG | dmem/mem_reg_31232_31487_8_8_i_1_n_0   |                      |                8 |             32 |         4.00 |
|  CLK_IBUF_BUFG | dmem/mem_reg_31744_31999_16_16_i_1_n_0 |                      |                8 |             32 |         4.00 |
|  CLK_IBUF_BUFG | dmem/mem_reg_26624_26879_16_16_i_1_n_0 |                      |                8 |             32 |         4.00 |
|  CLK_IBUF_BUFG | dmem/mem_reg_28160_28415_16_16_i_1_n_0 |                      |                8 |             32 |         4.00 |
|  CLK_IBUF_BUFG | dmem/mem_reg_12288_12543_16_16_i_1_n_0 |                      |                8 |             32 |         4.00 |
|  CLK_IBUF_BUFG | dmem/mem_reg_12032_12287_8_8_i_1_n_0   |                      |                8 |             32 |         4.00 |
|  CLK_IBUF_BUFG | dmem/mem_reg_12032_12287_24_24_i_1_n_0 |                      |                8 |             32 |         4.00 |
|  CLK_IBUF_BUFG | dmem/mem_reg_11776_12031_8_8_i_1_n_0   |                      |                8 |             32 |         4.00 |
|  CLK_IBUF_BUFG | dmem/mem_reg_11776_12031_16_16_i_1_n_0 |                      |                8 |             32 |         4.00 |
|  CLK_IBUF_BUFG | dmem/mem_reg_11520_11775_16_16_i_1_n_0 |                      |                8 |             32 |         4.00 |
|  CLK_IBUF_BUFG | dmem/mem_reg_11264_11519_8_8_i_1_n_0   |                      |                8 |             32 |         4.00 |
|  CLK_IBUF_BUFG | dmem/mem_reg_11264_11519_24_24_i_1_n_0 |                      |                8 |             32 |         4.00 |
|  CLK_IBUF_BUFG | dmem/mem_reg_11264_11519_16_16_i_1_n_0 |                      |                8 |             32 |         4.00 |
|  CLK_IBUF_BUFG | dmem/mem_reg_11264_11519_0_0_i_1_n_0   |                      |                8 |             32 |         4.00 |
|  CLK_IBUF_BUFG | dmem/mem_reg_11008_11263_8_8_i_1_n_0   |                      |                8 |             32 |         4.00 |
|  CLK_IBUF_BUFG | dmem/mem_reg_1024_1279_16_16_i_1_n_0   |                      |                8 |             32 |         4.00 |
|  CLK_IBUF_BUFG | dmem/mem_reg_10240_10495_8_8_i_1_n_0   |                      |                8 |             32 |         4.00 |
|  CLK_IBUF_BUFG | dmem/mem_reg_30976_31231_24_24_i_1_n_0 |                      |                8 |             32 |         4.00 |
|  CLK_IBUF_BUFG | dmem/mem_reg_30976_31231_0_0_i_1_n_0   |                      |                8 |             32 |         4.00 |
|  CLK_IBUF_BUFG | dmem/mem_reg_3072_3327_0_0_i_1_n_0     |                      |                8 |             32 |         4.00 |
|  CLK_IBUF_BUFG | dmem/mem_reg_28160_28415_0_0_i_1_n_0   |                      |                8 |             32 |         4.00 |
|  CLK_IBUF_BUFG | dmem/mem_reg_28672_28927_24_24_i_1_n_0 |                      |                8 |             32 |         4.00 |
|  CLK_IBUF_BUFG | dmem/mem_reg_29440_29695_0_0_i_1_n_0   |                      |                8 |             32 |         4.00 |
|  CLK_IBUF_BUFG | dmem/mem_reg_1536_1791_8_8_i_1_n_0     |                      |                8 |             32 |         4.00 |
|  CLK_IBUF_BUFG | dmem/mem_reg_15616_15871_0_0_i_1_n_0   |                      |                8 |             32 |         4.00 |
|  CLK_IBUF_BUFG | dmem/mem_reg_15616_15871_16_16_i_1_n_0 |                      |                8 |             32 |         4.00 |
|  CLK_IBUF_BUFG | dmem/mem_reg_15616_15871_24_24_i_1_n_0 |                      |                8 |             32 |         4.00 |
|  CLK_IBUF_BUFG | dmem/mem_reg_15616_15871_8_8_i_1_n_0   |                      |                8 |             32 |         4.00 |
|  CLK_IBUF_BUFG | dmem/mem_reg_15872_16127_24_24_i_1_n_0 |                      |                8 |             32 |         4.00 |
|  CLK_IBUF_BUFG | dmem/mem_reg_15872_16127_8_8_i_1_n_0   |                      |                8 |             32 |         4.00 |
|  CLK_IBUF_BUFG | dmem/mem_reg_16128_16383_0_0_i_1_n_0   |                      |                8 |             32 |         4.00 |
|  CLK_IBUF_BUFG | dmem/mem_reg_16128_16383_16_16_i_1_n_0 |                      |                8 |             32 |         4.00 |
|  CLK_IBUF_BUFG | dmem/mem_reg_16128_16383_24_24_i_1_n_0 |                      |                8 |             32 |         4.00 |
|  CLK_IBUF_BUFG | dmem/mem_reg_30720_30975_8_8_i_1_n_0   |                      |                8 |             32 |         4.00 |
|  CLK_IBUF_BUFG | dmem/mem_reg_3072_3327_24_24_i_1_n_0   |                      |                8 |             32 |         4.00 |
|  CLK_IBUF_BUFG | rf/p_0_in__0                           |                      |               11 |             88 |         8.00 |
|  CLK_IBUF_BUFG | IF_ID_IR[31]_i_2_n_0                   | IF_ID_IR[31]_i_1_n_0 |               25 |             94 |         3.76 |
|  CLK_IBUF_BUFG |                                        | ID_EX_PC0            |               50 |            188 |         3.76 |
|  CLK_IBUF_BUFG |                                        | RST                  |              188 |            342 |         1.82 |
+----------------+----------------------------------------+----------------------+------------------+----------------+--------------+


